Component: ARM Compiler 5.06 update 6 (build 750) Tool: armlink [4d35ed]

==============================================================================

Section Cross References

    startup_stm32f10x_hd.o(RESET) refers to startup_stm32f10x_hd.o(STACK) for __initial_sp
    startup_stm32f10x_hd.o(RESET) refers to startup_stm32f10x_hd.o(.text) for Reset_Handler
    startup_stm32f10x_hd.o(RESET) refers to stm32f10x_it.o(.text) for NMI_Handler
    startup_stm32f10x_hd.o(RESET) refers to bsp_usart3.o(.text) for USART3_IRQHandler
    startup_stm32f10x_hd.o(.text) refers to system_stm32f10x.o(.text) for SystemInit
    startup_stm32f10x_hd.o(.text) refers to entry.o(.ARM.Collect$$$$00000000) for __main
    system_stm32f10x.o(.text) refers to system_stm32f10x.o(.data) for SystemCoreClock
    stm32f10x_adc.o(.text) refers to stm32f10x_rcc.o(.text) for RCC_APB2PeriphResetCmd
    stm32f10x_bkp.o(.text) refers to stm32f10x_rcc.o(.text) for RCC_BackupResetCmd
    stm32f10x_can.o(.text) refers to stm32f10x_rcc.o(.text) for RCC_APB1PeriphResetCmd
    stm32f10x_cec.o(.text) refers to stm32f10x_rcc.o(.text) for RCC_APB1PeriphResetCmd
    stm32f10x_dac.o(.text) refers to stm32f10x_rcc.o(.text) for RCC_APB1PeriphResetCmd
    stm32f10x_gpio.o(.text) refers to stm32f10x_rcc.o(.text) for RCC_APB2PeriphResetCmd
    stm32f10x_i2c.o(.text) refers to stm32f10x_rcc.o(.text) for RCC_APB1PeriphResetCmd
    stm32f10x_pwr.o(.text) refers to stm32f10x_rcc.o(.text) for RCC_APB1PeriphResetCmd
    stm32f10x_rcc.o(.text) refers to stm32f10x_rcc.o(.data) for APBAHBPrescTable
    stm32f10x_spi.o(.text) refers to stm32f10x_rcc.o(.text) for RCC_APB2PeriphResetCmd
    stm32f10x_tim.o(.text) refers to stm32f10x_rcc.o(.text) for RCC_APB2PeriphResetCmd
    stm32f10x_usart.o(.text) refers to stm32f10x_rcc.o(.text) for RCC_APB2PeriphResetCmd
    stm32f10x_wwdg.o(.text) refers to stm32f10x_rcc.o(.text) for RCC_APB1PeriphResetCmd
    main.o(.text) refers to bsp_usart1.o(.text) for NVIC_Configuration
    main.o(.text) refers to ultrasonicwave.o(.text) for UltrasonicWave_Configuration
    main.o(.text) refers to bsp_generaltim.o(.text) for GENERAL_TIM_Init
    main.o(.text) refers to printfa.o(i.__0printf) for __2printf
    main.o(.text) refers to bsp_delay.o(.text) for delayMs
    stm32f10x_it.o(.text) refers to printfa.o(i.__0printf) for __2printf
    stm32f10x_it.o(.text) refers to bsp_systick.o(.text) for TimingDelay_Decrement
    stm32f10x_it.o(.text) refers to gps_config.o(.text) for GPS_ProcessDMAIRQ
    stm32f10x_it.o(.text) refers to stm32f10x_tim.o(.text) for TIM_GetITStatus
    stm32f10x_it.o(.text) refers to stm32f10x_exti.o(.text) for EXTI_GetITStatus
    stm32f10x_it.o(.text) refers to bsp_generaltim.o(.data) for TIM_ICUserValueStructure2
    stm32f10x_it.o(.text) refers to main.o(.data) for direction_flag
    bsp_systick.o(.text) refers to system_stm32f10x.o(.data) for SystemCoreClock
    bsp_systick.o(.text) refers to bsp_systick.o(.data) for TimingDelay
    bsp_usart1.o(.text) refers to stm32f10x_rcc.o(.text) for RCC_APB2PeriphClockCmd
    bsp_usart1.o(.text) refers to stm32f10x_gpio.o(.text) for GPIO_Init
    bsp_usart1.o(.text) refers to stm32f10x_usart.o(.text) for USART_Init
    bsp_usart1.o(.text) refers to misc.o(.text) for NVIC_PriorityGroupConfig
    gps.o(.text) refers to context.o(.text) for nmea_property
    gps.o(.text) refers to info.o(.text) for nmea_zero_INFO
    gps.o(.text) refers to parser.o(.text) for nmea_parser_init
    gps.o(.text) refers to memcpya.o(.text) for __aeabi_memcpy4
    gps.o(.text) refers to gps_config.o(.text) for GMTconvert
    gps.o(.text) refers to ddiv.o(.text) for __aeabi_ddiv
    gps.o(.text) refers to dfixi.o(.text) for __aeabi_d2iz
    gps.o(.text) refers to dflti.o(.text) for __aeabi_i2d
    gps.o(.text) refers to dadd.o(.text) for __aeabi_drsub
    gps.o(.text) refers to printfa.o(i.__0sprintf) for __2sprintf
    gps.o(.text) refers to printfa.o(i.__0printf) for __2printf
    gps.o(.text) refers to sim900a.o(.text) for sim900a_gprs_send
    gps.o(.text) refers to bsp_usart3.o(.text) for clean_usart3_Rxbuf
    gps.o(.text) refers to bsp_systick.o(.text) for Delay_ms
    gps.o(.text) refers to gps_config.o(.data) for GPS_HalfTransferEnd
    gps.o(.text) refers to gps_config.o(.bss) for gps_rbuff
    gps_config.o(.text) refers to misc.o(.text) for NVIC_Init
    gps_config.o(.text) refers to stm32f10x_dma.o(.text) for DMA_GetITStatus
    gps_config.o(.text) refers to stm32f10x_rcc.o(.text) for RCC_AHBPeriphClockCmd
    gps_config.o(.text) refers to stm32f10x_usart.o(.text) for USART_DMACmd
    gps_config.o(.text) refers to bsp_usart2.o(.text) for USART2_Config
    gps_config.o(.text) refers to gps_config.o(.data) for GPS_HalfTransferEnd
    gps_config.o(.text) refers to gps_config.o(.bss) for gps_rbuff
    bsp_usart2.o(.text) refers to stm32f10x_rcc.o(.text) for RCC_APB2PeriphClockCmd
    bsp_usart2.o(.text) refers to stm32f10x_gpio.o(.text) for GPIO_Init
[...]
    malloc.o(i.malloc) refers to startup_stm32f10x_hd.o(HEAP) for __heap_base
    mallocr.o(i.__free$realloc) refers to mvars.o(.data) for __microlib_freelist
    mallocr.o(i.__malloc$realloc) refers to mallocr.o(i.internal_alloc) for internal_alloc
    mallocr.o(i.__malloc$realloc) refers to mvars.o(.data) for __microlib_freelist_initialised
    mallocr.o(i.__malloc$realloc) refers to startup_stm32f10x_hd.o(HEAP) for __heap_base
    mallocr.o(i.__malloc$realloc) refers to mvars.o(.data) for __microlib_freelist
    mallocr.o(i.internal_alloc) refers to memcpya.o(.text) for __aeabi_memcpy
    mallocr.o(i.internal_alloc) refers to mvars.o(.data) for __microlib_freelist
    mallocr.o(i.realloc) refers to mallocr.o(i.__free$realloc) for __free$realloc
    mallocr.o(i.realloc) refers to mallocr.o(i.internal_alloc) for internal_alloc
    mallocr.o(i.realloc) refers to mallocr.o(i.__malloc$realloc) for __malloc$realloc
    mallocr.o(i.realloc) refers to mvars.o(.data) for __microlib_freelist
    malloca.o(i.__aligned_malloc) refers to mvars.o(.data) for __microlib_freelist_initialised
    malloca.o(i.__aligned_malloc) refers to mvars.o(.data) for __microlib_freelist
    malloca.o(i.__aligned_malloc) refers to startup_stm32f10x_hd.o(HEAP) for __heap_base
    malloca.o(i.__free$memalign) refers to mvars.o(.data) for __microlib_freelist
    malloca.o(i.__malloc$memalign) refers to malloca.o(i.__aligned_malloc) for __aligned_malloc
    mallocra.o(i.__aligned_malloc$realloc) refers to mallocra.o(i.internal_alloc) for internal_alloc
    mallocra.o(i.__aligned_malloc$realloc) refers to mvars.o(.data) for __microlib_freelist_initialised
    mallocra.o(i.__aligned_malloc$realloc) refers to startup_stm32f10x_hd.o(HEAP) for __heap_base
    mallocra.o(i.__aligned_malloc$realloc) refers to mvars.o(.data) for __microlib_freelist
    mallocra.o(i.__free$realloc$memalign) refers to mvars.o(.data) for __microlib_freelist
    mallocra.o(i.__malloc$realloc$memalign) refers to mallocra.o(i.__aligned_malloc$realloc) for __aligned_malloc$realloc
    mallocra.o(i.__realloc$memalign) refers to mallocra.o(i.__free$realloc$memalign) for __free$realloc$memalign
    mallocra.o(i.__realloc$memalign) refers to mallocra.o(i.internal_alloc) for internal_alloc
    mallocra.o(i.__realloc$memalign) refers to mallocra.o(i.__malloc$realloc$memalign) for __malloc$realloc$memalign
    mallocra.o(i.__realloc$memalign) refers to mvars.o(.data) for __microlib_freelist
    mallocra.o(i.internal_alloc) refers to memcpya.o(.text) for __aeabi_memcpy
    mallocra.o(i.internal_alloc) refers to mvars.o(.data) for __microlib_freelist
    strtol.o(.text) refers to ctype_o.o(.text) for __rt_ctype_table
    strtol.o(.text) refers to _strtoul.o(.text) for _strtoul
    strtol.o(.text) refers to errno.o(i.__aeabi_errno_addr) for __aeabi_errno_addr
    dadd.o(.text) refers (Special) to iusefp.o(.text) for __I$use$fp
    dadd.o(.text) refers to llshl.o(.text) for __aeabi_llsl
    dadd.o(.text) refers to llsshr.o(.text) for __aeabi_lasr
    dadd.o(.text) refers to depilogue.o(.text) for _double_epilogue
    dmul.o(.text) refers (Special) to iusefp.o(.text) for __I$use$fp
    dmul.o(.text) refers to depilogue.o(.text) for _double_epilogue
    ddiv.o(.text) refers (Special) to iusefp.o(.text) for __I$use$fp
    ddiv.o(.text) refers to depilogue.o(.text) for _double_round
    dflti.o(.text) refers (Special) to iusefp.o(.text) for __I$use$fp
    dflti.o(.text) refers to depilogue.o(.text) for _double_epilogue
    dfixi.o(.text) refers (Special) to iusefp.o(.text) for __I$use$fp
    dfixi.o(.text) refers to llushr.o(.text) for __aeabi_llsr
    f2d.o(.text) refers (Special) to iusefp.o(.text) for __I$use$fp
    cdcmple.o(.text) refers (Special) to iusefp.o(.text) for __I$use$fp
    cdrcmple.o(.text) refers (Special) to iusefp.o(.text) for __I$use$fp
    d2f.o(.text) refers (Special) to iusefp.o(.text) for __I$use$fp
    d2f.o(.text) refers to fepilogue.o(.text) for _float_round
    cfcmple.o(.text) refers (Special) to iusefp.o(.text) for __I$use$fp
    cfrcmple.o(.text) refers (Special) to iusefp.o(.text) for __I$use$fp
    cos_i.o(i.__kernel_cos) refers (Special) to iusefp.o(.text) for __I$use$fp
    cos_i.o(i.__kernel_cos) refers to dfixi.o(.text) for __aeabi_d2iz
    cos_i.o(i.__kernel_cos) refers to dmul.o(.text) for __aeabi_dmul
    cos_i.o(i.__kernel_cos) refers to poly.o(i.__kernel_poly) for __kernel_poly
    cos_i.o(i.__kernel_cos) refers to dadd.o(.text) for __aeabi_dsub
    cos_i.o(i.__kernel_cos) refers to dscalb.o(.text) for __ARM_scalbn
    cos_i.o(i.__kernel_cos) refers to cos_i.o(.constdata) for .constdata
    cos_i.o(.constdata) refers (Special) to iusefp.o(.text) for __I$use$fp
    dunder.o(i.__mathlib_dbl_divzero) refers to ddiv.o(.text) for __aeabi_ddiv
    dunder.o(i.__mathlib_dbl_infnan) refers to dscalb.o(.text) for __ARM_scalbn
    dunder.o(i.__mathlib_dbl_infnan2) refers to dadd.o(.text) for __aeabi_dadd
    dunder.o(i.__mathlib_dbl_invalid) refers to ddiv.o(.text) for __aeabi_ddiv
    dunder.o(i.__mathlib_dbl_overflow) refers to dscalb.o(.text) for __ARM_scalbn
    dunder.o(i.__mathlib_dbl_posinfnan) refers to dmul.o(.text) for __aeabi_dmul
    dunder.o(i.__mathlib_dbl_underflow) refers to dscalb.o(.text) for __ARM_scalbn
    fpclassify.o(i.__ARM_fpclassify) refers (Special) to iusefp.o(.text) for __I$use$fp
    poly.o(i.__kernel_poly) refers (Special) to iusefp.o(.text) for __I$use$fp
    poly.o(i.__kernel_poly) refers to dmul.o(.text) for __aeabi_dmul
    poly.o(i.__kernel_poly) refers to dadd.o(.text) for __aeabi_dadd
    qnan.o(.constdata) refers (Special) to iusefp.o(.text) for __I$use$fp
    rred.o(i.__ieee754_rem_pio2) refers (Special) to iusefp.o(.text) for __I$use$fp
    rred.o(i.__ieee754_rem_pio2) refers to dadd.o(.text) for __aeabi_dsub
    rred.o(i.__ieee754_rem_pio2) refers to dmul.o(.text) for __aeabi_dmul
    rred.o(i.__ieee754_rem_pio2) refers to dfixi.o(.text) for __aeabi_d2iz
    rred.o(i.__ieee754_rem_pio2) refers to dflti.o(.text) for __aeabi_i2d
    rred.o(i.__ieee754_rem_pio2) refers to dfltui.o(.text) for __aeabi_ui2d
    rred.o(i.__ieee754_rem_pio2) refers to dscalb.o(.text) for __ARM_scalbn
    rred.o(i.__ieee754_rem_pio2) refers to rred.o(.constdata) for .constdata
    rred.o(i.__use_accurate_range_reduction) refers (Special) to iusefp.o(.text) for __I$use$fp
    rred.o(.constdata) refers (Special) to iusefp.o(.text) for __I$use$fp
    sin_i.o(i.__kernel_sin) refers (Special) to iusefp.o(.text) for __I$use$fp
    sin_i.o(i.__kernel_sin) refers to fpclassify.o(i.__ARM_fpclassify) for __ARM_fpclassify
    sin_i.o(i.__kernel_sin) refers to dunder.o(i.__mathlib_dbl_underflow) for __mathlib_dbl_underflow
    sin_i.o(i.__kernel_sin) refers to dmul.o(.text) for __aeabi_dmul
    sin_i.o(i.__kernel_sin) refers to poly.o(i.__kernel_poly) for __kernel_poly
    sin_i.o(i.__kernel_sin) refers to dscalb.o(.text) for __ARM_scalbn
    sin_i.o(i.__kernel_sin) refers to dadd.o(.text) for __aeabi_dsub
    sin_i.o(i.__kernel_sin) refers to sin_i.o(.constdata) for .constdata
    sin_i.o(.constdata) refers (Special) to iusefp.o(.text) for __I$use$fp
    sin_i_x.o(i.____kernel_sin$lsc) refers (Special) to iusefp.o(.text) for __I$use$fp
    sin_i_x.o(i.____kernel_sin$lsc) refers to dmul.o(.text) for __aeabi_dmul
    sin_i_x.o(i.____kernel_sin$lsc) refers to poly.o(i.__kernel_poly) for __kernel_poly
    sin_i_x.o(i.____kernel_sin$lsc) refers to dscalb.o(.text) for __ARM_scalbn
    sin_i_x.o(i.____kernel_sin$lsc) refers to dadd.o(.text) for __aeabi_dsub
    sin_i_x.o(i.____kernel_sin$lsc) refers to sin_i_x.o(.constdata) for .constdata
    sin_i_x.o(.constdata) refers (Special) to iusefp.o(.text) for __I$use$fp
    tan_i.o(i.__kernel_tan) refers (Special) to iusefp.o(.text) for __I$use$fp
    tan_i.o(i.__kernel_tan) refers to dfixi.o(.text) for __aeabi_d2iz
    tan_i.o(i.__kernel_tan) refers to dadd.o(.text) for __aeabi_drsub
    tan_i.o(i.__kernel_tan) refers to dmul.o(.text) for __aeabi_dmul
    tan_i.o(i.__kernel_tan) refers to poly.o(i.__kernel_poly) for __kernel_poly
    tan_i.o(i.__kernel_tan) refers to dflti.o(.text) for __aeabi_i2d
    tan_i.o(i.__kernel_tan) refers to ddiv.o(.text) for __aeabi_ddiv
    tan_i.o(i.__kernel_tan) refers to dscalb.o(.text) for __ARM_scalbn
    tan_i.o(i.__kernel_tan) refers to fpclassify.o(i.__ARM_fpclassify) for __ARM_fpclassify
    tan_i.o(i.__kernel_tan) refers to dunder.o(i.__mathlib_dbl_underflow) for __mathlib_dbl_underflow
    tan_i.o(i.__kernel_tan) refers to tan_i.o(.constdata) for .constdata
    tan_i.o(.constdata) refers (Special) to iusefp.o(.text) for __I$use$fp
    tan_i_x.o(i.____kernel_tan$lsc) refers (Special) to iusefp.o(.text) for __I$use$fp
    tan_i_x.o(i.____kernel_tan$lsc) refers to dfixi.o(.text) for __aeabi_d2iz
    tan_i_x.o(i.____kernel_tan$lsc) refers to dadd.o(.text) for __aeabi_drsub
    tan_i_x.o(i.____kernel_tan$lsc) refers to dmul.o(.text) for __aeabi_dmul
    tan_i_x.o(i.____kernel_tan$lsc) refers to poly.o(i.__kernel_poly) for __kernel_poly
    tan_i_x.o(i.____kernel_tan$lsc) refers to dflti.o(.text) for __aeabi_i2d
    tan_i_x.o(i.____kernel_tan$lsc) refers to ddiv.o(.text) for __aeabi_ddiv
    tan_i_x.o(i.____kernel_tan$lsc) refers to dscalb.o(.text) for __ARM_scalbn
    tan_i_x.o(i.____kernel_tan$lsc) refers to tan_i_x.o(.constdata) for .constdata
    tan_i_x.o(.constdata) refers (Special) to iusefp.o(.text) for __I$use$fp
    entry2.o(.ARM.Collect$$$$00000001) refers to entry2.o(.ARM.Collect$$$$00002712) for __lit__00000000
    entry2.o(.ARM.Collect$$$$00002712) refers to startup_stm32f10x_hd.o(STACK) for __initial_sp
    entry2.o(__vectab_stack_and_reset_area) refers to startup_stm32f10x_hd.o(STACK) for __initial_sp
    entry2.o(__vectab_stack_and_reset_area) refers to entry.o(.ARM.Collect$$$$00000000) for __main
    entry5.o(.ARM.Collect$$$$00000004) refers to init.o(.text) for __scatterload
    entry9a.o(.ARM.Collect$$$$0000000B) refers to main.o(.text) for main
    entry9b.o(.ARM.Collect$$$$0000000C) refers to main.o(.text) for main
    uldiv.o(.text) refers to llushr.o(.text) for __aeabi_llsr
    uldiv.o(.text) refers to llshl.o(.text) for __aeabi_llsl
    errno.o(i.__aeabi_errno_addr) refers to errno.o(.data) for .data
    errno.o(i.__read_errno) refers to errno.o(.data) for .data
    errno.o(i.__set_errno) refers to errno.o(.data) for .data
    _strtoul.o(.text) refers to _chval.o(.text) for _chval
    _strtoul.o(.text) refers to errno.o(i.__aeabi_errno_addr) for __aeabi_errno_addr
    strtod.o(.text) refers to scanf_fp.o(.text) for _scanf_real
    strtod.o(.text) refers to _sgetc.o(.text) for _sgetc
    strtod.o(.text) refers to isspace_o.o(.text) for isspace
    depilogue.o(.text) refers to llshl.o(.text) for __aeabi_llsl
    depilogue.o(.text) refers to llushr.o(.text) for __aeabi_llsr
    dsqrt.o(.text) refers to llushr.o(.text) for __aeabi_llsr
    dsqrt.o(.text) refers to depilogue.o(.text) for _double_round
    dfixul.o(.text) refers to llushr.o(.text) for __aeabi_llsr
    dfixul.o(.text) refers to llshl.o(.text) for __aeabi_llsl
    init.o(.text) refers to entry5.o(.ARM.Collect$$$$00000004) for __main_after_scatterload
    isspace_c.o(.text) refers to ctype_c.o(.text) for __ctype_lookup
    scanf_fp.o(.text) refers (Special) to iusefp.o(.text) for __I$use$fp
    scanf_fp.o(.text) refers to dfltul.o(.text) for __aeabi_ul2d
    scanf_fp.o(.text) refers to dmul.o(.text) for __aeabi_dmul
    scanf_fp.o(.text) refers to ddiv.o(.text) for __aeabi_ddiv
    scanf_fp.o(.text) refers to scanf_fp.o(i._is_digit) for _is_digit
    scanf_fp.o(.text) refers to d2f.o(.text) for __aeabi_d2f
    dfltui.o(.text) refers to depilogue.o(.text) for _double_epilogue
    ctype_c.o(.text) refers to ctype_c.o(.constdata) for .constdata
    dfltul.o(.text) refers to depilogue.o(.text) for _double_epilogue
    scanf_fp.o(i._is_digit) refers (Special) to iusefp.o(.text) for __I$use$fp


==============================================================================

Removing Unused input sections from the image.

    Removing startup_stm32f10x_hd.o(HEAP), (4096 bytes).
    Removing core_cm3.o(.emb_text), (32 bytes).
    Removing stm32f10x_adc.o(.text), (1102 bytes).
    Removing stm32f10x_bkp.o(.text), (196 bytes).
    Removing stm32f10x_can.o(.text), (2544 bytes).
    Removing stm32f10x_cec.o(.text), (288 bytes).
    Removing stm32f10x_crc.o(.text), (72 bytes).
    Removing stm32f10x_dac.o(.text), (396 bytes).
    Removing stm32f10x_dbgmcu.o(.text), (48 bytes).
    Removing stm32f10x_flash.o(.text), (1468 bytes).
    Removing stm32f10x_fsmc.o(.text), (1548 bytes).
    Removing stm32f10x_i2c.o(.text), (1028 bytes).
    Removing stm32f10x_iwdg.o(.text), (64 bytes).
    Removing stm32f10x_pwr.o(.text), (204 bytes).
    Removing stm32f10x_rtc.o(.text), (328 bytes).
    Removing stm32f10x_sdio.o(.text), (468 bytes).
    Removing stm32f10x_spi.o(.text), (780 bytes).
    Removing stm32f10x_wwdg.o(.text), (136 bytes).
    Removing gps.o(.text), (632 bytes).
    Removing sim900a.o(.text), (2724 bytes).
    Removing sim900a.o(.bss), (36 bytes).
    Removing sim900a.o(.conststring), (93 bytes).
    Removing sim900a.o(.data), (1 bytes).
    Removing context.o(.text), (172 bytes).
    Removing context.o(.data), (12 bytes).
    Removing generate.o(.text), (1468 bytes).
    Removing generate.o(.conststring), (380 bytes).
    Removing generator.o(.text), (1968 bytes).
    Removing generator.o(.data), (8 bytes).
    Removing gmath.o(.text), (5030 bytes).
    Removing info.o(.text), (30 bytes).
    Removing parse.o(.text), (2184 bytes).
    Removing parse.o(.conststring), (105 bytes).
    Removing parse.o(.data), (20 bytes).
    Removing parser.o(.text), (952 bytes).
    Removing tok.o(.text), (776 bytes).
    Removing time.o(.text), (24 bytes).
    Removing sentence.o(.text), (152 bytes).
    Removing bsp_angle.o(.text), (1556 bytes).
    Removing bsp_angle.o(.data), (32 bytes).
    Removing bsp_exti.o(.text), (116 bytes).
    Removing dflti.o(.text), (34 bytes).
    Removing dfixi.o(.text), (62 bytes).
    Removing f2d.o(.text), (38 bytes).
    Removing cdcmple.o(.text), (48 bytes).
    Removing d2f.o(.text), (56 bytes).
    Removing cfcmple.o(.text), (20 bytes).
    Removing cfrcmple.o(.text), (20 bytes).
    Removing fepilogue.o(.text), (110 bytes).
    Removing dscalb.o(.text), (46 bytes).
    Removing dsqrt.o(.text), (162 bytes).
    Removing dfltui.o(.text), (26 bytes).
    Removing dfltul.o(.text), (24 bytes).
    Removing gmath.o(i.__ARM_isnan), (36 bytes).

54 unused section(s) (total 33951 bytes) removed from the image.

==============================================================================

Image Symbol Table

    Local Symbols

    Symbol Name                              Value     Ov Type        Size  Object(Section)

    ../clib/microlib/ctype/ctype.c           0x00000000   Number         0  isdigit_o.o ABSOLUTE
    ../clib/microlib/ctype/ctype.c           0x00000000   Number         0  iscntrl_o.o ABSOLUTE
    ../clib/microlib/ctype/ctype.c           0x00000000   Number         0  isblank_o.o ABSOLUTE
    ../clib/microlib/ctype/ctype.c           0x00000000   Number         0  isalpha_o.o ABSOLUTE
    ../clib/microlib/ctype/ctype.c           0x00000000   Number         0  isalnum_o.o ABSOLUTE
    ../clib/microlib/ctype/ctype.c           0x00000000   Number         0  ctype_o.o ABSOLUTE
    ../clib/microlib/ctype/ctype.c           0x00000000   Number         0  isprint_o.o ABSOLUTE
    ../clib/microlib/ctype/ctype.c           0x00000000   Number         0  islower_o.o ABSOLUTE
    ../clib/microlib/ctype/ctype.c           0x00000000   Number         0  isspace_o.o ABSOLUTE
    ../clib/microlib/ctype/ctype.c           0x00000000   Number         0  ispunct_o.o ABSOLUTE
    ../clib/microlib/ctype/ctype.c           0x00000000   Number         0  ctype_c.o ABSOLUTE
    ../clib/microlib/ctype/ctype.c           0x00000000   Number         0  isupper_o.o ABSOLUTE
    ../clib/microlib/ctype/ctype.c           0x00000000   Number         0  isxdigit_o.o ABSOLUTE
    ../clib/microlib/ctype/ctype.c           0x00000000   Number         0  isgraph_o.o ABSOLUTE
    ../clib/microlib/ctype/ctype.c           0x00000000   Number         0  isspace_c.o ABSOLUTE
    ../clib/microlib/division.c              0x00000000   Number         0  uidiv.o ABSOLUTE
    ../clib/microlib/division.c              0x00000000   Number         0  uldiv.o ABSOLUTE
    ../clib/microlib/errno.c                 0x00000000   Number         0  errno.o ABSOLUTE
    ../clib/microlib/init/entry.s            0x00000000   Number         0  entry11a.o ABSOLUTE
    ../clib/microlib/init/entry.s            0x00000000   Number         0  entry10b.o ABSOLUTE
    ../clib/microlib/init/entry.s            0x00000000   Number         0  entry10a.o ABSOLUTE
    ../clib/microlib/init/entry.s            0x00000000   Number         0  entry9b.o ABSOLUTE
    ../clib/microlib/init/entry.s            0x00000000   Number         0  entry9a.o ABSOLUTE
    ../clib/microlib/init/entry.s            0x00000000   Number         0  entry.o ABSOLUTE
    ../clib/microlib/init/entry.s            0x00000000   Number         0  entry7b.o ABSOLUTE
    ../clib/microlib/init/entry.s            0x00000000   Number         0  entry8a.o ABSOLUTE
    ../clib/microlib/init/entry.s            0x00000000   Number         0  entry8b.o ABSOLUTE
    ../clib/microlib/init/entry.s            0x00000000   Number         0  entry11b.o ABSOLUTE
    ../clib/microlib/init/entry.s            0x00000000   Number         0  entry2.o ABSOLUTE
    ../clib/microlib/init/entry.s            0x00000000   Number         0  entry5.o ABSOLUTE
    ../clib/microlib/init/entry.s            0x00000000   Number         0  entry7a.o ABSOLUTE
    ../clib/microlib/longlong.c              0x00000000   Number         0  llshl.o ABSOLUTE
    ../clib/microlib/longlong.c              0x00000000   Number         0  llushr.o ABSOLUTE
    ../clib/microlib/longlong.c              0x00000000   Number         0  llsshr.o ABSOLUTE
    ../clib/microlib/malloc/malloc.c         0x00000000   Number         0  malloc.o ABSOLUTE
    ../clib/microlib/malloc/malloc.c         0x00000000   Number         0  mallocr.o ABSOLUTE
    ../clib/microlib/malloc/malloc.c         0x00000000   Number         0  malloca.o ABSOLUTE
    ../clib/microlib/malloc/malloc.c         0x00000000   Number         0  mallocra.o ABSOLUTE
    ../clib/microlib/malloc/mvars.c          0x00000000   Number         0  mvars.o ABSOLUTE
    ../clib/microlib/printf/printf.c         0x00000000   Number         0  printf1.o ABSOLUTE
    ../clib/microlib/printf/printf.c         0x00000000   Number         0  printf0.o ABSOLUTE
    ../clib/microlib/printf/printf.c         0x00000000   Number         0  printfb.o ABSOLUTE
    ../clib/microlib/printf/printf.c         0x00000000   Number         0  printf5.o ABSOLUTE
    ../clib/microlib/printf/printf.c         0x00000000   Number         0  printfa.o ABSOLUTE
    ../clib/microlib/printf/printf.c         0x00000000   Number         0  printf8.o ABSOLUTE
    ../clib/microlib/printf/printf.c         0x00000000   Number         0  printf7.o ABSOLUTE
    ../clib/microlib/printf/printf.c         0x00000000   Number         0  printf6.o ABSOLUTE
    ../clib/microlib/printf/printf.c         0x00000000   Number         0  printf4.o ABSOLUTE
    ../clib/microlib/printf/printf.c         0x00000000   Number         0  printf3.o ABSOLUTE
    ../clib/microlib/printf/printf.c         0x00000000   Number         0  printf2.o ABSOLUTE
    ../clib/microlib/printf/stubs.s          0x00000000   Number         0  stubs.o ABSOLUTE
    ../clib/microlib/stdlib/rand.c           0x00000000   Number         0  rand.o ABSOLUTE
    ../clib/microlib/string/memchr.c         0x00000000   Number         0  memchr.o ABSOLUTE
    ../clib/microlib/string/memcmp.c         0x00000000   Number         0  memcmp.o ABSOLUTE
    ../clib/microlib/string/memcpy.c         0x00000000   Number         0  memcpyb.o ABSOLUTE
    ../clib/microlib/string/memcpy.c         0x00000000   Number         0  memcpya.o ABSOLUTE
    ../clib/microlib/string/memset.c         0x00000000   Number         0  memseta.o ABSOLUTE
    ../clib/microlib/string/strcpy.c         0x00000000   Number         0  strcpy.o ABSOLUTE
    ../clib/microlib/string/strlen.c         0x00000000   Number         0  strlen.o ABSOLUTE
    ../clib/microlib/string/strstr.c         0x00000000   Number         0  strstr.o ABSOLUTE
    ../clib/microlib/stubs.s                 0x00000000   Number         0  iusefp.o ABSOLUTE
    ../clib/scanf.c                          0x00000000   Number         0  _chval.o ABSOLUTE
    ../clib/scanf.c                          0x00000000   Number         0  strtol.o ABSOLUTE
    ../clib/scanf.c                          0x00000000   Number         0  strtod.o ABSOLUTE
    ../clib/scanf.c                          0x00000000   Number         0  scanf_fp.o ABSOLUTE
    ../clib/scanf.c                          0x00000000   Number         0  _sgetc.o ABSOLUTE
    ../clib/scanf.c                          0x00000000   Number         0  _strtoul.o ABSOLUTE
    ../fplib/microlib/d2f.c                  0x00000000   Number         0  d2f.o ABSOLUTE
    ../fplib/microlib/f2d.c                  0x00000000   Number         0  f2d.o ABSOLUTE
    ../fplib/microlib/fpadd.c                0x00000000   Number         0  dadd.o ABSOLUTE
    ../fplib/microlib/fpdiv.c                0x00000000   Number         0  ddiv.o ABSOLUTE
    ../fplib/microlib/fpepilogue.c           0x00000000   Number         0  fepilogue.o ABSOLUTE
    ../fplib/microlib/fpepilogue.c           0x00000000   Number         0  depilogue.o ABSOLUTE
    ../fplib/microlib/fpfix.c                0x00000000   Number         0  dfixul.o ABSOLUTE
    ../fplib/microlib/fpfix.c                0x00000000   Number         0  dfixi.o ABSOLUTE
    ../fplib/microlib/fpflt.c                0x00000000   Number         0  dflti.o ABSOLUTE
    ../fplib/microlib/fpflt.c                0x00000000   Number         0  dfltul.o ABSOLUTE
    ../fplib/microlib/fpflt.c                0x00000000   Number         0  dfltui.o ABSOLUTE
    ../fplib/microlib/fpmul.c                0x00000000   Number         0  dmul.o ABSOLUTE
    ../fplib/microlib/fpscalb.c              0x00000000   Number         0  dscalb.o ABSOLUTE
    ../fplib/microlib/fpsqrt.c               0x00000000   Number         0  dsqrt.o ABSOLUTE
    ../mathlib/acos.c                        0x00000000   Number         0  acos.o ABSOLUTE
    ../mathlib/acos.c                        0x00000000   Number         0  acos_x.o ABSOLUTE
    ../mathlib/asin.c                        0x00000000   Number         0  asin.o ABSOLUTE
    ../mathlib/asin.c                        0x00000000   Number         0  asin_x.o ABSOLUTE
    ../mathlib/atan.c                        0x00000000   Number         0  atan.o ABSOLUTE
    ../mathlib/atan.c                        0x00000000   Number         0  atan_x.o ABSOLUTE
    ../mathlib/atan2.c                       0x00000000   Number         0  atan2_x.o ABSOLUTE
    ../mathlib/atan2.c                       0x00000000   Number         0  atan2.o ABSOLUTE
    ../mathlib/ceil.c                        0x00000000   Number         0  ceil.o ABSOLUTE
    ../mathlib/cos.c                         0x00000000   Number         0  cos.o ABSOLUTE
    ../mathlib/cos.c                         0x00000000   Number         0  cos_x.o ABSOLUTE
    ../mathlib/cos_i.c                       0x00000000   Number         0  cos_i.o ABSOLUTE
    ../mathlib/dunder.c                      0x00000000   Number         0  dunder.o ABSOLUTE
    ../mathlib/fpclassify.c                  0x00000000   Number         0  fpclassify.o ABSOLUTE
    ../mathlib/modf.c                        0x00000000   Number         0  modf.o ABSOLUTE
    ../mathlib/poly.c                        0x00000000   Number         0  poly.o ABSOLUTE
    ../mathlib/pow.c                         0x00000000   Number         0  pow_x.o ABSOLUTE
    ../mathlib/pow.c                         0x00000000   Number         0  pow.o ABSOLUTE
    ../mathlib/qnan.c                        0x00000000   Number         0  qnan.o ABSOLUTE
    ../mathlib/rred.c                        0x00000000   Number         0  rred.o ABSOLUTE
    ../mathlib/sin.c                         0x00000000   Number         0  sin_x.o ABSOLUTE
    ../mathlib/sin.c                         0x00000000   Number         0  sin.o ABSOLUTE
    ../mathlib/sin_i.c                       0x00000000   Number         0  sin_i.o ABSOLUTE
    ../mathlib/sin_i.c                       0x00000000   Number         0  sin_i_x.o ABSOLUTE
    ../mathlib/sqrt.c                        0x00000000   Number         0  sqrt_x.o ABSOLUTE
    ../mathlib/sqrt.c                        0x00000000   Number         0  sqrt.o ABSOLUTE
    ../mathlib/strtod.c                      0x00000000   Number         0  strtod.o ABSOLUTE
    ../mathlib/tan.c                         0x00000000   Number         0  tan.o ABSOLUTE
    ../mathlib/tan.c                         0x00000000   Number         0  tan_x.o ABSOLUTE
    ../mathlib/tan_i.c                       0x00000000   Number         0  tan_i_x.o ABSOLUTE
    ../mathlib/tan_i.c                       0x00000000   Number         0  tan_i.o ABSOLUTE
    ..\..\Libraries\CMSIS\core_cm3.c         0x00000000   Number         0  core_cm3.o ABSOLUTE
    ..\..\Libraries\CMSIS\startup\startup_stm32f10x_hd.s 0x00000000   Number         0  startup_stm32f10x_hd.o ABSOLUTE
    ..\..\Libraries\CMSIS\system_stm32f10x.c 0x00000000   Number         0  system_stm32f10x.o ABSOLUTE
    ..\..\Libraries\FWlib\src\misc.c         0x00000000   Number         0  misc.o ABSOLUTE
    ..\..\Libraries\FWlib\src\stm32f10x_adc.c 0x00000000   Number         0  stm32f10x_adc.o ABSOLUTE
    ..\..\Libraries\FWlib\src\stm32f10x_bkp.c 0x00000000   Number         0  stm32f10x_bkp.o ABSOLUTE
    ..\..\Libraries\FWlib\src\stm32f10x_can.c 0x00000000   Number         0  stm32f10x_can.o ABSOLUTE
    ..\..\Libraries\FWlib\src\stm32f10x_cec.c 0x00000000   Number         0  stm32f10x_cec.o ABSOLUTE
    ..\..\Libraries\FWlib\src\stm32f10x_crc.c 0x00000000   Number         0  stm32f10x_crc.o ABSOLUTE
    ..\..\Libraries\FWlib\src\stm32f10x_dac.c 0x00000000   Number         0  stm32f10x_dac.o ABSOLUTE
    ..\..\Libraries\FWlib\src\stm32f10x_dbgmcu.c 0x00000000   Number         0  stm32f10x_dbgmcu.o ABSOLUTE
    ..\..\Libraries\FWlib\src\stm32f10x_dma.c 0x00000000   Number         0  stm32f10x_dma.o ABSOLUTE
    ..\..\Libraries\FWlib\src\stm32f10x_exti.c 0x00000000   Number         0  stm32f10x_exti.o ABSOLUTE
    ..\..\Libraries\FWlib\src\stm32f10x_flash.c 0x00000000   Number         0  stm32f10x_flash.o ABSOLUTE
    ..\..\Libraries\FWlib\src\stm32f10x_fsmc.c 0x00000000   Number         0  stm32f10x_fsmc.o ABSOLUTE
    ..\..\Libraries\FWlib\src\stm32f10x_gpio.c 0x00000000   Number         0  stm32f10x_gpio.o ABSOLUTE
    ..\..\Libraries\FWlib\src\stm32f10x_i2c.c 0x00000000   Number         0  stm32f10x_i2c.o ABSOLUTE
    ..\..\Libraries\FWlib\src\stm32f10x_iwdg.c 0x00000000   Number         0  stm32f10x_iwdg.o ABSOLUTE
    ..\..\Libraries\FWlib\src\stm32f10x_pwr.c 0x00000000   Number         0  stm32f10x_pwr.o ABSOLUTE
    ..\..\Libraries\FWlib\src\stm32f10x_rcc.c 0x00000000   Number         0  stm32f10x_rcc.o ABSOLUTE
    ..\..\Libraries\FWlib\src\stm32f10x_rtc.c 0x00000000   Number         0  stm32f10x_rtc.o ABSOLUTE
    ..\..\Libraries\FWlib\src\stm32f10x_sdio.c 0x00000000   Number         0  stm32f10x_sdio.o ABSOLUTE
    ..\..\Libraries\FWlib\src\stm32f10x_spi.c 0x00000000   Number         0  stm32f10x_spi.o ABSOLUTE
    ..\..\Libraries\FWlib\src\stm32f10x_tim.c 0x00000000   Number         0  stm32f10x_tim.o ABSOLUTE
    ..\..\Libraries\FWlib\src\stm32f10x_usart.c 0x00000000   Number         0  stm32f10x_usart.o ABSOLUTE
    ..\..\Libraries\FWlib\src\stm32f10x_wwdg.c 0x00000000   Number         0  stm32f10x_wwdg.o ABSOLUTE
    ..\..\User\SysTick\bsp_SysTick.c         0x00000000   Number         0  bsp_systick.o ABSOLUTE
    ..\..\User\UltrasonicWave\UltrasonicWave.c 0x00000000   Number         0  ultrasonicwave.o ABSOLUTE
    ..\..\User\UltrasonicWave\bsp_GeneralTim.c 0x00000000   Number         0  bsp_generaltim.o ABSOLUTE
    ..\..\User\UltrasonicWave\bsp_delay.c    0x00000000   Number         0  bsp_delay.o ABSOLUTE
    ..\..\User\angle\bsp_angle.c             0x00000000   Number         0  bsp_angle.o ABSOLUTE
    ..\..\User\gprs\bsp_usart3.c             0x00000000   Number         0  bsp_usart3.o ABSOLUTE
    ..\..\User\gprs\sim900a.c                0x00000000   Number         0  sim900a.o ABSOLUTE
    ..\..\User\gps\gps.c                     0x00000000   Number         0  gps.o ABSOLUTE
    ..\..\User\gps\gps_config.c              0x00000000   Number         0  gps_config.o ABSOLUTE
    ..\..\User\key\bsp_exti.c                0x00000000   Number         0  bsp_exti.o ABSOLUTE
    ..\..\User\main.c                        0x00000000   Number         0  main.o ABSOLUTE
    ..\..\User\nmea_decode\src\context.c     0x00000000   Number         0  context.o ABSOLUTE
    ..\..\User\nmea_decode\src\generate.c    0x00000000   Number         0  generate.o ABSOLUTE
    ..\..\User\nmea_decode\src\generator.c   0x00000000   Number         0  generator.o ABSOLUTE
    ..\..\User\nmea_decode\src\gmath.c       0x00000000   Number         0  gmath.o ABSOLUTE
    ..\..\User\nmea_decode\src\info.c        0x00000000   Number         0  info.o ABSOLUTE
    ..\..\User\nmea_decode\src\parse.c       0x00000000   Number         0  parse.o ABSOLUTE
    ..\..\User\nmea_decode\src\parser.c      0x00000000   Number         0  parser.o ABSOLUTE
    ..\..\User\nmea_decode\src\sentence.c    0x00000000   Number         0  sentence.o ABSOLUTE
    ..\..\User\nmea_decode\src\time.c        0x00000000   Number         0  time.o ABSOLUTE
    ..\..\User\nmea_decode\src\tok.c         0x00000000   Number         0  tok.o ABSOLUTE
    ..\..\User\stm32f10x_it.c                0x00000000   Number         0  stm32f10x_it.o ABSOLUTE
    ..\..\User\usart\bsp_usart1.c            0x00000000   Number         0  bsp_usart1.o ABSOLUTE
    ..\..\User\usart\bsp_usart2.c            0x00000000   Number         0  bsp_usart2.o ABSOLUTE
    ..\\..\\Libraries\\CMSIS\\core_cm3.c     0x00000000   Number         0  core_cm3.o ABSOLUTE
    cdcmple.s                                0x00000000   Number         0  cdcmple.o ABSOLUTE
    cdrcmple.s                               0x00000000   Number         0  cdrcmple.o ABSOLUTE
    cfcmple.s                                0x00000000   Number         0  cfcmple.o ABSOLUTE
    cfrcmple.s                               0x00000000   Number         0  cfrcmple.o ABSOLUTE
    dc.s                                     0x00000000   Number         0  dc.o ABSOLUTE
    handlers.s                               0x00000000   Number         0  handlers.o ABSOLUTE
    init.s                                   0x00000000   Number         0  init.o ABSOLUTE
    RESET                                    0x08000000   Section      304  startup_stm32f10x_hd.o(RESET)
    .ARM.Collect$$$$00000000                 0x08000130   Section        0  entry.o(.ARM.Collect$$$$00000000)
    .ARM.Collect$$$$00000001                 0x08000130   Section        4  entry2.o(.ARM.Collect$$$$00000001)
    .ARM.Collect$$$$00000004                 0x08000134   Section        4  entry5.o(.ARM.Collect$$$$00000004)
    .ARM.Collect$$$$00000008                 0x08000138   Section        0  entry7b.o(.ARM.Collect$$$$00000008)
    .ARM.Collect$$$$0000000A                 0x08000138   Section        0  entry8b.o(.ARM.Collect$$$$0000000A)
    .ARM.Collect$$$$0000000B                 0x08000138   Section        8  entry9a.o(.ARM.Collect$$$$0000000B)
    .ARM.Collect$$$$0000000D                 0x08000140   Section        0  entry10a.o(.ARM.Collect$$$$0000000D)
    .ARM.Collect$$$$0000000F                 0x08000140   Section        0  entry11a.o(.ARM.Collect$$$$0000000F)
    .ARM.Collect$$$$00002712                 0x08000140   Section        4  entry2.o(.ARM.Collect$$$$00002712)
    __lit__00000000                          0x08000140   Data           4  entry2.o(.ARM.Collect$$$$00002712)
    .text                                    0x08000144   Section       36  startup_stm32f10x_hd.o(.text)
    .text                                    0x08000168   Section        0  system_stm32f10x.o(.text)
    SetSysClockTo72                          0x08000169   Thumb Code   214  system_stm32f10x.o(.text)
    SetSysClock                              0x0800023f   Thumb Code     8  system_stm32f10x.o(.text)
    .text                                    0x08000348   Section        0  misc.o(.text)
    .text                                    0x08000424   Section        0  stm32f10x_dma.o(.text)
    .text                                    0x08000678   Section        0  stm32f10x_exti.o(.text)
    .text                                    0x08000794   Section        0  stm32f10x_gpio.o(.text)
    .text                                    0x08000af0   Section        0  stm32f10x_rcc.o(.text)
    .text                                    0x08000e94   Section        0  stm32f10x_tim.o(.text)
    TI4_Config                               0x0800133b   Thumb Code   130  stm32f10x_tim.o(.text)
    TI3_Config                               0x080013cf   Thumb Code   122  stm32f10x_tim.o(.text)
    TI2_Config                               0x08001463   Thumb Code   130  stm32f10x_tim.o(.text)
    TI1_Config                               0x080014f7   Thumb Code   108  stm32f10x_tim.o(.text)
    .text                                    0x08001cb0   Section        0  stm32f10x_usart.o(.text)
    .text                                    0x080020b8   Section        0  main.o(.text)
    .text                                    0x080020f8   Section        0  stm32f10x_it.o(.text)
    .text                                    0x080023bc   Section        0  bsp_systick.o(.text)
    .text                                    0x08002488   Section        0  bsp_usart1.o(.text)
    .text                                    0x08002574   Section        0  gps_config.o(.text)
    GPS_Interrupt_Config                     0x08002575   Thumb Code    34  gps_config.o(.text)
    GPS_DMA_Config                           0x080025c9   Thumb Code   102  gps_config.o(.text)
    IsLeapYear                               0x0800263f   Thumb Code    50  gps_config.o(.text)
    .text                                    0x080027e8   Section        0  bsp_usart2.o(.text)
    itoa                                     0x0800285d   Thumb Code    98  bsp_usart2.o(.text)
    .text                                    0x08002a18   Section        0  bsp_usart3.o(.text)
    NVIC_Configuration_Usart3                0x08002a19   Thumb Code    40  bsp_usart3.o(.text)
    itoa                                     0x08002ac7   Thumb Code    98  bsp_usart3.o(.text)
    .text                                    0x08002cc8   Section        0  bsp_generaltim.o(.text)
    GENERAL_TIM_NVIC_Config                  0x08002cc9   Thumb Code    34  bsp_generaltim.o(.text)
    TIM3_NVIC_Config                         0x08002ceb   Thumb Code    34  bsp_generaltim.o(.text)
    GENERAL_TIM_GPIO_Config                  0x08002d0d   Thumb Code    48  bsp_generaltim.o(.text)
    TIM3_GPIO_Config                         0x08002d3d   Thumb Code    82  bsp_generaltim.o(.text)
    GENERAL_TIM_Mode_Config                  0x08002d8f   Thumb Code   146  bsp_generaltim.o(.text)
    TIM3_Mode_Config                         0x08002e21   Thumb Code   208  bsp_generaltim.o(.text)
    .text                                    0x08002f1c   Section        0  ultrasonicwave.o(.text)
    UltrasonicWave_StartMeasure              0x08002fbd   Thumb Code    30  ultrasonicwave.o(.text)
    getDistance                              0x08002fdb   Thumb Code    40  ultrasonicwave.o(.text)
    .text                                    0x08003164   Section        0  bsp_delay.o(.text)
    .text                                    0x080031c8   Section        0  dadd.o(.text)
    .text                                    0x08003316   Section        0  dmul.o(.text)
    .text                                    0x080033fa   Section        0  ddiv.o(.text)
    .text                                    0x080034d8   Section       48  cdrcmple.o(.text)
    .text                                    0x08003508   Section        0  uidiv.o(.text)
    .text                                    0x08003534   Section        0  uldiv.o(.text)
    .text                                    0x08003596   Section        0  llshl.o(.text)
    .text                                    0x080035b4   Section        0  llushr.o(.text)
    .text                                    0x080035d4   Section        0  llsshr.o(.text)
    .text                                    0x080035f8   Section        0  iusefp.o(.text)
    .text                                    0x080035f8   Section        0  depilogue.o(.text)
    .text                                    0x080036b2   Section        0  dfixul.o(.text)
    .text                                    0x080036e4   Section       36  init.o(.text)
    i.__0printf                              0x08003708   Section        0  printfa.o(i.__0printf)
    i.__scatterload_copy                     0x08003728   Section       14  handlers.o(i.__scatterload_copy)
    i.__scatterload_null                     0x08003736   Section        2  handlers.o(i.__scatterload_null)
    i.__scatterload_zeroinit                 0x08003738   Section       14  handlers.o(i.__scatterload_zeroinit)
    i._fp_digits                             0x08003748   Section        0  printfa.o(i._fp_digits)
    _fp_digits                               0x08003749   Thumb Code   366  printfa.o(i._fp_digits)
    i._printf_core                           0x080038cc   Section        0  printfa.o(i._printf_core)
    _printf_core                             0x080038cd   Thumb Code  1744  printfa.o(i._printf_core)
    i._printf_post_padding                   0x08003fa8   Section        0  printfa.o(i._printf_post_padding)
    _printf_post_padding                     0x08003fa9   Thumb Code    36  printfa.o(i._printf_post_padding)
    i._printf_pre_padding                    0x08003fcc   Section        0  printfa.o(i._printf_pre_padding)
    _printf_pre_padding                      0x08003fcd   Thumb Code    46  printfa.o(i._printf_pre_padding)
    .data                                    0x20000000   Section       20  system_stm32f10x.o(.data)
    .data                                    0x20000014   Section       20  stm32f10x_rcc.o(.data)
    APBAHBPrescTable                         0x20000014   Data          16  stm32f10x_rcc.o(.data)
    ADCPrescTable                            0x20000024   Data           4  stm32f10x_rcc.o(.data)
    .data                                    0x20000028   Section        1  main.o(.data)
    .data                                    0x2000002c   Section        4  bsp_systick.o(.data)
    TimingDelay                              0x2000002c   Data           4  bsp_systick.o(.data)
    .data                                    0x20000030   Section        4  bsp_usart1.o(.data)
    .data                                    0x20000034   Section        2  gps_config.o(.data)
    .data                                    0x20000036   Section        1  bsp_usart2.o(.data)
    .data                                    0x20000037   Section        1  bsp_usart3.o(.data)
    .data                                    0x20000038   Section       12  bsp_generaltim.o(.data)
    .data                                    0x20000044   Section        6  ultrasonicwave.o(.data)
    index                                    0x20000044   Data           1  ultrasonicwave.o(.data)
    MAX_DISTACE                              0x20000046   Data           2  ultrasonicwave.o(.data)
    tag                                      0x20000049   Data           1  ultrasonicwave.o(.data)
    .data                                    0x2000004a   Section        4  bsp_delay.o(.data)
    fac_us                                   0x2000004a   Data           1  bsp_delay.o(.data)
    fac_ms                                   0x2000004c   Data           2  bsp_delay.o(.data)
    .bss                                     0x20000050   Section      512  gps_config.o(.bss)
    .bss                                     0x20000250   Section      255  bsp_usart2.o(.bss)
    .bss                                     0x2000034f   Section      400  bsp_usart3.o(.bss)
    .bss                                     0x200004e0   Section       20  ultrasonicwave.o(.bss)
    STACK                                    0x200004f8   Section     1024  startup_stm32f10x_hd.o(STACK)

    Global Symbols

    Symbol Name                              Value     Ov Type        Size  Object(Section)

    BuildAttributes$$THM_ISAv4$P$D$K$B$S$PE$A:L22UL41UL21$X:L11$S22US41US21$IEEE1$IW$USESV6$~STKCKD$USESV7$~SHL$OTIME$ROPI$IEEEX$EBA8$MICROLIB$REQ8$PRES8$EABIv2 0x00000000   Number         0  anon$$obj.o ABSOLUTE
    __ARM_use_no_argv                        0x00000000   Number         0  main.o ABSOLUTE
    _printf_a                                0x00000000   Number         0  stubs.o ABSOLUTE
    _printf_c                                0x00000000   Number         0  stubs.o ABSOLUTE
    _printf_charcount                        0x00000000   Number         0  stubs.o ABSOLUTE
    _printf_d                                0x00000000   Number         0  stubs.o ABSOLUTE
    _printf_e                                0x00000000   Number         0  stubs.o ABSOLUTE
    _printf_f                                0x00000000   Number         0  stubs.o ABSOLUTE
    _printf_flags                            0x00000000   Number         0  stubs.o ABSOLUTE
    _printf_fp_dec                           0x00000000   Number         0  stubs.o ABSOLUTE
    _printf_fp_hex                           0x00000000   Number         0  stubs.o ABSOLUTE
    _printf_g                                0x00000000   Number         0  stubs.o ABSOLUTE
    _printf_i                                0x00000000   Number         0  stubs.o ABSOLUTE
    _printf_int_dec                          0x00000000   Number         0  stubs.o ABSOLUTE
    _printf_l                                0x00000000   Number         0  stubs.o ABSOLUTE
    _printf_lc                               0x00000000   Number         0  stubs.o ABSOLUTE
    _printf_ll                               0x00000000   Number         0  stubs.o ABSOLUTE
    _printf_lld                              0x00000000   Number         0  stubs.o ABSOLUTE
    _printf_lli                              0x00000000   Number         0  stubs.o ABSOLUTE
    _printf_llo                              0x00000000   Number         0  stubs.o ABSOLUTE
    _printf_llu                              0x00000000   Number         0  stubs.o ABSOLUTE
    _printf_llx                              0x00000000   Number         0  stubs.o ABSOLUTE
    _printf_longlong_dec                     0x00000000   Number         0  stubs.o ABSOLUTE
    _printf_longlong_hex                     0x00000000   Number         0  stubs.o ABSOLUTE
    _printf_longlong_oct                     0x00000000   Number         0  stubs.o ABSOLUTE
    _printf_ls                               0x00000000   Number         0  stubs.o ABSOLUTE
    _printf_mbtowc                           0x00000000   Number         0  stubs.o ABSOLUTE
    _printf_n                                0x00000000   Number         0  stubs.o ABSOLUTE
    _printf_o                                0x00000000   Number         0  stubs.o ABSOLUTE
    _printf_p                                0x00000000   Number         0  stubs.o ABSOLUTE
    _printf_percent                          0x00000000   Number         0  stubs.o ABSOLUTE
    _printf_pre_padding                      0x00000000   Number         0  stubs.o ABSOLUTE
    _printf_return_value                     0x00000000   Number         0  stubs.o ABSOLUTE
    _printf_s                                0x00000000   Number         0  stubs.o ABSOLUTE
    _printf_sizespec                         0x00000000   Number         0  stubs.o ABSOLUTE
    _printf_str                              0x00000000   Number         0  stubs.o ABSOLUTE
    _printf_truncate_signed                  0x00000000   Number         0  stubs.o ABSOLUTE
    _printf_truncate_unsigned                0x00000000   Number         0  stubs.o ABSOLUTE
    _printf_u                                0x00000000   Number         0  stubs.o ABSOLUTE
    _printf_wc                               0x00000000   Number         0  stubs.o ABSOLUTE
    _printf_wctomb                           0x00000000   Number         0  stubs.o ABSOLUTE
    _printf_widthprec                        0x00000000   Number         0  stubs.o ABSOLUTE
    _printf_x                                0x00000000   Number         0  stubs.o ABSOLUTE
    __cpp_initialize__aeabi_                  - Undefined Weak Reference
    __cxa_finalize                            - Undefined Weak Reference
    __decompress                              - Undefined Weak Reference
    _clock_init                               - Undefined Weak Reference
    _microlib_exit                            - Undefined Weak Reference
    __Vectors_Size                           0x00000130   Number         0  startup_stm32f10x_hd.o ABSOLUTE
    __Vectors                                0x08000000   Data           4  startup_stm32f10x_hd.o(RESET)
    __Vectors_End                            0x08000130   Data           0  startup_stm32f10x_hd.o(RESET)
    __main                                   0x08000131   Thumb Code     0  entry.o(.ARM.Collect$$$$00000000)
    _main_stk                                0x08000131   Thumb Code     0  entry2.o(.ARM.Collect$$$$00000001)
    _main_scatterload                        0x08000135   Thumb Code     0  entry5.o(.ARM.Collect$$$$00000004)
    __main_after_scatterload                 0x08000139   Thumb Code     0  entry5.o(.ARM.Collect$$$$00000004)
    _main_clock                              0x08000139   Thumb Code     0  entry7b.o(.ARM.Collect$$$$00000008)
    _main_cpp_init                           0x08000139   Thumb Code     0  entry8b.o(.ARM.Collect$$$$0000000A)
    _main_init                               0x08000139   Thumb Code     0  entry9a.o(.ARM.Collect$$$$0000000B)
    __rt_final_cpp                           0x08000141   Thumb Code     0  entry10a.o(.ARM.Collect$$$$0000000D)
    __rt_final_exit                          0x08000141   Thumb Code     0  entry11a.o(.ARM.Collect$$$$0000000F)
    Reset_Handler                            0x08000145   Thumb Code     8  startup_stm32f10x_hd.o(.text)
    ADC1_2_IRQHandler                        0x0800015f   Thumb Code     0  startup_stm32f10x_hd.o(.text)
    ADC3_IRQHandler                          0x0800015f   Thumb Code     0  startup_stm32f10x_hd.o(.text)
    CAN1_RX1_IRQHandler                      0x0800015f   Thumb Code     0  startup_stm32f10x_hd.o(.text)
    CAN1_SCE_IRQHandler                      0x0800015f   Thumb Code     0  startup_stm32f10x_hd.o(.text)
    DMA1_Channel1_IRQHandler                 0x0800015f   Thumb Code     0  startup_stm32f10x_hd.o(.text)
    DMA1_Channel2_IRQHandler                 0x0800015f   Thumb Code     0  startup_stm32f10x_hd.o(.text)
    DMA1_Channel3_IRQHandler                 0x0800015f   Thumb Code     0  startup_stm32f10x_hd.o(.text)
    DMA1_Channel4_IRQHandler                 0x0800015f   Thumb Code     0  startup_stm32f10x_hd.o(.text)
    DMA1_Channel5_IRQHandler                 0x0800015f   Thumb Code     0  startup_stm32f10x_hd.o(.text)
    DMA1_Channel7_IRQHandler                 0x0800015f   Thumb Code     0  startup_stm32f10x_hd.o(.text)
    DMA2_Channel1_IRQHandler                 0x0800015f   Thumb Code     0  startup_stm32f10x_hd.o(.text)
    DMA2_Channel2_IRQHandler                 0x0800015f   Thumb Code     0  startup_stm32f10x_hd.o(.text)
    DMA2_Channel3_IRQHandler                 0x0800015f   Thumb Code     0  startup_stm32f10x_hd.o(.text)
    DMA2_Channel4_5_IRQHandler               0x0800015f   Thumb Code     0  startup_stm32f10x_hd.o(.text)
    EXTI15_10_IRQHandler                     0x0800015f   Thumb Code     0  startup_stm32f10x_hd.o(.text)
    EXTI1_IRQHandler                         0x0800015f   Thumb Code     0  startup_stm32f10x_hd.o(.text)
    EXTI2_IRQHandler                         0x0800015f   Thumb Code     0  startup_stm32f10x_hd.o(.text)
    EXTI3_IRQHandler                         0x0800015f   Thumb Code     0  startup_stm32f10x_hd.o(.text)
    EXTI4_IRQHandler                         0x0800015f   Thumb Code     0  startup_stm32f10x_hd.o(.text)
    EXTI9_5_IRQHandler                       0x0800015f   Thumb Code     0  startup_stm32f10x_hd.o(.text)
    FLASH_IRQHandler                         0x0800015f   Thumb Code     0  startup_stm32f10x_hd.o(.text)
    FSMC_IRQHandler                          0x0800015f   Thumb Code     0  startup_stm32f10x_hd.o(.text)
    I2C1_ER_IRQHandler                       0x0800015f   Thumb Code     0  startup_stm32f10x_hd.o(.text)
    I2C1_EV_IRQHandler                       0x0800015f   Thumb Code     0  startup_stm32f10x_hd.o(.text)
    I2C2_ER_IRQHandler                       0x0800015f   Thumb Code     0  startup_stm32f10x_hd.o(.text)
    I2C2_EV_IRQHandler                       0x0800015f   Thumb Code     0  startup_stm32f10x_hd.o(.text)
    PVD_IRQHandler                           0x0800015f   Thumb Code     0  startup_stm32f10x_hd.o(.text)
    RCC_IRQHandler                           0x0800015f   Thumb Code     0  startup_stm32f10x_hd.o(.text)
    RTCAlarm_IRQHandler                      0x0800015f   Thumb Code     0  startup_stm32f10x_hd.o(.text)
    RTC_IRQHandler                           0x0800015f   Thumb Code     0  startup_stm32f10x_hd.o(.text)
    SDIO_IRQHandler                          0x0800015f   Thumb Code     0  startup_stm32f10x_hd.o(.text)
    SPI1_IRQHandler                          0x0800015f   Thumb Code     0  startup_stm32f10x_hd.o(.text)
    SPI2_IRQHandler                          0x0800015f   Thumb Code     0  startup_stm32f10x_hd.o(.text)
    SPI3_IRQHandler                          0x0800015f   Thumb Code     0  startup_stm32f10x_hd.o(.text)
    TAMPER_IRQHandler                        0x0800015f   Thumb Code     0  startup_stm32f10x_hd.o(.text)
    TIM1_BRK_IRQHandler                      0x0800015f   Thumb Code     0  startup_stm32f10x_hd.o(.text)
    TIM1_CC_IRQHandler                       0x0800015f   Thumb Code     0  startup_stm32f10x_hd.o(.text)
    TIM1_TRG_COM_IRQHandler                  0x0800015f   Thumb Code     0  startup_stm32f10x_hd.o(.text)
    TIM1_UP_IRQHandler                       0x0800015f   Thumb Code     0  startup_stm32f10x_hd.o(.text)
    TIM2_IRQHandler                          0x0800015f   Thumb Code     0  startup_stm32f10x_hd.o(.text)
    TIM5_IRQHandler                          0x0800015f   Thumb Code     0  startup_stm32f10x_hd.o(.text)
    TIM6_IRQHandler                          0x0800015f   Thumb Code     0  startup_stm32f10x_hd.o(.text)
    TIM7_IRQHandler                          0x0800015f   Thumb Code     0  startup_stm32f10x_hd.o(.text)
    TIM8_BRK_IRQHandler                      0x0800015f   Thumb Code     0  startup_stm32f10x_hd.o(.text)
    TIM8_CC_IRQHandler                       0x0800015f   Thumb Code     0  startup_stm32f10x_hd.o(.text)
    TIM8_TRG_COM_IRQHandler                  0x0800015f   Thumb Code     0  startup_stm32f10x_hd.o(.text)
    TIM8_UP_IRQHandler                       0x0800015f   Thumb Code     0  startup_stm32f10x_hd.o(.text)
    UART4_IRQHandler                         0x0800015f   Thumb Code     0  startup_stm32f10x_hd.o(.text)
    UART5_IRQHandler                         0x0800015f   Thumb Code     0  startup_stm32f10x_hd.o(.text)
    USART2_IRQHandler                        0x0800015f   Thumb Code     0  startup_stm32f10x_hd.o(.text)
    USBWakeUp_IRQHandler                     0x0800015f   Thumb Code     0  startup_stm32f10x_hd.o(.text)
    USB_HP_CAN1_TX_IRQHandler                0x0800015f   Thumb Code     0  startup_stm32f10x_hd.o(.text)
    USB_LP_CAN1_RX0_IRQHandler               0x0800015f   Thumb Code     0  startup_stm32f10x_hd.o(.text)
    WWDG_IRQHandler                          0x0800015f   Thumb Code     0  startup_stm32f10x_hd.o(.text)
    SystemInit                               0x08000247   Thumb Code    78  system_stm32f10x.o(.text)
    SystemCoreClockUpdate                    0x08000295   Thumb Code   142  system_stm32f10x.o(.text)
    NVIC_PriorityGroupConfig                 0x08000349   Thumb Code    10  misc.o(.text)
    NVIC_Init                                0x08000353   Thumb Code   100  misc.o(.text)
    NVIC_SetVectorTable                      0x080003b7   Thumb Code    14  misc.o(.text)
    NVIC_SystemLPConfig                      0x080003c5   Thumb Code    34  misc.o(.text)
    SysTick_CLKSourceConfig                  0x080003e7   Thumb Code    40  misc.o(.text)
    DMA_DeInit                               0x08000425   Thumb Code   324  stm32f10x_dma.o(.text)
    DMA_Init                                 0x08000569   Thumb Code    60  stm32f10x_dma.o(.text)
    DMA_StructInit                           0x080005a5   Thumb Code    26  stm32f10x_dma.o(.text)
    DMA_Cmd                                  0x080005bf   Thumb Code    24  stm32f10x_dma.o(.text)
    DMA_ITConfig                             0x080005d7   Thumb Code    18  stm32f10x_dma.o(.text)
    DMA_SetCurrDataCounter                   0x080005e9   Thumb Code     4  stm32f10x_dma.o(.text)
    DMA_GetCurrDataCounter                   0x080005ed   Thumb Code     8  stm32f10x_dma.o(.text)
    DMA_GetFlagStatus                        0x080005f5   Thumb Code    40  stm32f10x_dma.o(.text)
    DMA_ClearFlag                            0x0800061d   Thumb Code    22  stm32f10x_dma.o(.text)
    DMA_GetITStatus                          0x08000633   Thumb Code    40  stm32f10x_dma.o(.text)
    DMA_ClearITPendingBit                    0x0800065b   Thumb Code    22  stm32f10x_dma.o(.text)
    EXTI_DeInit                              0x08000679   Thumb Code    28  stm32f10x_exti.o(.text)
    EXTI_Init                                0x08000695   Thumb Code   142  stm32f10x_exti.o(.text)
    EXTI_StructInit                          0x08000723   Thumb Code    16  stm32f10x_exti.o(.text)
    EXTI_GenerateSWInterrupt                 0x08000733   Thumb Code    16  stm32f10x_exti.o(.text)
    EXTI_GetFlagStatus                       0x08000743   Thumb Code    22  stm32f10x_exti.o(.text)
    EXTI_ClearFlag                           0x08000759   Thumb Code     8  stm32f10x_exti.o(.text)
    EXTI_GetITStatus                         0x08000761   Thumb Code    34  stm32f10x_exti.o(.text)
    EXTI_ClearITPendingBit                   0x08000783   Thumb Code     8  stm32f10x_exti.o(.text)
    GPIO_DeInit                              0x08000795   Thumb Code   172  stm32f10x_gpio.o(.text)
    GPIO_AFIODeInit                          0x08000841   Thumb Code    20  stm32f10x_gpio.o(.text)
    GPIO_Init                                0x08000855   Thumb Code   278  stm32f10x_gpio.o(.text)
    GPIO_StructInit                          0x0800096b   Thumb Code    16  stm32f10x_gpio.o(.text)
    GPIO_ReadInputDataBit                    0x0800097b   Thumb Code    18  stm32f10x_gpio.o(.text)
    GPIO_ReadInputData                       0x0800098d   Thumb Code     8  stm32f10x_gpio.o(.text)
    GPIO_ReadOutputDataBit                   0x08000995   Thumb Code    18  stm32f10x_gpio.o(.text)
    GPIO_ReadOutputData                      0x080009a7   Thumb Code     8  stm32f10x_gpio.o(.text)
    GPIO_SetBits                             0x080009af   Thumb Code     4  stm32f10x_gpio.o(.text)
    GPIO_ResetBits                           0x080009b3   Thumb Code     4  stm32f10x_gpio.o(.text)
    GPIO_WriteBit                            0x080009b7   Thumb Code    10  stm32f10x_gpio.o(.text)
    GPIO_Write                               0x080009c1   Thumb Code     4  stm32f10x_gpio.o(.text)
    GPIO_PinLockConfig                       0x080009c5   Thumb Code    18  stm32f10x_gpio.o(.text)
    GPIO_EventOutputConfig                   0x080009d7   Thumb Code    26  stm32f10x_gpio.o(.text)
    GPIO_EventOutputCmd                      0x080009f1   Thumb Code     6  stm32f10x_gpio.o(.text)
    GPIO_PinRemapConfig                      0x080009f7   Thumb Code   138  stm32f10x_gpio.o(.text)
    GPIO_EXTILineConfig                      0x08000a81   Thumb Code    66  stm32f10x_gpio.o(.text)
    GPIO_ETH_MediaInterfaceConfig            0x08000ac3   Thumb Code     8  stm32f10x_gpio.o(.text)
    RCC_DeInit                               0x08000af1   Thumb Code    64  stm32f10x_rcc.o(.text)
    RCC_HSEConfig                            0x08000b31   Thumb Code    70  stm32f10x_rcc.o(.text)
    RCC_GetFlagStatus                        0x08000b77   Thumb Code    56  stm32f10x_rcc.o(.text)
    RCC_WaitForHSEStartUp                    0x08000baf   Thumb Code    56  stm32f10x_rcc.o(.text)
    RCC_AdjustHSICalibrationValue            0x08000be7   Thumb Code    20  stm32f10x_rcc.o(.text)
    RCC_HSICmd                               0x08000bfb   Thumb Code     6  stm32f10x_rcc.o(.text)
    RCC_PLLConfig                            0x08000c01   Thumb Code    24  stm32f10x_rcc.o(.text)
    RCC_PLLCmd                               0x08000c19   Thumb Code     6  stm32f10x_rcc.o(.text)
    RCC_SYSCLKConfig                         0x08000c1f   Thumb Code    18  stm32f10x_rcc.o(.text)
    RCC_GetSYSCLKSource                      0x08000c31   Thumb Code    10  stm32f10x_rcc.o(.text)
    RCC_HCLKConfig                           0x08000c3b   Thumb Code    18  stm32f10x_rcc.o(.text)
    RCC_PCLK1Config                          0x08000c4d   Thumb Code    18  stm32f10x_rcc.o(.text)
    RCC_PCLK2Config                          0x08000c5f   Thumb Code    20  stm32f10x_rcc.o(.text)
    RCC_ITConfig                             0x08000c73   Thumb Code    26  stm32f10x_rcc.o(.text)
    RCC_USBCLKConfig                         0x08000c8d   Thumb Code     8  stm32f10x_rcc.o(.text)
    RCC_ADCCLKConfig                         0x08000c95   Thumb Code    18  stm32f10x_rcc.o(.text)
    RCC_LSEConfig                            0x08000ca7   Thumb Code    50  stm32f10x_rcc.o(.text)
    RCC_LSICmd                               0x08000cd9   Thumb Code     6  stm32f10x_rcc.o(.text)
    RCC_RTCCLKConfig                         0x08000cdf   Thumb Code    12  stm32f10x_rcc.o(.text)
    RCC_RTCCLKCmd                            0x08000ceb   Thumb Code     8  stm32f10x_rcc.o(.text)
    RCC_GetClocksFreq                        0x08000cf3   Thumb Code   192  stm32f10x_rcc.o(.text)
    RCC_AHBPeriphClockCmd                    0x08000db3   Thumb Code    26  stm32f10x_rcc.o(.text)
    RCC_APB2PeriphClockCmd                   0x08000dcd   Thumb Code    26  stm32f10x_rcc.o(.text)
    RCC_APB1PeriphClockCmd                   0x08000de7   Thumb Code    26  stm32f10x_rcc.o(.text)
    RCC_APB2PeriphResetCmd                   0x08000e01   Thumb Code    26  stm32f10x_rcc.o(.text)
    RCC_APB1PeriphResetCmd                   0x08000e1b   Thumb Code    26  stm32f10x_rcc.o(.text)
    RCC_BackupResetCmd                       0x08000e35   Thumb Code     8  stm32f10x_rcc.o(.text)
    RCC_ClockSecuritySystemCmd               0x08000e3d   Thumb Code     6  stm32f10x_rcc.o(.text)
    RCC_MCOConfig                            0x08000e43   Thumb Code     6  stm32f10x_rcc.o(.text)
    RCC_ClearFlag                            0x08000e49   Thumb Code    14  stm32f10x_rcc.o(.text)
    RCC_GetITStatus                          0x08000e57   Thumb Code    20  stm32f10x_rcc.o(.text)
    RCC_ClearITPendingBit                    0x08000e6b   Thumb Code     6  stm32f10x_rcc.o(.text)
    TIM_DeInit                               0x08000e95   Thumb Code   424  stm32f10x_tim.o(.text)
    TIM_TimeBaseInit                         0x0800103d   Thumb Code   122  stm32f10x_tim.o(.text)
    TIM_OC1Init                              0x080010b7   Thumb Code   132  stm32f10x_tim.o(.text)
    TIM_OC2Init                              0x0800113b   Thumb Code   154  stm32f10x_tim.o(.text)
    TIM_OC3Init                              0x080011d5   Thumb Code   150  stm32f10x_tim.o(.text)
    TIM_OC4Init                              0x0800126b   Thumb Code   182  stm32f10x_tim.o(.text)
    TIM_SetIC4Prescaler                      0x08001321   Thumb Code    26  stm32f10x_tim.o(.text)
    TIM_SetIC3Prescaler                      0x080013bd   Thumb Code    18  stm32f10x_tim.o(.text)
    TIM_SetIC2Prescaler                      0x08001449   Thumb Code    26  stm32f10x_tim.o(.text)
    TIM_SetIC1Prescaler                      0x080014e5   Thumb Code    18  stm32f10x_tim.o(.text)
    TIM_ICInit                               0x08001563   Thumb Code   150  stm32f10x_tim.o(.text)
    TIM_PWMIConfig                           0x080015f9   Thumb Code   124  stm32f10x_tim.o(.text)
    TIM_BDTRConfig                           0x08001675   Thumb Code    32  stm32f10x_tim.o(.text)
    TIM_TimeBaseStructInit                   0x08001695   Thumb Code    18  stm32f10x_tim.o(.text)
    TIM_OCStructInit                         0x080016a7   Thumb Code    20  stm32f10x_tim.o(.text)
    TIM_ICStructInit                         0x080016bb   Thumb Code    18  stm32f10x_tim.o(.text)
    TIM_BDTRStructInit                       0x080016cd   Thumb Code    40  stm32f10x_tim.o(.text)
    TIM_Cmd                                  0x080016f5   Thumb Code    24  stm32f10x_tim.o(.text)
    TIM_CtrlPWMOutputs                       0x0800170d   Thumb Code    30  stm32f10x_tim.o(.text)
    TIM_ITConfig                             0x0800172b   Thumb Code    18  stm32f10x_tim.o(.text)
    TIM_GenerateEvent                        0x0800173d   Thumb Code     4  stm32f10x_tim.o(.text)
    TIM_DMAConfig                            0x08001741   Thumb Code    10  stm32f10x_tim.o(.text)
    TIM_DMACmd                               0x0800174b   Thumb Code    18  stm32f10x_tim.o(.text)
    TIM_InternalClockConfig                  0x0800175d   Thumb Code    12  stm32f10x_tim.o(.text)
    TIM_SelectInputTrigger                   0x08001769   Thumb Code    18  stm32f10x_tim.o(.text)
    TIM_ITRxExternalClockConfig              0x0800177b   Thumb Code    24  stm32f10x_tim.o(.text)
    TIM_TIxExternalClockConfig               0x08001793   Thumb Code    62  stm32f10x_tim.o(.text)
    TIM_ETRConfig                            0x080017d1   Thumb Code    28  stm32f10x_tim.o(.text)
    TIM_ETRClockMode1Config                  0x080017ed   Thumb Code    54  stm32f10x_tim.o(.text)
    TIM_ETRClockMode2Config                  0x08001823   Thumb Code    32  stm32f10x_tim.o(.text)
    TIM_PrescalerConfig                      0x08001843   Thumb Code     6  stm32f10x_tim.o(.text)
    TIM_CounterModeConfig                    0x08001849   Thumb Code    18  stm32f10x_tim.o(.text)
    TIM_EncoderInterfaceConfig               0x0800185b   Thumb Code    66  stm32f10x_tim.o(.text)
    TIM_ForcedOC1Config                      0x0800189d   Thumb Code    18  stm32f10x_tim.o(.text)
    TIM_ForcedOC2Config                      0x080018af   Thumb Code    26  stm32f10x_tim.o(.text)
    TIM_ForcedOC3Config                      0x080018c9   Thumb Code    18  stm32f10x_tim.o(.text)
    TIM_ForcedOC4Config                      0x080018db   Thumb Code    26  stm32f10x_tim.o(.text)
    TIM_ARRPreloadConfig                     0x080018f5   Thumb Code    24  stm32f10x_tim.o(.text)
    TIM_SelectCOM                            0x0800190d   Thumb Code    24  stm32f10x_tim.o(.text)
    TIM_SelectCCDMA                          0x08001925   Thumb Code    24  stm32f10x_tim.o(.text)
    TIM_CCPreloadControl                     0x0800193d   Thumb Code    24  stm32f10x_tim.o(.text)
    TIM_OC1PreloadConfig                     0x08001955   Thumb Code    18  stm32f10x_tim.o(.text)
    TIM_OC2PreloadConfig                     0x08001967   Thumb Code    26  stm32f10x_tim.o(.text)
    TIM_OC3PreloadConfig                     0x08001981   Thumb Code    18  stm32f10x_tim.o(.text)
    TIM_OC4PreloadConfig                     0x08001993   Thumb Code    26  stm32f10x_tim.o(.text)
    TIM_OC1FastConfig                        0x080019ad   Thumb Code    18  stm32f10x_tim.o(.text)
    TIM_OC2FastConfig                        0x080019bf   Thumb Code    26  stm32f10x_tim.o(.text)
    TIM_OC3FastConfig                        0x080019d9   Thumb Code    18  stm32f10x_tim.o(.text)
    TIM_OC4FastConfig                        0x080019eb   Thumb Code    26  stm32f10x_tim.o(.text)
    TIM_ClearOC1Ref                          0x08001a05   Thumb Code    18  stm32f10x_tim.o(.text)
    TIM_ClearOC2Ref                          0x08001a17   Thumb Code    24  stm32f10x_tim.o(.text)
    TIM_ClearOC3Ref                          0x08001a2f   Thumb Code    18  stm32f10x_tim.o(.text)
    TIM_ClearOC4Ref                          0x08001a41   Thumb Code    24  stm32f10x_tim.o(.text)
    TIM_OC1PolarityConfig                    0x08001a59   Thumb Code    18  stm32f10x_tim.o(.text)
    TIM_OC1NPolarityConfig                   0x08001a6b   Thumb Code    18  stm32f10x_tim.o(.text)
    TIM_OC2PolarityConfig                    0x08001a7d   Thumb Code    26  stm32f10x_tim.o(.text)
    TIM_OC2NPolarityConfig                   0x08001a97   Thumb Code    26  stm32f10x_tim.o(.text)
    TIM_OC3PolarityConfig                    0x08001ab1   Thumb Code    26  stm32f10x_tim.o(.text)
    TIM_OC3NPolarityConfig                   0x08001acb   Thumb Code    26  stm32f10x_tim.o(.text)
    TIM_OC4PolarityConfig                    0x08001ae5   Thumb Code    26  stm32f10x_tim.o(.text)
    TIM_CCxCmd                               0x08001aff   Thumb Code    30  stm32f10x_tim.o(.text)
    TIM_CCxNCmd                              0x08001b1d   Thumb Code    30  stm32f10x_tim.o(.text)
    TIM_SelectOCxM                           0x08001b3b   Thumb Code    82  stm32f10x_tim.o(.text)
    TIM_UpdateDisableConfig                  0x08001b8d   Thumb Code    24  stm32f10x_tim.o(.text)
    TIM_UpdateRequestConfig                  0x08001ba5   Thumb Code    24  stm32f10x_tim.o(.text)
    TIM_SelectHallSensor                     0x08001bbd   Thumb Code    24  stm32f10x_tim.o(.text)
    TIM_SelectOnePulseMode                   0x08001bd5   Thumb Code    18  stm32f10x_tim.o(.text)
    TIM_SelectOutputTrigger                  0x08001be7   Thumb Code    18  stm32f10x_tim.o(.text)
    TIM_SelectSlaveMode                      0x08001bf9   Thumb Code    18  stm32f10x_tim.o(.text)
    TIM_SelectMasterSlaveMode                0x08001c0b   Thumb Code    18  stm32f10x_tim.o(.text)
    TIM_SetCounter                           0x08001c1d   Thumb Code     4  stm32f10x_tim.o(.text)
    TIM_SetAutoreload                        0x08001c21   Thumb Code     4  stm32f10x_tim.o(.text)
    TIM_SetCompare1                          0x08001c25   Thumb Code     4  stm32f10x_tim.o(.text)
    TIM_SetCompare2                          0x08001c29   Thumb Code     4  stm32f10x_tim.o(.text)
    TIM_SetCompare3                          0x08001c2d   Thumb Code     4  stm32f10x_tim.o(.text)
    TIM_SetCompare4                          0x08001c31   Thumb Code     6  stm32f10x_tim.o(.text)
    TIM_SetClockDivision                     0x08001c37   Thumb Code    18  stm32f10x_tim.o(.text)
    TIM_GetCapture1                          0x08001c49   Thumb Code     6  stm32f10x_tim.o(.text)
    TIM_GetCapture2                          0x08001c4f   Thumb Code     6  stm32f10x_tim.o(.text)
    TIM_GetCapture3                          0x08001c55   Thumb Code     6  stm32f10x_tim.o(.text)
    TIM_GetCapture4                          0x08001c5b   Thumb Code     8  stm32f10x_tim.o(.text)
    TIM_GetCounter                           0x08001c63   Thumb Code     6  stm32f10x_tim.o(.text)
    TIM_GetPrescaler                         0x08001c69   Thumb Code     6  stm32f10x_tim.o(.text)
    TIM_GetFlagStatus                        0x08001c6f   Thumb Code    18  stm32f10x_tim.o(.text)
    TIM_ClearFlag                            0x08001c81   Thumb Code     6  stm32f10x_tim.o(.text)
    TIM_GetITStatus                          0x08001c87   Thumb Code    34  stm32f10x_tim.o(.text)
    TIM_ClearITPendingBit                    0x08001ca9   Thumb Code     6  stm32f10x_tim.o(.text)
    USART_DeInit                             0x08001cb1   Thumb Code   134  stm32f10x_usart.o(.text)
    USART_Init                               0x08001d37   Thumb Code   210  stm32f10x_usart.o(.text)
    USART_StructInit                         0x08001e09   Thumb Code    24  stm32f10x_usart.o(.text)
    USART_ClockInit                          0x08001e21   Thumb Code    34  stm32f10x_usart.o(.text)
    USART_ClockStructInit                    0x08001e43   Thumb Code    12  stm32f10x_usart.o(.text)
    USART_Cmd                                0x08001e4f   Thumb Code    24  stm32f10x_usart.o(.text)
    USART_ITConfig                           0x08001e67   Thumb Code    74  stm32f10x_usart.o(.text)
    USART_DMACmd                             0x08001eb1   Thumb Code    18  stm32f10x_usart.o(.text)
    USART_SetAddress                         0x08001ec3   Thumb Code    18  stm32f10x_usart.o(.text)
    USART_WakeUpConfig                       0x08001ed5   Thumb Code    18  stm32f10x_usart.o(.text)
    USART_ReceiverWakeUpCmd                  0x08001ee7   Thumb Code    24  stm32f10x_usart.o(.text)
    USART_LINBreakDetectLengthConfig         0x08001eff   Thumb Code    18  stm32f10x_usart.o(.text)
    USART_LINCmd                             0x08001f11   Thumb Code    24  stm32f10x_usart.o(.text)
    USART_SendData                           0x08001f29   Thumb Code     8  stm32f10x_usart.o(.text)
    USART_ReceiveData                        0x08001f31   Thumb Code    10  stm32f10x_usart.o(.text)
    USART_SendBreak                          0x08001f3b   Thumb Code    10  stm32f10x_usart.o(.text)
    USART_SetGuardTime                       0x08001f45   Thumb Code    16  stm32f10x_usart.o(.text)
    USART_SetPrescaler                       0x08001f55   Thumb Code    16  stm32f10x_usart.o(.text)
    USART_SmartCardCmd                       0x08001f65   Thumb Code    24  stm32f10x_usart.o(.text)
    USART_SmartCardNACKCmd                   0x08001f7d   Thumb Code    24  stm32f10x_usart.o(.text)
    USART_HalfDuplexCmd                      0x08001f95   Thumb Code    24  stm32f10x_usart.o(.text)
    USART_OverSampling8Cmd                   0x08001fad   Thumb Code    22  stm32f10x_usart.o(.text)
    USART_OneBitMethodCmd                    0x08001fc3   Thumb Code    24  stm32f10x_usart.o(.text)
    USART_IrDAConfig                         0x08001fdb   Thumb Code    18  stm32f10x_usart.o(.text)
    USART_IrDACmd                            0x08001fed   Thumb Code    24  stm32f10x_usart.o(.text)
    USART_GetFlagStatus                      0x08002005   Thumb Code    26  stm32f10x_usart.o(.text)
    USART_ClearFlag                          0x0800201f   Thumb Code    18  stm32f10x_usart.o(.text)
    USART_GetITStatus                        0x08002031   Thumb Code    84  stm32f10x_usart.o(.text)
    USART_ClearITPendingBit                  0x08002085   Thumb Code    52  stm32f10x_usart.o(.text)
    main                                     0x080020b9   Thumb Code    50  main.o(.text)
    NMI_Handler                              0x080020f9   Thumb Code     2  stm32f10x_it.o(.text)
    HardFault_Handler                        0x080020fb   Thumb Code    10  stm32f10x_it.o(.text)
    MemManage_Handler                        0x08002105   Thumb Code     4  stm32f10x_it.o(.text)
    BusFault_Handler                         0x08002109   Thumb Code     4  stm32f10x_it.o(.text)
    UsageFault_Handler                       0x0800210d   Thumb Code     4  stm32f10x_it.o(.text)
    SVC_Handler                              0x08002111   Thumb Code     2  stm32f10x_it.o(.text)
    DebugMon_Handler                         0x08002113   Thumb Code     2  stm32f10x_it.o(.text)
    PendSV_Handler                           0x08002115   Thumb Code     2  stm32f10x_it.o(.text)
    SysTick_Handler                          0x08002117   Thumb Code     8  stm32f10x_it.o(.text)
    USART1_IRQHandler                        0x0800211f   Thumb Code     2  stm32f10x_it.o(.text)
    DMA1_Channel6_IRQHandler                 0x08002121   Thumb Code     8  stm32f10x_it.o(.text)
    TIM4_IRQHandler                          0x08002129   Thumb Code   208  stm32f10x_it.o(.text)
    TIM3_IRQHandler                          0x080021f9   Thumb Code   388  stm32f10x_it.o(.text)
    EXTI0_IRQHandler                         0x0800237d   Thumb Code    22  stm32f10x_it.o(.text)
    SysTick_Init                             0x080023bd   Thumb Code   106  bsp_systick.o(.text)
    Delay_us                                 0x08002427   Thumb Code    36  bsp_systick.o(.text)
    Delay_ms                                 0x0800244b   Thumb Code    24  bsp_systick.o(.text)
    TimingDelay_Decrement                    0x08002463   Thumb Code    18  bsp_systick.o(.text)
    USART1_Config                            0x08002489   Thumb Code   124  bsp_usart1.o(.text)
    NVIC_Configuration                       0x08002505   Thumb Code    40  bsp_usart1.o(.text)
    _sys_exit                                0x0800252d   Thumb Code     4  bsp_usart1.o(.text)
    fputc                                    0x08002531   Thumb Code    32  bsp_usart1.o(.text)
    fgetc                                    0x08002551   Thumb Code    26  bsp_usart1.o(.text)
    GPS_ProcessDMAIRQ                        0x08002597   Thumb Code    50  gps_config.o(.text)
    GPS_Config                               0x0800262f   Thumb Code    12  gps_config.o(.text)
    trace                                    0x0800263b   Thumb Code     2  gps_config.o(.text)
    error                                    0x0800263d   Thumb Code     2  gps_config.o(.text)
    GMTconvert                               0x08002671   Thumb Code   356  gps_config.o(.text)
    USART2_Config                            0x080027e9   Thumb Code   116  bsp_usart2.o(.text)
    bsp_USART2_IRQHandler                    0x080028bf   Thumb Code    48  bsp_usart2.o(.text)
    get_rebuff                               0x080028ef   Thumb Code    12  bsp_usart2.o(.text)
    clean_rebuff                             0x080028fb   Thumb Code     8  bsp_usart2.o(.text)
    USART2_printf                            0x08002903   Thumb Code   262  bsp_usart2.o(.text)
    USART3_Config                            0x08002a41   Thumb Code   134  bsp_usart3.o(.text)
    get_usart3_Rxbuf_len                     0x08002b29   Thumb Code    12  bsp_usart3.o(.text)
    get_usart3_Rxbuf                         0x08002b35   Thumb Code     4  bsp_usart3.o(.text)
    clean_usart3_Rxbuf                       0x08002b39   Thumb Code    26  bsp_usart3.o(.text)
    USART3_printf                            0x08002b53   Thumb Code   310  bsp_usart3.o(.text)
    USART3_IRQHandler                        0x08002c89   Thumb Code    48  bsp_usart3.o(.text)
    GENERAL_TIM_Init                         0x08002ef1   Thumb Code    28  bsp_generaltim.o(.text)
    UltrasonicWave_Configuration             0x08002f1d   Thumb Code   108  ultrasonicwave.o(.text)
    dealTIM_ICUserValueStructureData         0x08002f89   Thumb Code    52  ultrasonicwave.o(.text)
    addDistance                              0x08003003   Thumb Code    36  ultrasonicwave.o(.text)
    minusDistance                            0x08003027   Thumb Code    36  ultrasonicwave.o(.text)
    getRange                                 0x0800304b   Thumb Code     8  ultrasonicwave.o(.text)
    UltrasonicWave                           0x08003053   Thumb Code   200  ultrasonicwave.o(.text)
    delayInit                                0x08003165   Thumb Code    40  bsp_delay.o(.text)
    delayUs                                  0x0800318d   Thumb Code    20  bsp_delay.o(.text)
    delayMs                                  0x080031a1   Thumb Code    22  bsp_delay.o(.text)
    __aeabi_dadd                             0x080031c9   Thumb Code   322  dadd.o(.text)
    __aeabi_dsub                             0x0800330b   Thumb Code     6  dadd.o(.text)
    __aeabi_drsub                            0x08003311   Thumb Code     6  dadd.o(.text)
    __aeabi_dmul                             0x08003317   Thumb Code   228  dmul.o(.text)
    __aeabi_ddiv                             0x080033fb   Thumb Code   222  ddiv.o(.text)
    __aeabi_cdrcmple                         0x080034d9   Thumb Code    48  cdrcmple.o(.text)
    __aeabi_uidiv                            0x08003509   Thumb Code     0  uidiv.o(.text)
    __aeabi_uidivmod                         0x08003509   Thumb Code    44  uidiv.o(.text)
    __aeabi_uldivmod                         0x08003535   Thumb Code    98  uldiv.o(.text)
    __aeabi_llsl                             0x08003597   Thumb Code    30  llshl.o(.text)
    _ll_shift_l                              0x08003597   Thumb Code     0  llshl.o(.text)
    __aeabi_llsr                             0x080035b5   Thumb Code    32  llushr.o(.text)
    _ll_ushift_r                             0x080035b5   Thumb Code     0  llushr.o(.text)
    __aeabi_lasr                             0x080035d5   Thumb Code    36  llsshr.o(.text)
    _ll_sshift_r                             0x080035d5   Thumb Code     0  llsshr.o(.text)
    __I$use$fp                               0x080035f9   Thumb Code     0  iusefp.o(.text)
    _double_round                            0x080035f9   Thumb Code    30  depilogue.o(.text)
    _double_epilogue                         0x08003617   Thumb Code   156  depilogue.o(.text)
    __aeabi_d2ulz                            0x080036b3   Thumb Code    48  dfixul.o(.text)
    __scatterload                            0x080036e5   Thumb Code    28  init.o(.text)
    __scatterload_rt2                        0x080036e5   Thumb Code     0  init.o(.text)
    __0printf                                0x08003709   Thumb Code    22  printfa.o(i.__0printf)
    __1printf                                0x08003709   Thumb Code     0  printfa.o(i.__0printf)
    __2printf                                0x08003709   Thumb Code     0  printfa.o(i.__0printf)
    __c89printf                              0x08003709   Thumb Code     0  printfa.o(i.__0printf)
    printf                                   0x08003709   Thumb Code     0  printfa.o(i.__0printf)
    __scatterload_copy                       0x08003729   Thumb Code    14  handlers.o(i.__scatterload_copy)
    __scatterload_null                       0x08003737   Thumb Code     2  handlers.o(i.__scatterload_null)
    __scatterload_zeroinit                   0x08003739   Thumb Code    14  handlers.o(i.__scatterload_zeroinit)
    Region$$Table$$Base                      0x08003ffc   Number         0  anon$$obj.o(Region$$Table)
    Region$$Table$$Limit                     0x0800401c   Number         0  anon$$obj.o(Region$$Table)
    SystemCoreClock                          0x20000000   Data           4  system_stm32f10x.o(.data)
    AHBPrescTable                            0x20000004   Data          16  system_stm32f10x.o(.data)
    direction_flag                           0x20000028   Data           1  main.o(.data)
    __stdout                                 0x20000030   Data           4  bsp_usart1.o(.data)
    GPS_TransferEnd                          0x20000034   Data           1  gps_config.o(.data)
    GPS_HalfTransferEnd                      0x20000035   Data           1  gps_config.o(.data)
    uart_p                                   0x20000036   Data           1  bsp_usart2.o(.data)
    usart3_index                             0x20000037   Data           1  bsp_usart3.o(.data)
    TIM_ICUserValueStructure                 0x20000038   Data           6  bsp_generaltim.o(.data)
    TIM_ICUserValueStructure2                0x2000003e   Data           6  bsp_generaltim.o(.data)
    IT_TAG                                   0x20000048   Data           1  ultrasonicwave.o(.data)
    gps_rbuff                                0x20000050   Data         512  gps_config.o(.bss)
    uart_buff                                0x20000250   Data         255  bsp_usart2.o(.bss)
    usart3_buff                              0x2000034f   Data         400  bsp_usart3.o(.bss)
    UltrasonicWave_Distance                  0x200004e0   Data          20  ultrasonicwave.o(.bss)
    __initial_sp                             0x200008f8   Data           0  startup_stm32f10x_hd.o(STACK)



==============================================================================

Memory Map of the image

  Image Entry point : 0x08000131

  Load Region LR_IROM1 (Base: 0x08000000, Size: 0x0000406c, Max: 0x00040000, ABSOLUTE)

    Execution Region ER_IROM1 (Exec base: 0x08000000, Load base: 0x08000000, Size: 0x0000401c, Max: 0x00040000, ABSOLUTE)

    Exec Addr    Load Addr    Size         Type   Attr      Idx    E Section Name        Object

    0x08000000   0x08000000   0x00000130   Data   RO            3    RESET               startup_stm32f10x_hd.o
    0x08000130   0x08000130   0x00000000   Code   RO         1073  * .ARM.Collect$$$$00000000  mc_w.l(entry.o)
    0x08000130   0x08000130   0x00000004   Code   RO         1475    .ARM.Collect$$$$00000001  mc_w.l(entry2.o)
    0x08000134   0x08000134   0x00000004   Code   RO         1478    .ARM.Collect$$$$00000004  mc_w.l(entry5.o)
    0x08000138   0x08000138   0x00000000   Code   RO         1480    .ARM.Collect$$$$00000008  mc_w.l(entry7b.o)
    0x08000138   0x08000138   0x00000000   Code   RO         1482    .ARM.Collect$$$$0000000A  mc_w.l(entry8b.o)
    0x08000138   0x08000138   0x00000008   Code   RO         1483    .ARM.Collect$$$$0000000B  mc_w.l(entry9a.o)
    0x08000140   0x08000140   0x00000000   Code   RO         1485    .ARM.Collect$$$$0000000D  mc_w.l(entry10a.o)
    0x08000140   0x08000140   0x00000000   Code   RO         1487    .ARM.Collect$$$$0000000F  mc_w.l(entry11a.o)
    0x08000140   0x08000140   0x00000004   Code   RO         1476    .ARM.Collect$$$$00002712  mc_w.l(entry2.o)
    0x08000144   0x08000144   0x00000024   Code   RO            4    .text               startup_stm32f10x_hd.o
    0x08000168   0x08000168   0x000001e0   Code   RO           24    .text               system_stm32f10x.o
    0x08000348   0x08000348   0x000000dc   Code   RO          121    .text               misc.o
    0x08000424   0x08000424   0x00000254   Code   RO          221    .text               stm32f10x_dma.o
    0x08000678   0x08000678   0x0000011c   Code   RO          233    .text               stm32f10x_exti.o
    0x08000794   0x08000794   0x0000035c   Code   RO          269    .text               stm32f10x_gpio.o
    0x08000af0   0x08000af0   0x000003a4   Code   RO          317    .text               stm32f10x_rcc.o
    0x08000e94   0x08000e94   0x00000e1a   Code   RO          367    .text               stm32f10x_tim.o
    0x08001cae   0x08001cae   0x00000002   PAD
    0x08001cb0   0x08001cb0   0x00000408   Code   RO          379    .text               stm32f10x_usart.o
    0x080020b8   0x080020b8   0x00000040   Code   RO          403    .text               main.o
    0x080020f8   0x080020f8   0x000002c4   Code   RO          505    .text               stm32f10x_it.o
    0x080023bc   0x080023bc   0x000000cc   Code   RO          534    .text               bsp_systick.o
    0x08002488   0x08002488   0x000000ec   Code   RO          552    .text               bsp_usart1.o
    0x08002574   0x08002574   0x00000274   Code   RO          583    .text               gps_config.o
    0x080027e8   0x080027e8   0x00000230   Code   RO          602    .text               bsp_usart2.o
    0x08002a18   0x08002a18   0x000002b0   Code   RO          625    .text               bsp_usart3.o
    0x08002cc8   0x08002cc8   0x00000254   Code   RO          903    .text               bsp_generaltim.o
    0x08002f1c   0x08002f1c   0x00000248   Code   RO          921    .text               ultrasonicwave.o
    0x08003164   0x08003164   0x00000064   Code   RO          940    .text               bsp_delay.o
    0x080031c8   0x080031c8   0x0000014e   Code   RO         1414    .text               mf_w.l(dadd.o)
    0x08003316   0x08003316   0x000000e4   Code   RO         1416    .text               mf_w.l(dmul.o)
    0x080033fa   0x080033fa   0x000000de   Code   RO         1418    .text               mf_w.l(ddiv.o)
    0x080034d8   0x080034d8   0x00000030   Code   RO         1428    .text               mf_w.l(cdrcmple.o)
    0x08003508   0x08003508   0x0000002c   Code   RO         1489    .text               mc_w.l(uidiv.o)
    0x08003534   0x08003534   0x00000062   Code   RO         1491    .text               mc_w.l(uldiv.o)
    0x08003596   0x08003596   0x0000001e   Code   RO         1493    .text               mc_w.l(llshl.o)
    0x080035b4   0x080035b4   0x00000020   Code   RO         1495    .text               mc_w.l(llushr.o)
    0x080035d4   0x080035d4   0x00000024   Code   RO         1497    .text               mc_w.l(llsshr.o)
    0x080035f8   0x080035f8   0x00000000   Code   RO         1512    .text               mc_w.l(iusefp.o)
    0x080035f8   0x080035f8   0x000000ba   Code   RO         1515    .text               mf_w.l(depilogue.o)
    0x080036b2   0x080036b2   0x00000030   Code   RO         1521    .text               mf_w.l(dfixul.o)
    0x080036e2   0x080036e2   0x00000002   PAD
    0x080036e4   0x080036e4   0x00000024   Code   RO         1523    .text               mc_w.l(init.o)
    0x08003708   0x08003708   0x00000020   Code   RO         1356    i.__0printf         mc_w.l(printfa.o)
    0x08003728   0x08003728   0x0000000e   Code   RO         1544    i.__scatterload_copy  mc_w.l(handlers.o)
    0x08003736   0x08003736   0x00000002   Code   RO         1545    i.__scatterload_null  mc_w.l(handlers.o)
    0x08003738   0x08003738   0x0000000e   Code   RO         1546    i.__scatterload_zeroinit  mc_w.l(handlers.o)
    0x08003746   0x08003746   0x00000002   PAD
    0x08003748   0x08003748   0x00000184   Code   RO         1363    i._fp_digits        mc_w.l(printfa.o)
    0x080038cc   0x080038cc   0x000006dc   Code   RO         1364    i._printf_core      mc_w.l(printfa.o)
    0x08003fa8   0x08003fa8   0x00000024   Code   RO         1365    i._printf_post_padding  mc_w.l(printfa.o)
    0x08003fcc   0x08003fcc   0x0000002e   Code   RO         1366    i._printf_pre_padding  mc_w.l(printfa.o)
    0x08003ffa   0x08003ffa   0x00000002   PAD
    0x08003ffc   0x08003ffc   0x00000020   Data   RO         1542    Region$$Table       anon$$obj.o


    Execution Region RW_IRAM1 (Exec base: 0x20000000, Load base: 0x0800401c, Size: 0x000008f8, Max: 0x0000c000, ABSOLUTE)

    Exec Addr    Load Addr    Size         Type   Attr      Idx    E Section Name        Object

    0x20000000   0x0800401c   0x00000014   Data   RW           25    .data               system_stm32f10x.o
    0x20000014   0x08004030   0x00000014   Data   RW          318    .data               stm32f10x_rcc.o
    0x20000028   0x08004044   0x00000001   Data   RW          404    .data               main.o
    0x20000029   0x08004045   0x00000003   PAD
    0x2000002c   0x08004048   0x00000004   Data   RW          535    .data               bsp_systick.o
    0x20000030   0x0800404c   0x00000004   Data   RW          553    .data               bsp_usart1.o
    0x20000034   0x08004050   0x00000002   Data   RW          585    .data               gps_config.o
    0x20000036   0x08004052   0x00000001   Data   RW          604    .data               bsp_usart2.o
    0x20000037   0x08004053   0x00000001   Data   RW          627    .data               bsp_usart3.o
    0x20000038   0x08004054   0x0000000c   Data   RW          904    .data               bsp_generaltim.o
    0x20000044   0x08004060   0x00000006   Data   RW          923    .data               ultrasonicwave.o
    0x2000004a   0x08004066   0x00000004   Data   RW          941    .data               bsp_delay.o
    0x2000004e   0x0800406a   0x00000002   PAD
    0x20000050        -       0x00000200   Zero   RW          584    .bss                gps_config.o
    0x20000250        -       0x000000ff   Zero   RW          603    .bss                bsp_usart2.o
    0x2000034f        -       0x00000190   Zero   RW          626    .bss                bsp_usart3.o
    0x200004df   0x0800406a   0x00000001   PAD
    0x200004e0        -       0x00000014   Zero   RW          922    .bss                ultrasonicwave.o
    0x200004f4   0x0800406a   0x00000004   PAD
    0x200004f8        -       0x00000400   Zero   RW            1    STACK               startup_stm32f10x_hd.o


==============================================================================

Image component sizes


      Code (inc. data)   RO Data    RW Data    ZI Data      Debug   Object Name

       100         18          0          4          0       1012   bsp_delay.o
       596         16          0         12          0       3116   bsp_generaltim.o
       204         20          0          4          0      16810   bsp_systick.o
       236         10          0          4          0       3163   bsp_usart1.o
       560         16          0          1        255       3351   bsp_usart2.o
       688         16          0          1        400       3452   bsp_usart3.o
         0          0          0          0          0       4508   core_cm3.o
       628         20          0          2        512       3338   gps_config.o
        64         14          0          1          0       3481   main.o
       220         22          0          0          0       1805   misc.o
        36          8        304          0       1024        860   startup_stm32f10x_hd.o
       596          8          0          0          0       4370   stm32f10x_dma.o
       284         10          0          0          0       2263   stm32f10x_exti.o
       860         38          0          0          0       5737   stm32f10x_gpio.o
       708         42          0          0          0       2290   stm32f10x_it.o
       932         36          0         20          0       8916   stm32f10x_rcc.o
      3610         88          0          0          0      22848   stm32f10x_tim.o
      1032         22          0          0          0       8464   stm32f10x_usart.o
       480         38          0         20          0     262275   system_stm32f10x.o
       584         80          0          6         20       2983   ultrasonicwave.o

    ----------------------------------------------------------------------
     12420        522        336         80       2216     365042   Object Totals
         0          0         32          0          0          0   (incl. Generated)
         2          0          0          5          5          0   (incl. Padding)

    ----------------------------------------------------------------------

      Code (inc. data)   RO Data    RW Data    ZI Data      Debug   Library Member Name

         0          0          0          0          0          0   entry.o
         0          0          0          0          0          0   entry10a.o
         0          0          0          0          0          0   entry11a.o
         8          4          0          0          0          0   entry2.o
         4          0          0          0          0          0   entry5.o
         0          0          0          0          0          0   entry7b.o
         0          0          0          0          0          0   entry8b.o
         8          4          0          0          0          0   entry9a.o
        30          0          0          0          0          0   handlers.o
        36          8          0          0          0         68   init.o
         0          0          0          0          0          0   iusefp.o
        30          0          0          0          0         68   llshl.o
        36          0          0          0          0         68   llsshr.o
        32          0          0          0          0         68   llushr.o
      2258         90          0          0          0        452   printfa.o
        44          0          0          0          0         80   uidiv.o
        98          0          0          0          0         92   uldiv.o
        48          0          0          0          0         68   cdrcmple.o
       334          0          0          0          0        148   dadd.o
       222          0          0          0          0        100   ddiv.o
       186          0          0          0          0        176   depilogue.o
        48          0          0          0          0         68   dfixul.o
       228          0          0          0          0         96   dmul.o

    ----------------------------------------------------------------------
      3656        106          0          0          0       1552   Library Totals
         6          0          0          0          0          0   (incl. Padding)

    ----------------------------------------------------------------------

      Code (inc. data)   RO Data    RW Data    ZI Data      Debug   Library Name

      2584        106          0          0          0        896   mc_w.l
      1066          0          0          0          0        656   mf_w.l

    ----------------------------------------------------------------------
      3656        106          0          0          0       1552   Library Totals

    ----------------------------------------------------------------------

==============================================================================


      Code (inc. data)   RO Data    RW Data    ZI Data      Debug   

     16076        628        336         80       2216     363938   Grand Totals
     16076        628        336         80       2216     363938   ELF Image Totals
     16076        628        336         80          0          0   ROM Totals

==============================================================================

    Total RO  Size (Code + RO Data)                16412 (  16.03kB)
    Total RW  Size (RW Data + ZI Data)              2296 (   2.24kB)
    Total ROM Size (Code + RO Data + RW Data)      16492 (  16.11kB)

==============================================================================

