Component: ARM Compiler 5.06 update 6 (build 750) Tool: armlink [4d35ed]

==============================================================================

Section Cross References

    startup_stm32f10x_hd.o(RESET) refers to startup_stm32f10x_hd.o(STACK) for __initial_sp
    startup_stm32f10x_hd.o(RESET) refers to startup_stm32f10x_hd.o(.text) for Reset_Handler
    startup_stm32f10x_hd.o(RESET) refers to stm32f10x_it.o(.text) for NMI_Handler
    startup_stm32f10x_hd.o(RESET) refers to gprs.o(.text) for TIM2_IRQHandler
    startup_stm32f10x_hd.o(.text) refers to system_stm32f10x.o(.text) for SystemInit
    startup_stm32f10x_hd.o(.text) refers to entry.o(.ARM.Collect$$$$00000000) for __main
    system_stm32f10x.o(.text) refers to system_stm32f10x.o(.data) for SystemCoreClock
    stm32f10x_adc.o(.text) refers to stm32f10x_rcc.o(.text) for RCC_APB2PeriphResetCmd
    stm32f10x_bkp.o(.text) refers to stm32f10x_rcc.o(.text) for RCC_BackupResetCmd
    stm32f10x_can.o(.text) refers to stm32f10x_rcc.o(.text) for RCC_APB1PeriphResetCmd
    stm32f10x_cec.o(.text) refers to stm32f10x_rcc.o(.text) for RCC_APB1PeriphResetCmd
    stm32f10x_dac.o(.text) refers to stm32f10x_rcc.o(.text) for RCC_APB1PeriphResetCmd
    stm32f10x_gpio.o(.text) refers to stm32f10x_rcc.o(.text) for RCC_APB2PeriphResetCmd
    stm32f10x_i2c.o(.text) refers to stm32f10x_rcc.o(.text) for RCC_APB1PeriphResetCmd
    stm32f10x_pwr.o(.text) refers to stm32f10x_rcc.o(.text) for RCC_APB1PeriphResetCmd
    stm32f10x_rcc.o(.text) refers to stm32f10x_rcc.o(.data) for APBAHBPrescTable
    stm32f10x_spi.o(.text) refers to stm32f10x_rcc.o(.text) for RCC_APB2PeriphResetCmd
    stm32f10x_tim.o(.text) refers to stm32f10x_rcc.o(.text) for RCC_APB2PeriphResetCmd
    stm32f10x_usart.o(.text) refers to stm32f10x_rcc.o(.text) for RCC_APB2PeriphResetCmd
    stm32f10x_wwdg.o(.text) refers to stm32f10x_rcc.o(.text) for RCC_APB1PeriphResetCmd
    main.o(.text) refers to bsp_usart4.o(.text) for UART4_Init_Config
    main.o(.text) refers to bsp_systick.o(.text) for SysTick_Init_Config
    main.o(.text) refers to timer.o(.text) for Timer2_Init_Config
    main.o(.text) refers to memcpya.o(.text) for __aeabi_memcpy4
    main.o(.text) refers to bsp_exti.o(.text) for EXTI_PA0_Config
    main.o(.text) refers to bsp_usart1.o(.text) for USART1_Config
    main.o(.text) refers to bsp_angle.o(.text) for I2C_GPIO_Config
    main.o(.text) refers to waveconfig.o(.text) for WaveConfig
    main.o(.text) refers to gps.o(.text) for USART2_Config
    main.o(.text) refers to printfa.o(i.__0printf) for __2printf
    main.o(.text) refers to main.o(.constdata) for .constdata
    main.o(.text) refers to ultrasonicwave.o(.data) for MEASURE_FLAG
    stm32f10x_it.o(.text) refers to printfa.o(i.__0printf) for __2printf
    stm32f10x_it.o(.text) refers to bsp_systick.o(.text) for SysTickDelayTime_Counter
    stm32f10x_it.o(.text) refers to stm32f10x_usart.o(.text) for USART_GetITStatus
    stm32f10x_it.o(.text) refers to bsp_usart1.o(.text) for UART1_SendString
    stm32f10x_it.o(.text) refers to gprs.o(.text) for GPRS_Send_help
    stm32f10x_it.o(.text) refers to stm32f10x_tim.o(.text) for TIM_GetITStatus
    stm32f10x_it.o(.text) refers to ultrasonicwave.o(.text) for UltrasonicWave
    stm32f10x_it.o(.text) refers to stm32f10x_exti.o(.text) for EXTI_GetITStatus
    stm32f10x_it.o(.text) refers to memseta.o(.text) for __aeabi_memclr
    stm32f10x_it.o(.text) refers to memcpya.o(.text) for __aeabi_memcpy
    stm32f10x_it.o(.text) refers to gps.o(.data) for SendGPS
    stm32f10x_it.o(.text) refers to ultrasonicwave.o(.data) for MEASURE_FLAG
    stm32f10x_it.o(.text) refers to waveconfig.o(.bss) for TIM_ICUserValueStructure
    stm32f10x_it.o(.text) refers to stm32f10x_it.o(.data) for portNum
    stm32f10x_it.o(.text) refers to main.o(.data) for direction_flag
    stm32f10x_it.o(.text) refers to gps.o(.bss) for USART_RX_BUF
    bsp_systick.o(.text) refers to system_stm32f10x.o(.data) for SystemCoreClock
    bsp_systick.o(.text) refers to bsp_systick.o(.data) for SysTickDelayTime
    bsp_usart1.o(.text) refers to stm32f10x_rcc.o(.text) for RCC_APB2PeriphClockCmd
    bsp_usart1.o(.text) refers to stm32f10x_gpio.o(.text) for GPIO_Init
    bsp_usart1.o(.text) refers to misc.o(.text) for NVIC_Init
    bsp_usart1.o(.text) refers to stm32f10x_usart.o(.text) for USART_Init
    bsp_usart1.o(.text) refers to printfa.o(i.__0printf) for __2printf
    context.o(.text) refers to printfa.o(i.__0vsnprintf) for __c89vsnprintf
    context.o(.text) refers to context.o(.data) for prop
    generate.o(.text) refers to tok.o(.text) for nmea_printf
    generate.o(.text) refers to sentence.o(.text) for nmea_zero_GPGGA
    generate.o(.text) refers to memcpya.o(.text) for __aeabi_memcpy4
    generate.o(.text) refers to cdrcmple.o(.text) for __aeabi_cdrcmple
    generate.o(.text) refers to dflti.o(.text) for __aeabi_i2d
    generate.o(.text) refers to ddiv.o(.text) for __aeabi_ddiv
[...]


==============================================================================

Removing Unused input sections from the image.

    Removing startup_stm32f10x_hd.o(HEAP), (4096 bytes).
    Removing core_cm3.o(.emb_text), (32 bytes).
    Removing stm32f10x_adc.o(.text), (1102 bytes).
    Removing stm32f10x_bkp.o(.text), (196 bytes).
    Removing stm32f10x_can.o(.text), (2544 bytes).
    Removing stm32f10x_cec.o(.text), (288 bytes).
    Removing stm32f10x_crc.o(.text), (72 bytes).
    Removing stm32f10x_dac.o(.text), (396 bytes).
    Removing stm32f10x_dbgmcu.o(.text), (48 bytes).
    Removing stm32f10x_dma.o(.text), (596 bytes).
    Removing stm32f10x_flash.o(.text), (1468 bytes).
    Removing stm32f10x_fsmc.o(.text), (1548 bytes).
    Removing stm32f10x_i2c.o(.text), (1028 bytes).
    Removing stm32f10x_iwdg.o(.text), (64 bytes).
    Removing stm32f10x_pwr.o(.text), (204 bytes).
    Removing stm32f10x_rtc.o(.text), (328 bytes).
    Removing stm32f10x_sdio.o(.text), (468 bytes).
    Removing stm32f10x_spi.o(.text), (780 bytes).
    Removing stm32f10x_wwdg.o(.text), (136 bytes).
    Removing bsp_usart1.o(.bss), (10 bytes).
    Removing context.o(.text), (172 bytes).
    Removing context.o(.data), (12 bytes).
    Removing generate.o(.text), (1468 bytes).
    Removing generate.o(.conststring), (380 bytes).
    Removing generator.o(.text), (1968 bytes).
    Removing generator.o(.data), (8 bytes).
    Removing gmath.o(.text), (5030 bytes).
    Removing info.o(.text), (30 bytes).
    Removing parse.o(.text), (2184 bytes).
    Removing parse.o(.conststring), (105 bytes).
    Removing parse.o(.data), (20 bytes).
    Removing parser.o(.text), (952 bytes).
    Removing tok.o(.text), (776 bytes).
    Removing time.o(.text), (24 bytes).
    Removing sentence.o(.text), (152 bytes).
    Removing dfixi.o(.text), (62 bytes).
    Removing cdcmple.o(.text), (48 bytes).
    Removing dsqrt.o(.text), (162 bytes).
    Removing dfltui.o(.text), (26 bytes).
    Removing dfltul.o(.text), (24 bytes).
    Removing gmath.o(i.__ARM_isnan), (36 bytes).

41 unused section(s) (total 29043 bytes) removed from the image.

==============================================================================

Image Symbol Table

    Local Symbols

    Symbol Name                              Value     Ov Type        Size  Object(Section)

    ../clib/microlib/ctype/ctype.c           0x00000000   Number         0  ispunct_o.o ABSOLUTE
    ../clib/microlib/ctype/ctype.c           0x00000000   Number         0  isspace_c.o ABSOLUTE
    ../clib/microlib/ctype/ctype.c           0x00000000   Number         0  isspace_o.o ABSOLUTE
    ../clib/microlib/ctype/ctype.c           0x00000000   Number         0  isupper_o.o ABSOLUTE
    ../clib/microlib/ctype/ctype.c           0x00000000   Number         0  isdigit_o.o ABSOLUTE
    ../clib/microlib/ctype/ctype.c           0x00000000   Number         0  isxdigit_o.o ABSOLUTE
    ../clib/microlib/ctype/ctype.c           0x00000000   Number         0  isalpha_o.o ABSOLUTE
    ../clib/microlib/ctype/ctype.c           0x00000000   Number         0  isblank_o.o ABSOLUTE
    ../clib/microlib/ctype/ctype.c           0x00000000   Number         0  islower_o.o ABSOLUTE
    ../clib/microlib/ctype/ctype.c           0x00000000   Number         0  isgraph_o.o ABSOLUTE
    ../clib/microlib/ctype/ctype.c           0x00000000   Number         0  ctype_o.o ABSOLUTE
    ../clib/microlib/ctype/ctype.c           0x00000000   Number         0  iscntrl_o.o ABSOLUTE
    ../clib/microlib/ctype/ctype.c           0x00000000   Number         0  isalnum_o.o ABSOLUTE
    ../clib/microlib/ctype/ctype.c           0x00000000   Number         0  ctype_c.o ABSOLUTE
    ../clib/microlib/ctype/ctype.c           0x00000000   Number         0  isprint_o.o ABSOLUTE
    ../clib/microlib/division.c              0x00000000   Number         0  uldiv.o ABSOLUTE
    ../clib/microlib/division.c              0x00000000   Number         0  uidiv.o ABSOLUTE
    ../clib/microlib/errno.c                 0x00000000   Number         0  errno.o ABSOLUTE
    ../clib/microlib/init/entry.s            0x00000000   Number         0  entry.o ABSOLUTE
    ../clib/microlib/init/entry.s            0x00000000   Number         0  entry2.o ABSOLUTE
    ../clib/microlib/init/entry.s            0x00000000   Number         0  entry11b.o ABSOLUTE
    ../clib/microlib/init/entry.s            0x00000000   Number         0  entry11a.o ABSOLUTE
    ../clib/microlib/init/entry.s            0x00000000   Number         0  entry10b.o ABSOLUTE
    ../clib/microlib/init/entry.s            0x00000000   Number         0  entry10a.o ABSOLUTE
    ../clib/microlib/init/entry.s            0x00000000   Number         0  entry9b.o ABSOLUTE
    ../clib/microlib/init/entry.s            0x00000000   Number         0  entry9a.o ABSOLUTE
    ../clib/microlib/init/entry.s            0x00000000   Number         0  entry8b.o ABSOLUTE
    ../clib/microlib/init/entry.s            0x00000000   Number         0  entry8a.o ABSOLUTE
    ../clib/microlib/init/entry.s            0x00000000   Number         0  entry7b.o ABSOLUTE
    ../clib/microlib/init/entry.s            0x00000000   Number         0  entry7a.o ABSOLUTE
    ../clib/microlib/init/entry.s            0x00000000   Number         0  entry5.o ABSOLUTE
    ../clib/microlib/longlong.c              0x00000000   Number         0  llsshr.o ABSOLUTE
    ../clib/microlib/longlong.c              0x00000000   Number         0  llshl.o ABSOLUTE
    ../clib/microlib/longlong.c              0x00000000   Number         0  llushr.o ABSOLUTE
    ../clib/microlib/malloc/malloc.c         0x00000000   Number         0  malloc.o ABSOLUTE
    ../clib/microlib/malloc/malloc.c         0x00000000   Number         0  mallocr.o ABSOLUTE
    ../clib/microlib/malloc/malloc.c         0x00000000   Number         0  malloca.o ABSOLUTE
    ../clib/microlib/malloc/malloc.c         0x00000000   Number         0  mallocra.o ABSOLUTE
    ../clib/microlib/malloc/mvars.c          0x00000000   Number         0  mvars.o ABSOLUTE
    ../clib/microlib/printf/printf.c         0x00000000   Number         0  printf5.o ABSOLUTE
    ../clib/microlib/printf/printf.c         0x00000000   Number         0  printf4.o ABSOLUTE
    ../clib/microlib/printf/printf.c         0x00000000   Number         0  printf3.o ABSOLUTE
    ../clib/microlib/printf/printf.c         0x00000000   Number         0  printf2.o ABSOLUTE
    ../clib/microlib/printf/printf.c         0x00000000   Number         0  printf1.o ABSOLUTE
    ../clib/microlib/printf/printf.c         0x00000000   Number         0  printf0.o ABSOLUTE
    ../clib/microlib/printf/printf.c         0x00000000   Number         0  printfb.o ABSOLUTE
    ../clib/microlib/printf/printf.c         0x00000000   Number         0  printfa.o ABSOLUTE
    ../clib/microlib/printf/printf.c         0x00000000   Number         0  printf8.o ABSOLUTE
    ../clib/microlib/printf/printf.c         0x00000000   Number         0  printf7.o ABSOLUTE
    ../clib/microlib/printf/printf.c         0x00000000   Number         0  printf6.o ABSOLUTE
    ../clib/microlib/printf/stubs.s          0x00000000   Number         0  stubs.o ABSOLUTE
    ../clib/microlib/stdlib/rand.c           0x00000000   Number         0  rand.o ABSOLUTE
    ../clib/microlib/string/memchr.c         0x00000000   Number         0  memchr.o ABSOLUTE
    ../clib/microlib/string/memcmp.c         0x00000000   Number         0  memcmp.o ABSOLUTE
    ../clib/microlib/string/memcpy.c         0x00000000   Number         0  memcpya.o ABSOLUTE
    ../clib/microlib/string/memcpy.c         0x00000000   Number         0  memcpyb.o ABSOLUTE
    ../clib/microlib/string/memset.c         0x00000000   Number         0  memseta.o ABSOLUTE
    ../clib/microlib/string/strcat.c         0x00000000   Number         0  strcat.o ABSOLUTE
    ../clib/microlib/string/strcpy.c         0x00000000   Number         0  strcpy.o ABSOLUTE
    ../clib/microlib/string/strlen.c         0x00000000   Number         0  strlen.o ABSOLUTE
    ../clib/microlib/string/strstr.c         0x00000000   Number         0  strstr.o ABSOLUTE
    ../clib/microlib/stubs.s                 0x00000000   Number         0  iusefp.o ABSOLUTE
    ../clib/scanf.c                          0x00000000   Number         0  strtol.o ABSOLUTE
    ../clib/scanf.c                          0x00000000   Number         0  _strtoul.o ABSOLUTE
    ../clib/scanf.c                          0x00000000   Number         0  strtod.o ABSOLUTE
    ../clib/scanf.c                          0x00000000   Number         0  _chval.o ABSOLUTE
    ../clib/scanf.c                          0x00000000   Number         0  scanf_fp.o ABSOLUTE
    ../clib/scanf.c                          0x00000000   Number         0  _sgetc.o ABSOLUTE
    ../fplib/microlib/d2f.c                  0x00000000   Number         0  d2f.o ABSOLUTE
    ../fplib/microlib/f2d.c                  0x00000000   Number         0  f2d.o ABSOLUTE
    ../fplib/microlib/fpadd.c                0x00000000   Number         0  dadd.o ABSOLUTE
    ../fplib/microlib/fpdiv.c                0x00000000   Number         0  ddiv.o ABSOLUTE
    ../fplib/microlib/fpepilogue.c           0x00000000   Number         0  fepilogue.o ABSOLUTE
    ../fplib/microlib/fpepilogue.c           0x00000000   Number         0  depilogue.o ABSOLUTE
    ../fplib/microlib/fpfix.c                0x00000000   Number         0  dfixul.o ABSOLUTE
    ../fplib/microlib/fpfix.c                0x00000000   Number         0  dfixi.o ABSOLUTE
    ../fplib/microlib/fpflt.c                0x00000000   Number         0  dfltul.o ABSOLUTE
    ../fplib/microlib/fpflt.c                0x00000000   Number         0  dfltui.o ABSOLUTE
    ../fplib/microlib/fpflt.c                0x00000000   Number         0  dflti.o ABSOLUTE
    ../fplib/microlib/fpmul.c                0x00000000   Number         0  dmul.o ABSOLUTE
    ../fplib/microlib/fpscalb.c              0x00000000   Number         0  dscalb.o ABSOLUTE
    ../fplib/microlib/fpsqrt.c               0x00000000   Number         0  dsqrt.o ABSOLUTE
    ../mathlib/acos.c                        0x00000000   Number         0  acos_x.o ABSOLUTE
    ../mathlib/acos.c                        0x00000000   Number         0  acos.o ABSOLUTE
    ../mathlib/asin.c                        0x00000000   Number         0  asin_x.o ABSOLUTE
    ../mathlib/asin.c                        0x00000000   Number         0  asin.o ABSOLUTE
    ../mathlib/atan.c                        0x00000000   Number         0  atan_x.o ABSOLUTE
    ../mathlib/atan.c                        0x00000000   Number         0  atan.o ABSOLUTE
    ../mathlib/atan2.c                       0x00000000   Number         0  atan2.o ABSOLUTE
    ../mathlib/atan2.c                       0x00000000   Number         0  atan2_x.o ABSOLUTE
    ../mathlib/ceil.c                        0x00000000   Number         0  ceil.o ABSOLUTE
    ../mathlib/cos.c                         0x00000000   Number         0  cos_x.o ABSOLUTE
    ../mathlib/cos.c                         0x00000000   Number         0  cos.o ABSOLUTE
    ../mathlib/cos_i.c                       0x00000000   Number         0  cos_i.o ABSOLUTE
    ../mathlib/dunder.c                      0x00000000   Number         0  dunder.o ABSOLUTE
    ../mathlib/fpclassify.c                  0x00000000   Number         0  fpclassify.o ABSOLUTE
    ../mathlib/modf.c                        0x00000000   Number         0  modf.o ABSOLUTE
    ../mathlib/poly.c                        0x00000000   Number         0  poly.o ABSOLUTE
    ../mathlib/pow.c                         0x00000000   Number         0  pow_x.o ABSOLUTE
    ../mathlib/pow.c                         0x00000000   Number         0  pow.o ABSOLUTE
    ../mathlib/qnan.c                        0x00000000   Number         0  qnan.o ABSOLUTE
    ../mathlib/rred.c                        0x00000000   Number         0  rred.o ABSOLUTE
    ../mathlib/sin.c                         0x00000000   Number         0  sin_x.o ABSOLUTE
    ../mathlib/sin.c                         0x00000000   Number         0  sin.o ABSOLUTE
    ../mathlib/sin_i.c                       0x00000000   Number         0  sin_i_x.o ABSOLUTE
    ../mathlib/sin_i.c                       0x00000000   Number         0  sin_i.o ABSOLUTE
    ../mathlib/sqrt.c                        0x00000000   Number         0  sqrt_x.o ABSOLUTE
    ../mathlib/sqrt.c                        0x00000000   Number         0  sqrt.o ABSOLUTE
    ../mathlib/strtod.c                      0x00000000   Number         0  strtod.o ABSOLUTE
    ../mathlib/tan.c                         0x00000000   Number         0  tan.o ABSOLUTE
    ../mathlib/tan.c                         0x00000000   Number         0  tan_x.o ABSOLUTE
    ../mathlib/tan_i.c                       0x00000000   Number         0  tan_i.o ABSOLUTE
    ../mathlib/tan_i.c                       0x00000000   Number         0  tan_i_x.o ABSOLUTE
    ..\..\Libraries\CMSIS\core_cm3.c         0x00000000   Number         0  core_cm3.o ABSOLUTE
    ..\..\Libraries\CMSIS\startup\startup_stm32f10x_hd.s 0x00000000   Number         0  startup_stm32f10x_hd.o ABSOLUTE
    ..\..\Libraries\CMSIS\system_stm32f10x.c 0x00000000   Number         0  system_stm32f10x.o ABSOLUTE
    ..\..\Libraries\FWlib\src\misc.c         0x00000000   Number         0  misc.o ABSOLUTE
    ..\..\Libraries\FWlib\src\stm32f10x_adc.c 0x00000000   Number         0  stm32f10x_adc.o ABSOLUTE
    ..\..\Libraries\FWlib\src\stm32f10x_bkp.c 0x00000000   Number         0  stm32f10x_bkp.o ABSOLUTE
    ..\..\Libraries\FWlib\src\stm32f10x_can.c 0x00000000   Number         0  stm32f10x_can.o ABSOLUTE
    ..\..\Libraries\FWlib\src\stm32f10x_cec.c 0x00000000   Number         0  stm32f10x_cec.o ABSOLUTE
    ..\..\Libraries\FWlib\src\stm32f10x_crc.c 0x00000000   Number         0  stm32f10x_crc.o ABSOLUTE
    ..\..\Libraries\FWlib\src\stm32f10x_dac.c 0x00000000   Number         0  stm32f10x_dac.o ABSOLUTE
    ..\..\Libraries\FWlib\src\stm32f10x_dbgmcu.c 0x00000000   Number         0  stm32f10x_dbgmcu.o ABSOLUTE
    ..\..\Libraries\FWlib\src\stm32f10x_dma.c 0x00000000   Number         0  stm32f10x_dma.o ABSOLUTE
    ..\..\Libraries\FWlib\src\stm32f10x_exti.c 0x00000000   Number         0  stm32f10x_exti.o ABSOLUTE
    ..\..\Libraries\FWlib\src\stm32f10x_flash.c 0x00000000   Number         0  stm32f10x_flash.o ABSOLUTE
    ..\..\Libraries\FWlib\src\stm32f10x_fsmc.c 0x00000000   Number         0  stm32f10x_fsmc.o ABSOLUTE
    ..\..\Libraries\FWlib\src\stm32f10x_gpio.c 0x00000000   Number         0  stm32f10x_gpio.o ABSOLUTE
    ..\..\Libraries\FWlib\src\stm32f10x_i2c.c 0x00000000   Number         0  stm32f10x_i2c.o ABSOLUTE
    ..\..\Libraries\FWlib\src\stm32f10x_iwdg.c 0x00000000   Number         0  stm32f10x_iwdg.o ABSOLUTE
    ..\..\Libraries\FWlib\src\stm32f10x_pwr.c 0x00000000   Number         0  stm32f10x_pwr.o ABSOLUTE
    ..\..\Libraries\FWlib\src\stm32f10x_rcc.c 0x00000000   Number         0  stm32f10x_rcc.o ABSOLUTE
    ..\..\Libraries\FWlib\src\stm32f10x_rtc.c 0x00000000   Number         0  stm32f10x_rtc.o ABSOLUTE
    ..\..\Libraries\FWlib\src\stm32f10x_sdio.c 0x00000000   Number         0  stm32f10x_sdio.o ABSOLUTE
    ..\..\Libraries\FWlib\src\stm32f10x_spi.c 0x00000000   Number         0  stm32f10x_spi.o ABSOLUTE
    ..\..\Libraries\FWlib\src\stm32f10x_tim.c 0x00000000   Number         0  stm32f10x_tim.o ABSOLUTE
    ..\..\Libraries\FWlib\src\stm32f10x_usart.c 0x00000000   Number         0  stm32f10x_usart.o ABSOLUTE
    ..\..\Libraries\FWlib\src\stm32f10x_wwdg.c 0x00000000   Number         0  stm32f10x_wwdg.o ABSOLUTE
    ..\..\User\GPRS\gprs.c                   0x00000000   Number         0  gprs.o ABSOLUTE
    ..\..\User\GPRS\timer.c                  0x00000000   Number         0  timer.o ABSOLUTE
    ..\..\User\SysTick\bsp_SysTick.c         0x00000000   Number         0  bsp_systick.o ABSOLUTE
    ..\..\User\UltrasonicWave\UltrasonicWave.c 0x00000000   Number         0  ultrasonicwave.o ABSOLUTE
    ..\..\User\UltrasonicWave\bsp_delay.c    0x00000000   Number         0  bsp_delay.o ABSOLUTE
    ..\..\User\UltrasonicWave\waveConfig.c   0x00000000   Number         0  waveconfig.o ABSOLUTE
    ..\..\User\angle\bsp_angle.c             0x00000000   Number         0  bsp_angle.o ABSOLUTE
    ..\..\User\gps\gps.c                     0x00000000   Number         0  gps.o ABSOLUTE
    ..\..\User\key\bsp_exti.c                0x00000000   Number         0  bsp_exti.o ABSOLUTE
    ..\..\User\main.c                        0x00000000   Number         0  main.o ABSOLUTE
    ..\..\User\nmea_decode\src\context.c     0x00000000   Number         0  context.o ABSOLUTE
    ..\..\User\nmea_decode\src\generate.c    0x00000000   Number         0  generate.o ABSOLUTE
    ..\..\User\nmea_decode\src\generator.c   0x00000000   Number         0  generator.o ABSOLUTE
    ..\..\User\nmea_decode\src\gmath.c       0x00000000   Number         0  gmath.o ABSOLUTE
    ..\..\User\nmea_decode\src\info.c        0x00000000   Number         0  info.o ABSOLUTE
    ..\..\User\nmea_decode\src\parse.c       0x00000000   Number         0  parse.o ABSOLUTE
    ..\..\User\nmea_decode\src\parser.c      0x00000000   Number         0  parser.o ABSOLUTE
    ..\..\User\nmea_decode\src\sentence.c    0x00000000   Number         0  sentence.o ABSOLUTE
    ..\..\User\nmea_decode\src\time.c        0x00000000   Number         0  time.o ABSOLUTE
    ..\..\User\nmea_decode\src\tok.c         0x00000000   Number         0  tok.o ABSOLUTE
    ..\..\User\stm32f10x_it.c                0x00000000   Number         0  stm32f10x_it.o ABSOLUTE
    ..\..\User\usart\bsp_usart1.c            0x00000000   Number         0  bsp_usart1.o ABSOLUTE
    ..\..\User\usart\bsp_usart4.c            0x00000000   Number         0  bsp_usart4.o ABSOLUTE
    ..\\..\\Libraries\\CMSIS\\core_cm3.c     0x00000000   Number         0  core_cm3.o ABSOLUTE
    cdcmple.s                                0x00000000   Number         0  cdcmple.o ABSOLUTE
    cdrcmple.s                               0x00000000   Number         0  cdrcmple.o ABSOLUTE
    cfcmple.s                                0x00000000   Number         0  cfcmple.o ABSOLUTE
    cfrcmple.s                               0x00000000   Number         0  cfrcmple.o ABSOLUTE
    dc.s                                     0x00000000   Number         0  dc.o ABSOLUTE
    handlers.s                               0x00000000   Number         0  handlers.o ABSOLUTE
    init.s                                   0x00000000   Number         0  init.o ABSOLUTE
    RESET                                    0x08000000   Section      304  startup_stm32f10x_hd.o(RESET)
    .ARM.Collect$$$$00000000                 0x08000130   Section        0  entry.o(.ARM.Collect$$$$00000000)
    .ARM.Collect$$$$00000001                 0x08000130   Section        4  entry2.o(.ARM.Collect$$$$00000001)
    .ARM.Collect$$$$00000004                 0x08000134   Section        4  entry5.o(.ARM.Collect$$$$00000004)
    .ARM.Collect$$$$00000008                 0x08000138   Section        0  entry7b.o(.ARM.Collect$$$$00000008)
    .ARM.Collect$$$$0000000A                 0x08000138   Section        0  entry8b.o(.ARM.Collect$$$$0000000A)
    .ARM.Collect$$$$0000000B                 0x08000138   Section        8  entry9a.o(.ARM.Collect$$$$0000000B)
    .ARM.Collect$$$$0000000D                 0x08000140   Section        0  entry10a.o(.ARM.Collect$$$$0000000D)
    .ARM.Collect$$$$0000000F                 0x08000140   Section        0  entry11a.o(.ARM.Collect$$$$0000000F)
    .ARM.Collect$$$$00002712                 0x08000140   Section        4  entry2.o(.ARM.Collect$$$$00002712)
    __lit__00000000                          0x08000140   Data           4  entry2.o(.ARM.Collect$$$$00002712)
    .text                                    0x08000144   Section       36  startup_stm32f10x_hd.o(.text)
    .text                                    0x08000168   Section        0  system_stm32f10x.o(.text)
    SetSysClockTo72                          0x08000169   Thumb Code   214  system_stm32f10x.o(.text)
    SetSysClock                              0x0800023f   Thumb Code     8  system_stm32f10x.o(.text)
    .text                                    0x08000348   Section        0  misc.o(.text)
    .text                                    0x08000424   Section        0  stm32f10x_exti.o(.text)
    .text                                    0x08000540   Section        0  stm32f10x_gpio.o(.text)
    .text                                    0x0800089c   Section        0  stm32f10x_rcc.o(.text)
    .text                                    0x08000c40   Section        0  stm32f10x_tim.o(.text)
    TI4_Config                               0x080010e7   Thumb Code   130  stm32f10x_tim.o(.text)
    TI3_Config                               0x0800117b   Thumb Code   122  stm32f10x_tim.o(.text)
    TI2_Config                               0x0800120f   Thumb Code   130  stm32f10x_tim.o(.text)
    TI1_Config                               0x080012a3   Thumb Code   108  stm32f10x_tim.o(.text)
    .text                                    0x08001a5c   Section        0  stm32f10x_usart.o(.text)
    .text                                    0x08001e64   Section        0  main.o(.text)
    Periph_GPRS_Init                         0x08001e65   Thumb Code    20  main.o(.text)
    .text                                    0x08001edc   Section        0  stm32f10x_it.o(.text)
    .text                                    0x0800234c   Section        0  bsp_systick.o(.text)
    .text                                    0x08002428   Section        0  bsp_usart1.o(.text)
    .text                                    0x080025ac   Section        0  ultrasonicwave.o(.text)
    dealTIM_ICUserValueStructureData         0x080025ad   Thumb Code    54  ultrasonicwave.o(.text)
    .text                                    0x080026bc   Section        0  bsp_delay.o(.text)
    .text                                    0x080026e8   Section        0  waveconfig.o(.text)
    GENERAL1_TIM_NVIC_Config                 0x080026e9   Thumb Code    34  waveconfig.o(.text)
    GENERAL2_TIM_NVIC_Config                 0x0800270b   Thumb Code    34  waveconfig.o(.text)
    GENERAL1_TIM_GPIO_Config                 0x0800272d   Thumb Code   116  waveconfig.o(.text)
    GENERAL2_TIM_GPIO_Config                 0x080027a1   Thumb Code    32  waveconfig.o(.text)
    GENERAL1_TIM_Mode_Config                 0x080027c1   Thumb Code   154  waveconfig.o(.text)
    GENERAL2_TIM_Mode_Config                 0x0800285b   Thumb Code   114  waveconfig.o(.text)
    UltrasonicWave_Configuration             0x08002945   Thumb Code   108  waveconfig.o(.text)
    .text                                    0x080029d8   Section        0  bsp_angle.o(.text)
    .text                                    0x08002fec   Section        0  bsp_exti.o(.text)
    NVIC_Configuration                       0x08002fed   Thumb Code    40  bsp_exti.o(.text)
    .text                                    0x08003060   Section        0  gps.o(.text)
    .text                                    0x080033b0   Section        0  gprs.o(.text)
    .text                                    0x08003928   Section        0  timer.o(.text)
    .text                                    0x08003984   Section        0  bsp_usart4.o(.text)
    NVIC_Configuration                       0x08003985   Thumb Code    38  bsp_usart4.o(.text)
    .text                                    0x08003af4   Section        0  memcpya.o(.text)
    .text                                    0x08003b18   Section        0  memseta.o(.text)
    .text                                    0x08003b3c   Section        0  strcat.o(.text)
    .text                                    0x08003b54   Section        0  strstr.o(.text)
    .text                                    0x08003b78   Section        0  strcpy.o(.text)
    .text                                    0x08003b8a   Section        0  dadd.o(.text)
    .text                                    0x08003cd8   Section        0  dmul.o(.text)
    .text                                    0x08003dbc   Section        0  ddiv.o(.text)
    .text                                    0x08003e9a   Section        0  dflti.o(.text)
    .text                                    0x08003ebc   Section        0  f2d.o(.text)
    .text                                    0x08003ee4   Section       48  cdrcmple.o(.text)
    .text                                    0x08003f14   Section        0  d2f.o(.text)
    .text                                    0x08003f4c   Section       20  cfcmple.o(.text)
    .text                                    0x08003f60   Section       20  cfrcmple.o(.text)
    .text                                    0x08003f74   Section        0  uidiv.o(.text)
    .text                                    0x08003fa0   Section        0  uldiv.o(.text)
    .text                                    0x08004002   Section        0  llshl.o(.text)
    .text                                    0x08004020   Section        0  llushr.o(.text)
    .text                                    0x08004040   Section        0  llsshr.o(.text)
    .text                                    0x08004064   Section        0  fepilogue.o(.text)
    .text                                    0x08004064   Section        0  iusefp.o(.text)
    .text                                    0x080040d2   Section        0  depilogue.o(.text)
    .text                                    0x0800418c   Section        0  dscalb.o(.text)
    .text                                    0x080041ba   Section        0  dfixul.o(.text)
    .text                                    0x080041ec   Section       36  init.o(.text)
    i.__0printf                              0x08004210   Section        0  printfa.o(i.__0printf)
    i.__0sprintf                             0x08004230   Section        0  printfa.o(i.__0sprintf)
    i.__ARM_fpclassify                       0x08004258   Section        0  fpclassify.o(i.__ARM_fpclassify)
    i.__kernel_poly                          0x08004280   Section        0  poly.o(i.__kernel_poly)
    i.__mathlib_dbl_infnan                   0x0800432a   Section        0  dunder.o(i.__mathlib_dbl_infnan)
    i.__mathlib_dbl_infnan2                  0x08004330   Section        0  dunder.o(i.__mathlib_dbl_infnan2)
    i.__mathlib_dbl_underflow                0x08004334   Section        0  dunder.o(i.__mathlib_dbl_underflow)
    i.__scatterload_copy                     0x08004344   Section       14  handlers.o(i.__scatterload_copy)
    i.__scatterload_null                     0x08004352   Section        2  handlers.o(i.__scatterload_null)
    i.__scatterload_zeroinit                 0x08004354   Section       14  handlers.o(i.__scatterload_zeroinit)
    i._fp_digits                             0x08004364   Section        0  printfa.o(i._fp_digits)
    _fp_digits                               0x08004365   Thumb Code   366  printfa.o(i._fp_digits)
    i._printf_core                           0x080044e8   Section        0  printfa.o(i._printf_core)
    _printf_core                             0x080044e9   Thumb Code  1744  printfa.o(i._printf_core)
    i._printf_post_padding                   0x08004bc4   Section        0  printfa.o(i._printf_post_padding)
    _printf_post_padding                     0x08004bc5   Thumb Code    36  printfa.o(i._printf_post_padding)
    i._printf_pre_padding                    0x08004be8   Section        0  printfa.o(i._printf_pre_padding)
    _printf_pre_padding                      0x08004be9   Thumb Code    46  printfa.o(i._printf_pre_padding)
    i._sputc                                 0x08004c16   Section        0  printfa.o(i._sputc)
    _sputc                                   0x08004c17   Thumb Code    10  printfa.o(i._sputc)
    i.atan                                   0x08004c20   Section        0  atan.o(i.atan)
    i.atan2                                  0x08004e40   Section        0  atan2.o(i.atan2)
    .constdata                               0x08004fc0   Section       20  main.o(.constdata)
    .constdata                               0x08004fd8   Section      152  atan.o(.constdata)
    atanhi                                   0x08004fd8   Data          32  atan.o(.constdata)
    atanlo                                   0x08004ff8   Data          32  atan.o(.constdata)
    aTodd                                    0x08005018   Data          40  atan.o(.constdata)
    aTeven                                   0x08005040   Data          48  atan.o(.constdata)
    .constdata                               0x08005070   Section        8  qnan.o(.constdata)
    .conststring                             0x08005078   Section      159  gprs.o(.conststring)
    .data                                    0x20000000   Section       20  system_stm32f10x.o(.data)
    .data                                    0x20000014   Section       20  stm32f10x_rcc.o(.data)
    APBAHBPrescTable                         0x20000014   Data          16  stm32f10x_rcc.o(.data)
    ADCPrescTable                            0x20000024   Data           4  stm32f10x_rcc.o(.data)
    .data                                    0x20000028   Section        1  main.o(.data)
    .data                                    0x2000002c   Section        4  stm32f10x_it.o(.data)
    portNum                                  0x2000002c   Data           4  stm32f10x_it.o(.data)
    .data                                    0x20000030   Section        4  bsp_systick.o(.data)
    SysTickDelayTime                         0x20000030   Data           4  bsp_systick.o(.data)
    .data                                    0x20000034   Section        4  bsp_usart1.o(.data)
    .data                                    0x20000038   Section       22  ultrasonicwave.o(.data)
    .data                                    0x20000050   Section       32  bsp_angle.o(.data)
    .data                                    0x20000070   Section       14  gps.o(.data)
    .data                                    0x20000080   Section       10  gprs.o(.data)
    flag                                     0x20000089   Data           1  gprs.o(.data)
    .bss                                     0x2000008c   Section       30  waveconfig.o(.bss)
    .bss                                     0x200000aa   Section      321  gps.o(.bss)
    .bss                                     0x200001eb   Section      165  gprs.o(.bss)
    STACK                                    0x20000290   Section     1024  startup_stm32f10x_hd.o(STACK)

    Global Symbols

    Symbol Name                              Value     Ov Type        Size  Object(Section)

    BuildAttributes$$THM_ISAv4$P$D$K$B$S$PE$A:L22UL41UL21$X:L11$S22US41US21$IEEE1$IW$USESV6$~STKCKD$USESV7$~SHL$OTIME$ROPI$IEEEX$EBA8$MICROLIB$REQ8$PRES8$EABIv2 0x00000000   Number         0  anon$$obj.o ABSOLUTE
    __ARM_use_no_argv                        0x00000000   Number         0  main.o ABSOLUTE
    _printf_a                                0x00000000   Number         0  stubs.o ABSOLUTE
    _printf_c                                0x00000000   Number         0  stubs.o ABSOLUTE
    _printf_charcount                        0x00000000   Number         0  stubs.o ABSOLUTE
    _printf_d                                0x00000000   Number         0  stubs.o ABSOLUTE
    _printf_e                                0x00000000   Number         0  stubs.o ABSOLUTE
    _printf_f                                0x00000000   Number         0  stubs.o ABSOLUTE
    _printf_flags                            0x00000000   Number         0  stubs.o ABSOLUTE
    _printf_fp_dec                           0x00000000   Number         0  stubs.o ABSOLUTE
    _printf_fp_hex                           0x00000000   Number         0  stubs.o ABSOLUTE
    _printf_g                                0x00000000   Number         0  stubs.o ABSOLUTE
    _printf_i                                0x00000000   Number         0  stubs.o ABSOLUTE
    _printf_int_dec                          0x00000000   Number         0  stubs.o ABSOLUTE
    _printf_l                                0x00000000   Number         0  stubs.o ABSOLUTE
    _printf_lc                               0x00000000   Number         0  stubs.o ABSOLUTE
    _printf_ll                               0x00000000   Number         0  stubs.o ABSOLUTE
    _printf_lld                              0x00000000   Number         0  stubs.o ABSOLUTE
    _printf_lli                              0x00000000   Number         0  stubs.o ABSOLUTE
    _printf_llo                              0x00000000   Number         0  stubs.o ABSOLUTE
    _printf_llu                              0x00000000   Number         0  stubs.o ABSOLUTE
    _printf_llx                              0x00000000   Number         0  stubs.o ABSOLUTE
    _printf_longlong_dec                     0x00000000   Number         0  stubs.o ABSOLUTE
    _printf_longlong_hex                     0x00000000   Number         0  stubs.o ABSOLUTE
    _printf_longlong_oct                     0x00000000   Number         0  stubs.o ABSOLUTE
    _printf_ls                               0x00000000   Number         0  stubs.o ABSOLUTE
    _printf_mbtowc                           0x00000000   Number         0  stubs.o ABSOLUTE
    _printf_n                                0x00000000   Number         0  stubs.o ABSOLUTE
    _printf_o                                0x00000000   Number         0  stubs.o ABSOLUTE
    _printf_p                                0x00000000   Number         0  stubs.o ABSOLUTE
    _printf_percent                          0x00000000   Number         0  stubs.o ABSOLUTE
    _printf_pre_padding                      0x00000000   Number         0  stubs.o ABSOLUTE
    _printf_return_value                     0x00000000   Number         0  stubs.o ABSOLUTE
    _printf_s                                0x00000000   Number         0  stubs.o ABSOLUTE
    _printf_sizespec                         0x00000000   Number         0  stubs.o ABSOLUTE
    _printf_str                              0x00000000   Number         0  stubs.o ABSOLUTE
    _printf_truncate_signed                  0x00000000   Number         0  stubs.o ABSOLUTE
    _printf_truncate_unsigned                0x00000000   Number         0  stubs.o ABSOLUTE
    _printf_u                                0x00000000   Number         0  stubs.o ABSOLUTE
    _printf_wc                               0x00000000   Number         0  stubs.o ABSOLUTE
    _printf_wctomb                           0x00000000   Number         0  stubs.o ABSOLUTE
    _printf_widthprec                        0x00000000   Number         0  stubs.o ABSOLUTE
    _printf_x                                0x00000000   Number         0  stubs.o ABSOLUTE
    __cpp_initialize__aeabi_                  - Undefined Weak Reference
    __cxa_finalize                            - Undefined Weak Reference
    __decompress                              - Undefined Weak Reference
    _clock_init                               - Undefined Weak Reference
    _microlib_exit                            - Undefined Weak Reference
    __Vectors_Size                           0x00000130   Number         0  startup_stm32f10x_hd.o ABSOLUTE
    __Vectors                                0x08000000   Data           4  startup_stm32f10x_hd.o(RESET)
    __Vectors_End                            0x08000130   Data           0  startup_stm32f10x_hd.o(RESET)
    __main                                   0x08000131   Thumb Code     0  entry.o(.ARM.Collect$$$$00000000)
    _main_stk                                0x08000131   Thumb Code     0  entry2.o(.ARM.Collect$$$$00000001)
    _main_scatterload                        0x08000135   Thumb Code     0  entry5.o(.ARM.Collect$$$$00000004)
    __main_after_scatterload                 0x08000139   Thumb Code     0  entry5.o(.ARM.Collect$$$$00000004)
    _main_clock                              0x08000139   Thumb Code     0  entry7b.o(.ARM.Collect$$$$00000008)
    _main_cpp_init                           0x08000139   Thumb Code     0  entry8b.o(.ARM.Collect$$$$0000000A)
    _main_init                               0x08000139   Thumb Code     0  entry9a.o(.ARM.Collect$$$$0000000B)
    __rt_final_cpp                           0x08000141   Thumb Code     0  entry10a.o(.ARM.Collect$$$$0000000D)
    __rt_final_exit                          0x08000141   Thumb Code     0  entry11a.o(.ARM.Collect$$$$0000000F)
    Reset_Handler                            0x08000145   Thumb Code     8  startup_stm32f10x_hd.o(.text)
    ADC1_2_IRQHandler                        0x0800015f   Thumb Code     0  startup_stm32f10x_hd.o(.text)
    ADC3_IRQHandler                          0x0800015f   Thumb Code     0  startup_stm32f10x_hd.o(.text)
    CAN1_RX1_IRQHandler                      0x0800015f   Thumb Code     0  startup_stm32f10x_hd.o(.text)
    CAN1_SCE_IRQHandler                      0x0800015f   Thumb Code     0  startup_stm32f10x_hd.o(.text)
    DMA1_Channel1_IRQHandler                 0x0800015f   Thumb Code     0  startup_stm32f10x_hd.o(.text)
    DMA1_Channel2_IRQHandler                 0x0800015f   Thumb Code     0  startup_stm32f10x_hd.o(.text)
    DMA1_Channel3_IRQHandler                 0x0800015f   Thumb Code     0  startup_stm32f10x_hd.o(.text)
    DMA1_Channel4_IRQHandler                 0x0800015f   Thumb Code     0  startup_stm32f10x_hd.o(.text)
    DMA1_Channel5_IRQHandler                 0x0800015f   Thumb Code     0  startup_stm32f10x_hd.o(.text)
    DMA1_Channel6_IRQHandler                 0x0800015f   Thumb Code     0  startup_stm32f10x_hd.o(.text)
    DMA1_Channel7_IRQHandler                 0x0800015f   Thumb Code     0  startup_stm32f10x_hd.o(.text)
    DMA2_Channel1_IRQHandler                 0x0800015f   Thumb Code     0  startup_stm32f10x_hd.o(.text)
    DMA2_Channel2_IRQHandler                 0x0800015f   Thumb Code     0  startup_stm32f10x_hd.o(.text)
    DMA2_Channel3_IRQHandler                 0x0800015f   Thumb Code     0  startup_stm32f10x_hd.o(.text)
    DMA2_Channel4_5_IRQHandler               0x0800015f   Thumb Code     0  startup_stm32f10x_hd.o(.text)
    EXTI15_10_IRQHandler                     0x0800015f   Thumb Code     0  startup_stm32f10x_hd.o(.text)
    EXTI1_IRQHandler                         0x0800015f   Thumb Code     0  startup_stm32f10x_hd.o(.text)
    EXTI2_IRQHandler                         0x0800015f   Thumb Code     0  startup_stm32f10x_hd.o(.text)
    EXTI3_IRQHandler                         0x0800015f   Thumb Code     0  startup_stm32f10x_hd.o(.text)
    EXTI4_IRQHandler                         0x0800015f   Thumb Code     0  startup_stm32f10x_hd.o(.text)
    EXTI9_5_IRQHandler                       0x0800015f   Thumb Code     0  startup_stm32f10x_hd.o(.text)
    FLASH_IRQHandler                         0x0800015f   Thumb Code     0  startup_stm32f10x_hd.o(.text)
    FSMC_IRQHandler                          0x0800015f   Thumb Code     0  startup_stm32f10x_hd.o(.text)
    I2C1_ER_IRQHandler                       0x0800015f   Thumb Code     0  startup_stm32f10x_hd.o(.text)
    I2C1_EV_IRQHandler                       0x0800015f   Thumb Code     0  startup_stm32f10x_hd.o(.text)
    I2C2_ER_IRQHandler                       0x0800015f   Thumb Code     0  startup_stm32f10x_hd.o(.text)
    I2C2_EV_IRQHandler                       0x0800015f   Thumb Code     0  startup_stm32f10x_hd.o(.text)
    PVD_IRQHandler                           0x0800015f   Thumb Code     0  startup_stm32f10x_hd.o(.text)
    RCC_IRQHandler                           0x0800015f   Thumb Code     0  startup_stm32f10x_hd.o(.text)
    RTCAlarm_IRQHandler                      0x0800015f   Thumb Code     0  startup_stm32f10x_hd.o(.text)
    RTC_IRQHandler                           0x0800015f   Thumb Code     0  startup_stm32f10x_hd.o(.text)
    SDIO_IRQHandler                          0x0800015f   Thumb Code     0  startup_stm32f10x_hd.o(.text)
    SPI1_IRQHandler                          0x0800015f   Thumb Code     0  startup_stm32f10x_hd.o(.text)
    SPI2_IRQHandler                          0x0800015f   Thumb Code     0  startup_stm32f10x_hd.o(.text)
    SPI3_IRQHandler                          0x0800015f   Thumb Code     0  startup_stm32f10x_hd.o(.text)
    TAMPER_IRQHandler                        0x0800015f   Thumb Code     0  startup_stm32f10x_hd.o(.text)
    TIM1_BRK_IRQHandler                      0x0800015f   Thumb Code     0  startup_stm32f10x_hd.o(.text)
    TIM1_CC_IRQHandler                       0x0800015f   Thumb Code     0  startup_stm32f10x_hd.o(.text)
    TIM1_TRG_COM_IRQHandler                  0x0800015f   Thumb Code     0  startup_stm32f10x_hd.o(.text)
    TIM1_UP_IRQHandler                       0x0800015f   Thumb Code     0  startup_stm32f10x_hd.o(.text)
    TIM6_IRQHandler                          0x0800015f   Thumb Code     0  startup_stm32f10x_hd.o(.text)
    TIM7_IRQHandler                          0x0800015f   Thumb Code     0  startup_stm32f10x_hd.o(.text)
    TIM8_BRK_IRQHandler                      0x0800015f   Thumb Code     0  startup_stm32f10x_hd.o(.text)
    TIM8_CC_IRQHandler                       0x0800015f   Thumb Code     0  startup_stm32f10x_hd.o(.text)
    TIM8_TRG_COM_IRQHandler                  0x0800015f   Thumb Code     0  startup_stm32f10x_hd.o(.text)
    TIM8_UP_IRQHandler                       0x0800015f   Thumb Code     0  startup_stm32f10x_hd.o(.text)
    UART5_IRQHandler                         0x0800015f   Thumb Code     0  startup_stm32f10x_hd.o(.text)
    USART3_IRQHandler                        0x0800015f   Thumb Code     0  startup_stm32f10x_hd.o(.text)
    USBWakeUp_IRQHandler                     0x0800015f   Thumb Code     0  startup_stm32f10x_hd.o(.text)
    USB_HP_CAN1_TX_IRQHandler                0x0800015f   Thumb Code     0  startup_stm32f10x_hd.o(.text)
    USB_LP_CAN1_RX0_IRQHandler               0x0800015f   Thumb Code     0  startup_stm32f10x_hd.o(.text)
    WWDG_IRQHandler                          0x0800015f   Thumb Code     0  startup_stm32f10x_hd.o(.text)
    SystemInit                               0x08000247   Thumb Code    78  system_stm32f10x.o(.text)
    SystemCoreClockUpdate                    0x08000295   Thumb Code   142  system_stm32f10x.o(.text)
    NVIC_PriorityGroupConfig                 0x08000349   Thumb Code    10  misc.o(.text)
    NVIC_Init                                0x08000353   Thumb Code   100  misc.o(.text)
    NVIC_SetVectorTable                      0x080003b7   Thumb Code    14  misc.o(.text)
    NVIC_SystemLPConfig                      0x080003c5   Thumb Code    34  misc.o(.text)
    SysTick_CLKSourceConfig                  0x080003e7   Thumb Code    40  misc.o(.text)
    EXTI_DeInit                              0x08000425   Thumb Code    28  stm32f10x_exti.o(.text)
    EXTI_Init                                0x08000441   Thumb Code   142  stm32f10x_exti.o(.text)
    EXTI_StructInit                          0x080004cf   Thumb Code    16  stm32f10x_exti.o(.text)
    EXTI_GenerateSWInterrupt                 0x080004df   Thumb Code    16  stm32f10x_exti.o(.text)
    EXTI_GetFlagStatus                       0x080004ef   Thumb Code    22  stm32f10x_exti.o(.text)
    EXTI_ClearFlag                           0x08000505   Thumb Code     8  stm32f10x_exti.o(.text)
    EXTI_GetITStatus                         0x0800050d   Thumb Code    34  stm32f10x_exti.o(.text)
    EXTI_ClearITPendingBit                   0x0800052f   Thumb Code     8  stm32f10x_exti.o(.text)
    GPIO_DeInit                              0x08000541   Thumb Code   172  stm32f10x_gpio.o(.text)
    GPIO_AFIODeInit                          0x080005ed   Thumb Code    20  stm32f10x_gpio.o(.text)
    GPIO_Init                                0x08000601   Thumb Code   278  stm32f10x_gpio.o(.text)
    GPIO_StructInit                          0x08000717   Thumb Code    16  stm32f10x_gpio.o(.text)
    GPIO_ReadInputDataBit                    0x08000727   Thumb Code    18  stm32f10x_gpio.o(.text)
    GPIO_ReadInputData                       0x08000739   Thumb Code     8  stm32f10x_gpio.o(.text)
    GPIO_ReadOutputDataBit                   0x08000741   Thumb Code    18  stm32f10x_gpio.o(.text)
    GPIO_ReadOutputData                      0x08000753   Thumb Code     8  stm32f10x_gpio.o(.text)
    GPIO_SetBits                             0x0800075b   Thumb Code     4  stm32f10x_gpio.o(.text)
    GPIO_ResetBits                           0x0800075f   Thumb Code     4  stm32f10x_gpio.o(.text)
    GPIO_WriteBit                            0x08000763   Thumb Code    10  stm32f10x_gpio.o(.text)
    GPIO_Write                               0x0800076d   Thumb Code     4  stm32f10x_gpio.o(.text)
    GPIO_PinLockConfig                       0x08000771   Thumb Code    18  stm32f10x_gpio.o(.text)
    GPIO_EventOutputConfig                   0x08000783   Thumb Code    26  stm32f10x_gpio.o(.text)
    GPIO_EventOutputCmd                      0x0800079d   Thumb Code     6  stm32f10x_gpio.o(.text)
    GPIO_PinRemapConfig                      0x080007a3   Thumb Code   138  stm32f10x_gpio.o(.text)
    GPIO_EXTILineConfig                      0x0800082d   Thumb Code    66  stm32f10x_gpio.o(.text)
    GPIO_ETH_MediaInterfaceConfig            0x0800086f   Thumb Code     8  stm32f10x_gpio.o(.text)
    RCC_DeInit                               0x0800089d   Thumb Code    64  stm32f10x_rcc.o(.text)
    RCC_HSEConfig                            0x080008dd   Thumb Code    70  stm32f10x_rcc.o(.text)
    RCC_GetFlagStatus                        0x08000923   Thumb Code    56  stm32f10x_rcc.o(.text)
    RCC_WaitForHSEStartUp                    0x0800095b   Thumb Code    56  stm32f10x_rcc.o(.text)
    RCC_AdjustHSICalibrationValue            0x08000993   Thumb Code    20  stm32f10x_rcc.o(.text)
    RCC_HSICmd                               0x080009a7   Thumb Code     6  stm32f10x_rcc.o(.text)
    RCC_PLLConfig                            0x080009ad   Thumb Code    24  stm32f10x_rcc.o(.text)
    RCC_PLLCmd                               0x080009c5   Thumb Code     6  stm32f10x_rcc.o(.text)
    RCC_SYSCLKConfig                         0x080009cb   Thumb Code    18  stm32f10x_rcc.o(.text)
    RCC_GetSYSCLKSource                      0x080009dd   Thumb Code    10  stm32f10x_rcc.o(.text)
    RCC_HCLKConfig                           0x080009e7   Thumb Code    18  stm32f10x_rcc.o(.text)
    RCC_PCLK1Config                          0x080009f9   Thumb Code    18  stm32f10x_rcc.o(.text)
    RCC_PCLK2Config                          0x08000a0b   Thumb Code    20  stm32f10x_rcc.o(.text)
    RCC_ITConfig                             0x08000a1f   Thumb Code    26  stm32f10x_rcc.o(.text)
    RCC_USBCLKConfig                         0x08000a39   Thumb Code     8  stm32f10x_rcc.o(.text)
    RCC_ADCCLKConfig                         0x08000a41   Thumb Code    18  stm32f10x_rcc.o(.text)
    RCC_LSEConfig                            0x08000a53   Thumb Code    50  stm32f10x_rcc.o(.text)
    RCC_LSICmd                               0x08000a85   Thumb Code     6  stm32f10x_rcc.o(.text)
    RCC_RTCCLKConfig                         0x08000a8b   Thumb Code    12  stm32f10x_rcc.o(.text)
    RCC_RTCCLKCmd                            0x08000a97   Thumb Code     8  stm32f10x_rcc.o(.text)
    RCC_GetClocksFreq                        0x08000a9f   Thumb Code   192  stm32f10x_rcc.o(.text)
    RCC_AHBPeriphClockCmd                    0x08000b5f   Thumb Code    26  stm32f10x_rcc.o(.text)
    RCC_APB2PeriphClockCmd                   0x08000b79   Thumb Code    26  stm32f10x_rcc.o(.text)
    RCC_APB1PeriphClockCmd                   0x08000b93   Thumb Code    26  stm32f10x_rcc.o(.text)
    RCC_APB2PeriphResetCmd                   0x08000bad   Thumb Code    26  stm32f10x_rcc.o(.text)
    RCC_APB1PeriphResetCmd                   0x08000bc7   Thumb Code    26  stm32f10x_rcc.o(.text)
    RCC_BackupResetCmd                       0x08000be1   Thumb Code     8  stm32f10x_rcc.o(.text)
    RCC_ClockSecuritySystemCmd               0x08000be9   Thumb Code     6  stm32f10x_rcc.o(.text)
    RCC_MCOConfig                            0x08000bef   Thumb Code     6  stm32f10x_rcc.o(.text)
    RCC_ClearFlag                            0x08000bf5   Thumb Code    14  stm32f10x_rcc.o(.text)
    RCC_GetITStatus                          0x08000c03   Thumb Code    20  stm32f10x_rcc.o(.text)
    RCC_ClearITPendingBit                    0x08000c17   Thumb Code     6  stm32f10x_rcc.o(.text)
    TIM_DeInit                               0x08000c41   Thumb Code   424  stm32f10x_tim.o(.text)
    TIM_TimeBaseInit                         0x08000de9   Thumb Code   122  stm32f10x_tim.o(.text)
    TIM_OC1Init                              0x08000e63   Thumb Code   132  stm32f10x_tim.o(.text)
    TIM_OC2Init                              0x08000ee7   Thumb Code   154  stm32f10x_tim.o(.text)
    TIM_OC3Init                              0x08000f81   Thumb Code   150  stm32f10x_tim.o(.text)
    TIM_OC4Init                              0x08001017   Thumb Code   182  stm32f10x_tim.o(.text)
    TIM_SetIC4Prescaler                      0x080010cd   Thumb Code    26  stm32f10x_tim.o(.text)
    TIM_SetIC3Prescaler                      0x08001169   Thumb Code    18  stm32f10x_tim.o(.text)
    TIM_SetIC2Prescaler                      0x080011f5   Thumb Code    26  stm32f10x_tim.o(.text)
    TIM_SetIC1Prescaler                      0x08001291   Thumb Code    18  stm32f10x_tim.o(.text)
    TIM_ICInit                               0x0800130f   Thumb Code   150  stm32f10x_tim.o(.text)
    TIM_PWMIConfig                           0x080013a5   Thumb Code   124  stm32f10x_tim.o(.text)
    TIM_BDTRConfig                           0x08001421   Thumb Code    32  stm32f10x_tim.o(.text)
    TIM_TimeBaseStructInit                   0x08001441   Thumb Code    18  stm32f10x_tim.o(.text)
    TIM_OCStructInit                         0x08001453   Thumb Code    20  stm32f10x_tim.o(.text)
    TIM_ICStructInit                         0x08001467   Thumb Code    18  stm32f10x_tim.o(.text)
    TIM_BDTRStructInit                       0x08001479   Thumb Code    40  stm32f10x_tim.o(.text)
    TIM_Cmd                                  0x080014a1   Thumb Code    24  stm32f10x_tim.o(.text)
    TIM_CtrlPWMOutputs                       0x080014b9   Thumb Code    30  stm32f10x_tim.o(.text)
    TIM_ITConfig                             0x080014d7   Thumb Code    18  stm32f10x_tim.o(.text)
    TIM_GenerateEvent                        0x080014e9   Thumb Code     4  stm32f10x_tim.o(.text)
    TIM_DMAConfig                            0x080014ed   Thumb Code    10  stm32f10x_tim.o(.text)
    TIM_DMACmd                               0x080014f7   Thumb Code    18  stm32f10x_tim.o(.text)
    TIM_InternalClockConfig                  0x08001509   Thumb Code    12  stm32f10x_tim.o(.text)
    TIM_SelectInputTrigger                   0x08001515   Thumb Code    18  stm32f10x_tim.o(.text)
    TIM_ITRxExternalClockConfig              0x08001527   Thumb Code    24  stm32f10x_tim.o(.text)
    TIM_TIxExternalClockConfig               0x0800153f   Thumb Code    62  stm32f10x_tim.o(.text)
    TIM_ETRConfig                            0x0800157d   Thumb Code    28  stm32f10x_tim.o(.text)
    TIM_ETRClockMode1Config                  0x08001599   Thumb Code    54  stm32f10x_tim.o(.text)
    TIM_ETRClockMode2Config                  0x080015cf   Thumb Code    32  stm32f10x_tim.o(.text)
    TIM_PrescalerConfig                      0x080015ef   Thumb Code     6  stm32f10x_tim.o(.text)
    TIM_CounterModeConfig                    0x080015f5   Thumb Code    18  stm32f10x_tim.o(.text)
    TIM_EncoderInterfaceConfig               0x08001607   Thumb Code    66  stm32f10x_tim.o(.text)
    TIM_ForcedOC1Config                      0x08001649   Thumb Code    18  stm32f10x_tim.o(.text)
    TIM_ForcedOC2Config                      0x0800165b   Thumb Code    26  stm32f10x_tim.o(.text)
    TIM_ForcedOC3Config                      0x08001675   Thumb Code    18  stm32f10x_tim.o(.text)
    TIM_ForcedOC4Config                      0x08001687   Thumb Code    26  stm32f10x_tim.o(.text)
    TIM_ARRPreloadConfig                     0x080016a1   Thumb Code    24  stm32f10x_tim.o(.text)
    TIM_SelectCOM                            0x080016b9   Thumb Code    24  stm32f10x_tim.o(.text)
    TIM_SelectCCDMA                          0x080016d1   Thumb Code    24  stm32f10x_tim.o(.text)
    TIM_CCPreloadControl                     0x080016e9   Thumb Code    24  stm32f10x_tim.o(.text)
    TIM_OC1PreloadConfig                     0x08001701   Thumb Code    18  stm32f10x_tim.o(.text)
    TIM_OC2PreloadConfig                     0x08001713   Thumb Code    26  stm32f10x_tim.o(.text)
    TIM_OC3PreloadConfig                     0x0800172d   Thumb Code    18  stm32f10x_tim.o(.text)
    TIM_OC4PreloadConfig                     0x0800173f   Thumb Code    26  stm32f10x_tim.o(.text)
    TIM_OC1FastConfig                        0x08001759   Thumb Code    18  stm32f10x_tim.o(.text)
    TIM_OC2FastConfig                        0x0800176b   Thumb Code    26  stm32f10x_tim.o(.text)
    TIM_OC3FastConfig                        0x08001785   Thumb Code    18  stm32f10x_tim.o(.text)
    TIM_OC4FastConfig                        0x08001797   Thumb Code    26  stm32f10x_tim.o(.text)
    TIM_ClearOC1Ref                          0x080017b1   Thumb Code    18  stm32f10x_tim.o(.text)
    TIM_ClearOC2Ref                          0x080017c3   Thumb Code    24  stm32f10x_tim.o(.text)
    TIM_ClearOC3Ref                          0x080017db   Thumb Code    18  stm32f10x_tim.o(.text)
    TIM_ClearOC4Ref                          0x080017ed   Thumb Code    24  stm32f10x_tim.o(.text)
    TIM_OC1PolarityConfig                    0x08001805   Thumb Code    18  stm32f10x_tim.o(.text)
    TIM_OC1NPolarityConfig                   0x08001817   Thumb Code    18  stm32f10x_tim.o(.text)
    TIM_OC2PolarityConfig                    0x08001829   Thumb Code    26  stm32f10x_tim.o(.text)
    TIM_OC2NPolarityConfig                   0x08001843   Thumb Code    26  stm32f10x_tim.o(.text)
    TIM_OC3PolarityConfig                    0x0800185d   Thumb Code    26  stm32f10x_tim.o(.text)
    TIM_OC3NPolarityConfig                   0x08001877   Thumb Code    26  stm32f10x_tim.o(.text)
    TIM_OC4PolarityConfig                    0x08001891   Thumb Code    26  stm32f10x_tim.o(.text)
    TIM_CCxCmd                               0x080018ab   Thumb Code    30  stm32f10x_tim.o(.text)
    TIM_CCxNCmd                              0x080018c9   Thumb Code    30  stm32f10x_tim.o(.text)
    TIM_SelectOCxM                           0x080018e7   Thumb Code    82  stm32f10x_tim.o(.text)
    TIM_UpdateDisableConfig                  0x08001939   Thumb Code    24  stm32f10x_tim.o(.text)
    TIM_UpdateRequestConfig                  0x08001951   Thumb Code    24  stm32f10x_tim.o(.text)
    TIM_SelectHallSensor                     0x08001969   Thumb Code    24  stm32f10x_tim.o(.text)
    TIM_SelectOnePulseMode                   0x08001981   Thumb Code    18  stm32f10x_tim.o(.text)
    TIM_SelectOutputTrigger                  0x08001993   Thumb Code    18  stm32f10x_tim.o(.text)
    TIM_SelectSlaveMode                      0x080019a5   Thumb Code    18  stm32f10x_tim.o(.text)
    TIM_SelectMasterSlaveMode                0x080019b7   Thumb Code    18  stm32f10x_tim.o(.text)
    TIM_SetCounter                           0x080019c9   Thumb Code     4  stm32f10x_tim.o(.text)
    TIM_SetAutoreload                        0x080019cd   Thumb Code     4  stm32f10x_tim.o(.text)
    TIM_SetCompare1                          0x080019d1   Thumb Code     4  stm32f10x_tim.o(.text)
    TIM_SetCompare2                          0x080019d5   Thumb Code     4  stm32f10x_tim.o(.text)
    TIM_SetCompare3                          0x080019d9   Thumb Code     4  stm32f10x_tim.o(.text)
    TIM_SetCompare4                          0x080019dd   Thumb Code     6  stm32f10x_tim.o(.text)
    TIM_SetClockDivision                     0x080019e3   Thumb Code    18  stm32f10x_tim.o(.text)
    TIM_GetCapture1                          0x080019f5   Thumb Code     6  stm32f10x_tim.o(.text)
    TIM_GetCapture2                          0x080019fb   Thumb Code     6  stm32f10x_tim.o(.text)
    TIM_GetCapture3                          0x08001a01   Thumb Code     6  stm32f10x_tim.o(.text)
    TIM_GetCapture4                          0x08001a07   Thumb Code     8  stm32f10x_tim.o(.text)
    TIM_GetCounter                           0x08001a0f   Thumb Code     6  stm32f10x_tim.o(.text)
    TIM_GetPrescaler                         0x08001a15   Thumb Code     6  stm32f10x_tim.o(.text)
    TIM_GetFlagStatus                        0x08001a1b   Thumb Code    18  stm32f10x_tim.o(.text)
    TIM_ClearFlag                            0x08001a2d   Thumb Code     6  stm32f10x_tim.o(.text)
    TIM_GetITStatus                          0x08001a33   Thumb Code    34  stm32f10x_tim.o(.text)
    TIM_ClearITPendingBit                    0x08001a55   Thumb Code     6  stm32f10x_tim.o(.text)
    USART_DeInit                             0x08001a5d   Thumb Code   134  stm32f10x_usart.o(.text)
    USART_Init                               0x08001ae3   Thumb Code   210  stm32f10x_usart.o(.text)
    USART_StructInit                         0x08001bb5   Thumb Code    24  stm32f10x_usart.o(.text)
    USART_ClockInit                          0x08001bcd   Thumb Code    34  stm32f10x_usart.o(.text)
    USART_ClockStructInit                    0x08001bef   Thumb Code    12  stm32f10x_usart.o(.text)
    USART_Cmd                                0x08001bfb   Thumb Code    24  stm32f10x_usart.o(.text)
    USART_ITConfig                           0x08001c13   Thumb Code    74  stm32f10x_usart.o(.text)
    USART_DMACmd                             0x08001c5d   Thumb Code    18  stm32f10x_usart.o(.text)
    USART_SetAddress                         0x08001c6f   Thumb Code    18  stm32f10x_usart.o(.text)
    USART_WakeUpConfig                       0x08001c81   Thumb Code    18  stm32f10x_usart.o(.text)
    USART_ReceiverWakeUpCmd                  0x08001c93   Thumb Code    24  stm32f10x_usart.o(.text)
    USART_LINBreakDetectLengthConfig         0x08001cab   Thumb Code    18  stm32f10x_usart.o(.text)
    USART_LINCmd                             0x08001cbd   Thumb Code    24  stm32f10x_usart.o(.text)
    USART_SendData                           0x08001cd5   Thumb Code     8  stm32f10x_usart.o(.text)
    USART_ReceiveData                        0x08001cdd   Thumb Code    10  stm32f10x_usart.o(.text)
    USART_SendBreak                          0x08001ce7   Thumb Code    10  stm32f10x_usart.o(.text)
    USART_SetGuardTime                       0x08001cf1   Thumb Code    16  stm32f10x_usart.o(.text)
    USART_SetPrescaler                       0x08001d01   Thumb Code    16  stm32f10x_usart.o(.text)
    USART_SmartCardCmd                       0x08001d11   Thumb Code    24  stm32f10x_usart.o(.text)
    USART_SmartCardNACKCmd                   0x08001d29   Thumb Code    24  stm32f10x_usart.o(.text)
    USART_HalfDuplexCmd                      0x08001d41   Thumb Code    24  stm32f10x_usart.o(.text)
    USART_OverSampling8Cmd                   0x08001d59   Thumb Code    22  stm32f10x_usart.o(.text)
    USART_OneBitMethodCmd                    0x08001d6f   Thumb Code    24  stm32f10x_usart.o(.text)
    USART_IrDAConfig                         0x08001d87   Thumb Code    18  stm32f10x_usart.o(.text)
    USART_IrDACmd                            0x08001d99   Thumb Code    24  stm32f10x_usart.o(.text)
    USART_GetFlagStatus                      0x08001db1   Thumb Code    26  stm32f10x_usart.o(.text)
    USART_ClearFlag                          0x08001dcb   Thumb Code    18  stm32f10x_usart.o(.text)
    USART_GetITStatus                        0x08001ddd   Thumb Code    84  stm32f10x_usart.o(.text)
    USART_ClearITPendingBit                  0x08001e31   Thumb Code    52  stm32f10x_usart.o(.text)
    delay_0                                  0x08001e79   Thumb Code    12  main.o(.text)
    main                                     0x08001e85   Thumb Code    64  main.o(.text)
    NMI_Handler                              0x08001edd   Thumb Code     2  stm32f10x_it.o(.text)
    HardFault_Handler                        0x08001edf   Thumb Code    10  stm32f10x_it.o(.text)
    MemManage_Handler                        0x08001ee9   Thumb Code     4  stm32f10x_it.o(.text)
    BusFault_Handler                         0x08001eed   Thumb Code     4  stm32f10x_it.o(.text)
    UsageFault_Handler                       0x08001ef1   Thumb Code     4  stm32f10x_it.o(.text)
    SVC_Handler                              0x08001ef5   Thumb Code     2  stm32f10x_it.o(.text)
    DebugMon_Handler                         0x08001ef7   Thumb Code     2  stm32f10x_it.o(.text)
    PendSV_Handler                           0x08001ef9   Thumb Code     2  stm32f10x_it.o(.text)
    SysTick_Handler                          0x08001efb   Thumb Code     8  stm32f10x_it.o(.text)
    USART1_IRQHandler                        0x08001f03   Thumb Code    88  stm32f10x_it.o(.text)
    TIM3_IRQHandler                          0x08001f5b   Thumb Code   476  stm32f10x_it.o(.text)
    TIM4_IRQHandler                          0x08002137   Thumb Code   138  stm32f10x_it.o(.text)
    TIM5_IRQHandler                          0x080021c1   Thumb Code    72  stm32f10x_it.o(.text)
    EXTI0_IRQHandler                         0x08002209   Thumb Code    22  stm32f10x_it.o(.text)
    USART2_IRQHandler                        0x0800221f   Thumb Code   134  stm32f10x_it.o(.text)
    SysTick_Init_Config                      0x0800234d   Thumb Code   108  bsp_systick.o(.text)
    delay_ms                                 0x080023b9   Thumb Code    38  bsp_systick.o(.text)
    Delay_nS                                 0x080023df   Thumb Code    38  bsp_systick.o(.text)
    SysTickDelayTime_Counter                 0x08002405   Thumb Code    18  bsp_systick.o(.text)
    USART1_Config                            0x08002429   Thumb Code   152  bsp_usart1.o(.text)
    NVIC_Configuration                       0x080024c1   Thumb Code    40  bsp_usart1.o(.text)
    _sys_exit                                0x080024e9   Thumb Code     4  bsp_usart1.o(.text)
    fputc                                    0x080024ed   Thumb Code    32  bsp_usart1.o(.text)
    fgetc                                    0x0800250d   Thumb Code    26  bsp_usart1.o(.text)
    UART1_SendString                         0x08002527   Thumb Code    38  bsp_usart1.o(.text)
    SendGlasses                              0x0800254d   Thumb Code    74  bsp_usart1.o(.text)
    UltrasonicWave_StartMeasure              0x080025e3   Thumb Code    30  ultrasonicwave.o(.text)
    UltrasonicWave                           0x08002601   Thumb Code   148  ultrasonicwave.o(.text)
    delayUs                                  0x080026bd   Thumb Code    20  bsp_delay.o(.text)
    delayMs                                  0x080026d1   Thumb Code    22  bsp_delay.o(.text)
    GENERAL_TIM_Init                         0x080028cd   Thumb Code    28  waveconfig.o(.text)
    TIM5_Init                                0x080028e9   Thumb Code    92  waveconfig.o(.text)
    WaveConfig                               0x080029b1   Thumb Code    16  waveconfig.o(.text)
    DATA_printf                              0x080029d9   Thumb Code   114  bsp_angle.o(.text)
    I2C_GPIO_Config                          0x08002a4b   Thumb Code    64  bsp_angle.o(.text)
    I2C_delay                                0x08002a8b   Thumb Code    14  bsp_angle.o(.text)
    delay5ms                                 0x08002a99   Thumb Code    14  bsp_angle.o(.text)
    I2C_Start                                0x08002aa7   Thumb Code    86  bsp_angle.o(.text)
    I2C_Stop                                 0x08002afd   Thumb Code    52  bsp_angle.o(.text)
    I2C_Ack                                  0x08002b31   Thumb Code    52  bsp_angle.o(.text)
    I2C_NoAck                                0x08002b65   Thumb Code    52  bsp_angle.o(.text)
    I2C_WaitAck                              0x08002b99   Thumb Code    82  bsp_angle.o(.text)
    I2C_SendByte                             0x08002beb   Thumb Code    84  bsp_angle.o(.text)
    I2C_RadeByte                             0x08002c3f   Thumb Code    82  bsp_angle.o(.text)
    Single_WriteLSM303D                      0x08002c91   Thumb Code    66  bsp_angle.o(.text)
    Single_Read                              0x08002cd3   Thumb Code    86  bsp_angle.o(.text)
    Multiple_read                            0x08002d29   Thumb Code   110  bsp_angle.o(.text)
    InitLSM303D                              0x08002d97   Thumb Code    34  bsp_angle.o(.text)
    Delay                                    0x08002db9   Thumb Code    18  bsp_angle.o(.text)
    Delayms                                  0x08002dcb   Thumb Code    32  bsp_angle.o(.text)
    delay1_1ms                               0x08002deb   Thumb Code    26  bsp_angle.o(.text)
    getAngle                                 0x08002e05   Thumb Code   428  bsp_angle.o(.text)
    EXTI_PA0_Config                          0x08003015   Thumb Code    72  bsp_exti.o(.text)
    CLR_Buf                                  0x08003061   Thumb Code    18  gps.o(.text)
    clrStruct                                0x08003073   Thumb Code    72  gps.o(.text)
    USART2_Config                            0x080030bb   Thumb Code   160  gps.o(.text)
    errorLog                                 0x0800315b   Thumb Code    14  gps.o(.text)
    parseGpsBuffer                           0x08003169   Thumb Code   234  gps.o(.text)
    printGpsBuffer                           0x08003253   Thumb Code   148  gps.o(.text)
    check_status                             0x080033b1   Thumb Code    28  gprs.o(.text)
    send_data_to_server                      0x080033cd   Thumb Code   248  gprs.o(.text)
    UART4_IRQHandler                         0x080034c5   Thumb Code    44  gprs.o(.text)
    TIM2_IRQHandler                          0x080034f1   Thumb Code    42  gprs.o(.text)
    CLR_Buf_4                                0x0800351b   Thumb Code    26  gprs.o(.text)
    Wait_CREG                                0x08003535   Thumb Code   144  gprs.o(.text)
    Find                                     0x080035c5   Thumb Code    22  gprs.o(.text)
    GPRS_Send_help                           0x080035db   Thumb Code   134  gprs.o(.text)
    GPRS_Send_GPS                            0x08003661   Thumb Code   196  gprs.o(.text)
    send_pdu_message                         0x08003725   Thumb Code   516  gprs.o(.text)
    Timer2_Init_Config                       0x08003929   Thumb Code    92  timer.o(.text)
    UART4_Init_Config                        0x080039ab   Thumb Code   134  bsp_usart4.o(.text)
    UART4_SendString                         0x08003a31   Thumb Code    38  bsp_usart4.o(.text)
    UART4_Send_Command                       0x08003a57   Thumb Code    22  bsp_usart4.o(.text)
    UART4_Send_AT_Command                    0x08003a6d   Thumb Code    54  bsp_usart4.o(.text)
    UART4_Send_Command_END                   0x08003aa3   Thumb Code    16  bsp_usart4.o(.text)
    UART4_Send_AT_Command_End                0x08003ab3   Thumb Code    54  bsp_usart4.o(.text)
    __aeabi_memcpy                           0x08003af5   Thumb Code    36  memcpya.o(.text)
    __aeabi_memcpy4                          0x08003af5   Thumb Code     0  memcpya.o(.text)
    __aeabi_memcpy8                          0x08003af5   Thumb Code     0  memcpya.o(.text)
    __aeabi_memset                           0x08003b19   Thumb Code    14  memseta.o(.text)
    __aeabi_memset4                          0x08003b19   Thumb Code     0  memseta.o(.text)
    __aeabi_memset8                          0x08003b19   Thumb Code     0  memseta.o(.text)
    __aeabi_memclr                           0x08003b27   Thumb Code     4  memseta.o(.text)
    __aeabi_memclr4                          0x08003b27   Thumb Code     0  memseta.o(.text)
    __aeabi_memclr8                          0x08003b27   Thumb Code     0  memseta.o(.text)
    _memset$wrapper                          0x08003b2b   Thumb Code    18  memseta.o(.text)
    strcat                                   0x08003b3d   Thumb Code    24  strcat.o(.text)
    strstr                                   0x08003b55   Thumb Code    36  strstr.o(.text)
    strcpy                                   0x08003b79   Thumb Code    18  strcpy.o(.text)
    __aeabi_dadd                             0x08003b8b   Thumb Code   322  dadd.o(.text)
    __aeabi_dsub                             0x08003ccd   Thumb Code     6  dadd.o(.text)
    __aeabi_drsub                            0x08003cd3   Thumb Code     6  dadd.o(.text)
    __aeabi_dmul                             0x08003cd9   Thumb Code   228  dmul.o(.text)
    __aeabi_ddiv                             0x08003dbd   Thumb Code   222  ddiv.o(.text)
    __aeabi_i2d                              0x08003e9b   Thumb Code    34  dflti.o(.text)
    __aeabi_f2d                              0x08003ebd   Thumb Code    38  f2d.o(.text)
    __aeabi_cdrcmple                         0x08003ee5   Thumb Code    48  cdrcmple.o(.text)
    __aeabi_d2f                              0x08003f15   Thumb Code    56  d2f.o(.text)
    __aeabi_cfcmpeq                          0x08003f4d   Thumb Code     0  cfcmple.o(.text)
    __aeabi_cfcmple                          0x08003f4d   Thumb Code    20  cfcmple.o(.text)
    __aeabi_cfrcmple                         0x08003f61   Thumb Code    20  cfrcmple.o(.text)
    __aeabi_uidiv                            0x08003f75   Thumb Code     0  uidiv.o(.text)
    __aeabi_uidivmod                         0x08003f75   Thumb Code    44  uidiv.o(.text)
    __aeabi_uldivmod                         0x08003fa1   Thumb Code    98  uldiv.o(.text)
    __aeabi_llsl                             0x08004003   Thumb Code    30  llshl.o(.text)
    _ll_shift_l                              0x08004003   Thumb Code     0  llshl.o(.text)
    __aeabi_llsr                             0x08004021   Thumb Code    32  llushr.o(.text)
    _ll_ushift_r                             0x08004021   Thumb Code     0  llushr.o(.text)
    __aeabi_lasr                             0x08004041   Thumb Code    36  llsshr.o(.text)
    _ll_sshift_r                             0x08004041   Thumb Code     0  llsshr.o(.text)
    __I$use$fp                               0x08004065   Thumb Code     0  iusefp.o(.text)
    _float_round                             0x08004065   Thumb Code    18  fepilogue.o(.text)
    _float_epilogue                          0x08004077   Thumb Code    92  fepilogue.o(.text)
    _double_round                            0x080040d3   Thumb Code    30  depilogue.o(.text)
    _double_epilogue                         0x080040f1   Thumb Code   156  depilogue.o(.text)
    __ARM_scalbn                             0x0800418d   Thumb Code    46  dscalb.o(.text)
    scalbn                                   0x0800418d   Thumb Code     0  dscalb.o(.text)
    __aeabi_d2ulz                            0x080041bb   Thumb Code    48  dfixul.o(.text)
    __scatterload                            0x080041ed   Thumb Code    28  init.o(.text)
    __scatterload_rt2                        0x080041ed   Thumb Code     0  init.o(.text)
    __0printf                                0x08004211   Thumb Code    22  printfa.o(i.__0printf)
    __1printf                                0x08004211   Thumb Code     0  printfa.o(i.__0printf)
    __2printf                                0x08004211   Thumb Code     0  printfa.o(i.__0printf)
    __c89printf                              0x08004211   Thumb Code     0  printfa.o(i.__0printf)
    printf                                   0x08004211   Thumb Code     0  printfa.o(i.__0printf)
    __0sprintf                               0x08004231   Thumb Code    34  printfa.o(i.__0sprintf)
    __1sprintf                               0x08004231   Thumb Code     0  printfa.o(i.__0sprintf)
    __2sprintf                               0x08004231   Thumb Code     0  printfa.o(i.__0sprintf)
    __c89sprintf                             0x08004231   Thumb Code     0  printfa.o(i.__0sprintf)
    sprintf                                  0x08004231   Thumb Code     0  printfa.o(i.__0sprintf)
    __ARM_fpclassify                         0x08004259   Thumb Code    40  fpclassify.o(i.__ARM_fpclassify)
    __kernel_poly                            0x08004281   Thumb Code   170  poly.o(i.__kernel_poly)
    __mathlib_dbl_infnan                     0x0800432b   Thumb Code     6  dunder.o(i.__mathlib_dbl_infnan)
    __mathlib_dbl_infnan2                    0x08004331   Thumb Code     4  dunder.o(i.__mathlib_dbl_infnan2)
    __mathlib_dbl_underflow                  0x08004335   Thumb Code    10  dunder.o(i.__mathlib_dbl_underflow)
    __scatterload_copy                       0x08004345   Thumb Code    14  handlers.o(i.__scatterload_copy)
    __scatterload_null                       0x08004353   Thumb Code     2  handlers.o(i.__scatterload_null)
    __scatterload_zeroinit                   0x08004355   Thumb Code    14  handlers.o(i.__scatterload_zeroinit)
    atan                                     0x08004c21   Thumb Code   474  atan.o(i.atan)
    atan2                                    0x08004e41   Thumb Code   346  atan2.o(i.atan2)
    __mathlib_zero                           0x08005070   Data           8  qnan.o(.constdata)
    Region$$Table$$Base                      0x08005118   Number         0  anon$$obj.o(Region$$Table)
    Region$$Table$$Limit                     0x08005138   Number         0  anon$$obj.o(Region$$Table)
    SystemCoreClock                          0x20000000   Data           4  system_stm32f10x.o(.data)
    AHBPrescTable                            0x20000004   Data          16  system_stm32f10x.o(.data)
    direction_flag                           0x20000028   Data           1  main.o(.data)
    __stdout                                 0x20000034   Data           4  bsp_usart1.o(.data)
    UltrasonicWave_Distance                  0x20000038   Data          20  ultrasonicwave.o(.data)
    MEASURE_FINISH                           0x2000004c   Data           1  ultrasonicwave.o(.data)
    MEASURE_FLAG                             0x2000004d   Data           1  ultrasonicwave.o(.data)
    TX_DATA                                  0x20000050   Data           5  bsp_angle.o(.data)
    BUF                                      0x20000055   Data           8  bsp_angle.o(.data)
    M_x                                      0x2000005e   Data           2  bsp_angle.o(.data)
    M_y                                      0x20000060   Data           2  bsp_angle.o(.data)
    M_z                                      0x20000062   Data           2  bsp_angle.o(.data)
    A_x                                      0x20000064   Data           2  bsp_angle.o(.data)
    A_y                                      0x20000066   Data           2  bsp_angle.o(.data)
    A_z                                      0x20000068   Data           2  bsp_angle.o(.data)
    test                                     0x2000006a   Data           1  bsp_angle.o(.data)
    angle                                    0x2000006c   Data           4  bsp_angle.o(.data)
    point1                                   0x20000070   Data           2  gps.o(.data)
    SendGPS                                  0x20000074   Data           8  gps.o(.data)
    USART_RX_STA                             0x2000007c   Data           2  gps.o(.data)
    AT_CMGS                                  0x20000080   Data           4  gprs.o(.data)
    pdu_content                              0x20000084   Data           4  gprs.o(.data)
    First_Int                                0x20000088   Data           1  gprs.o(.data)
    TIM_ICUserValueStructure                 0x2000008c   Data          30  waveconfig.o(.bss)
    Save_Data                                0x200000aa   Data         121  gps.o(.bss)
    USART_RX_BUF                             0x20000123   Data         200  gps.o(.bss)
    Uart4_Buf                                0x200001eb   Data         100  gprs.o(.bss)
    error_result                             0x2000024f   Data          20  gprs.o(.bss)
    server_ip_port_cmd                       0x20000263   Data          45  gprs.o(.bss)
    __initial_sp                             0x20000690   Data           0  startup_stm32f10x_hd.o(STACK)



==============================================================================

Memory Map of the image

  Image Entry point : 0x08000131

  Load Region LR_IROM1 (Base: 0x08000000, Size: 0x000051c4, Max: 0x00080000, ABSOLUTE)

    Execution Region ER_IROM1 (Exec base: 0x08000000, Load base: 0x08000000, Size: 0x00005138, Max: 0x00080000, ABSOLUTE)

    Exec Addr    Load Addr    Size         Type   Attr      Idx    E Section Name        Object

    0x08000000   0x08000000   0x00000130   Data   RO            3    RESET               startup_stm32f10x_hd.o
    0x08000130   0x08000130   0x00000000   Code   RO         1010  * .ARM.Collect$$$$00000000  mc_w.l(entry.o)
    0x08000130   0x08000130   0x00000004   Code   RO         1414    .ARM.Collect$$$$00000001  mc_w.l(entry2.o)
    0x08000134   0x08000134   0x00000004   Code   RO         1417    .ARM.Collect$$$$00000004  mc_w.l(entry5.o)
    0x08000138   0x08000138   0x00000000   Code   RO         1419    .ARM.Collect$$$$00000008  mc_w.l(entry7b.o)
    0x08000138   0x08000138   0x00000000   Code   RO         1421    .ARM.Collect$$$$0000000A  mc_w.l(entry8b.o)
    0x08000138   0x08000138   0x00000008   Code   RO         1422    .ARM.Collect$$$$0000000B  mc_w.l(entry9a.o)
    0x08000140   0x08000140   0x00000000   Code   RO         1424    .ARM.Collect$$$$0000000D  mc_w.l(entry10a.o)
    0x08000140   0x08000140   0x00000000   Code   RO         1426    .ARM.Collect$$$$0000000F  mc_w.l(entry11a.o)
    0x08000140   0x08000140   0x00000004   Code   RO         1415    .ARM.Collect$$$$00002712  mc_w.l(entry2.o)
    0x08000144   0x08000144   0x00000024   Code   RO            4    .text               startup_stm32f10x_hd.o
    0x08000168   0x08000168   0x000001e0   Code   RO           24    .text               system_stm32f10x.o
    0x08000348   0x08000348   0x000000dc   Code   RO          121    .text               misc.o
    0x08000424   0x08000424   0x0000011c   Code   RO          233    .text               stm32f10x_exti.o
    0x08000540   0x08000540   0x0000035c   Code   RO          269    .text               stm32f10x_gpio.o
    0x0800089c   0x0800089c   0x000003a4   Code   RO          317    .text               stm32f10x_rcc.o
    0x08000c40   0x08000c40   0x00000e1a   Code   RO          367    .text               stm32f10x_tim.o
    0x08001a5a   0x08001a5a   0x00000002   PAD
    0x08001a5c   0x08001a5c   0x00000408   Code   RO          379    .text               stm32f10x_usart.o
    0x08001e64   0x08001e64   0x00000078   Code   RO          403    .text               main.o
    0x08001edc   0x08001edc   0x00000470   Code   RO          473    .text               stm32f10x_it.o
    0x0800234c   0x0800234c   0x000000dc   Code   RO          500    .text               bsp_systick.o
    0x08002428   0x08002428   0x00000184   Code   RO          518    .text               bsp_usart1.o
    0x080025ac   0x080025ac   0x00000110   Code   RO          767    .text               ultrasonicwave.o
    0x080026bc   0x080026bc   0x0000002a   Code   RO          786    .text               bsp_delay.o
    0x080026e6   0x080026e6   0x00000002   PAD
    0x080026e8   0x080026e8   0x000002f0   Code   RO          798    .text               waveconfig.o
    0x080029d8   0x080029d8   0x00000614   Code   RO          820    .text               bsp_angle.o
    0x08002fec   0x08002fec   0x00000074   Code   RO          835    .text               bsp_exti.o
    0x08003060   0x08003060   0x00000350   Code   RO          847    .text               gps.o
    0x080033b0   0x080033b0   0x00000578   Code   RO          867    .text               gprs.o
    0x08003928   0x08003928   0x0000005c   Code   RO          893    .text               timer.o
    0x08003984   0x08003984   0x00000170   Code   RO          906    .text               bsp_usart4.o
    0x08003af4   0x08003af4   0x00000024   Code   RO         1044    .text               mc_w.l(memcpya.o)
    0x08003b18   0x08003b18   0x00000024   Code   RO         1046    .text               mc_w.l(memseta.o)
    0x08003b3c   0x08003b3c   0x00000018   Code   RO         1048    .text               mc_w.l(strcat.o)
    0x08003b54   0x08003b54   0x00000024   Code   RO         1050    .text               mc_w.l(strstr.o)
    0x08003b78   0x08003b78   0x00000012   Code   RO         1058    .text               mc_w.l(strcpy.o)
    0x08003b8a   0x08003b8a   0x0000014e   Code   RO         1353    .text               mf_w.l(dadd.o)
    0x08003cd8   0x08003cd8   0x000000e4   Code   RO         1355    .text               mf_w.l(dmul.o)
    0x08003dbc   0x08003dbc   0x000000de   Code   RO         1357    .text               mf_w.l(ddiv.o)
    0x08003e9a   0x08003e9a   0x00000022   Code   RO         1359    .text               mf_w.l(dflti.o)
    0x08003ebc   0x08003ebc   0x00000026   Code   RO         1363    .text               mf_w.l(f2d.o)
    0x08003ee2   0x08003ee2   0x00000002   PAD
    0x08003ee4   0x08003ee4   0x00000030   Code   RO         1367    .text               mf_w.l(cdrcmple.o)
    0x08003f14   0x08003f14   0x00000038   Code   RO         1369    .text               mf_w.l(d2f.o)
    0x08003f4c   0x08003f4c   0x00000014   Code   RO         1371    .text               mf_w.l(cfcmple.o)
    0x08003f60   0x08003f60   0x00000014   Code   RO         1373    .text               mf_w.l(cfrcmple.o)
    0x08003f74   0x08003f74   0x0000002c   Code   RO         1428    .text               mc_w.l(uidiv.o)
    0x08003fa0   0x08003fa0   0x00000062   Code   RO         1430    .text               mc_w.l(uldiv.o)
    0x08004002   0x08004002   0x0000001e   Code   RO         1432    .text               mc_w.l(llshl.o)
    0x08004020   0x08004020   0x00000020   Code   RO         1434    .text               mc_w.l(llushr.o)
    0x08004040   0x08004040   0x00000024   Code   RO         1436    .text               mc_w.l(llsshr.o)
    0x08004064   0x08004064   0x00000000   Code   RO         1451    .text               mc_w.l(iusefp.o)
    0x08004064   0x08004064   0x0000006e   Code   RO         1452    .text               mf_w.l(fepilogue.o)
    0x080040d2   0x080040d2   0x000000ba   Code   RO         1454    .text               mf_w.l(depilogue.o)
    0x0800418c   0x0800418c   0x0000002e   Code   RO         1456    .text               mf_w.l(dscalb.o)
    0x080041ba   0x080041ba   0x00000030   Code   RO         1460    .text               mf_w.l(dfixul.o)
    0x080041ea   0x080041ea   0x00000002   PAD
    0x080041ec   0x080041ec   0x00000024   Code   RO         1462    .text               mc_w.l(init.o)
    0x08004210   0x08004210   0x00000020   Code   RO         1295    i.__0printf         mc_w.l(printfa.o)
    0x08004230   0x08004230   0x00000028   Code   RO         1297    i.__0sprintf        mc_w.l(printfa.o)
    0x08004258   0x08004258   0x00000028   Code   RO         1392    i.__ARM_fpclassify  m_ws.l(fpclassify.o)
    0x08004280   0x08004280   0x000000aa   Code   RO         1394    i.__kernel_poly     m_ws.l(poly.o)
    0x0800432a   0x0800432a   0x00000006   Code   RO         1379    i.__mathlib_dbl_infnan  m_ws.l(dunder.o)
    0x08004330   0x08004330   0x00000004   Code   RO         1380    i.__mathlib_dbl_infnan2  m_ws.l(dunder.o)
    0x08004334   0x08004334   0x00000010   Code   RO         1384    i.__mathlib_dbl_underflow  m_ws.l(dunder.o)
    0x08004344   0x08004344   0x0000000e   Code   RO         1483    i.__scatterload_copy  mc_w.l(handlers.o)
    0x08004352   0x08004352   0x00000002   Code   RO         1484    i.__scatterload_null  mc_w.l(handlers.o)
    0x08004354   0x08004354   0x0000000e   Code   RO         1485    i.__scatterload_zeroinit  mc_w.l(handlers.o)
    0x08004362   0x08004362   0x00000002   PAD
    0x08004364   0x08004364   0x00000184   Code   RO         1302    i._fp_digits        mc_w.l(printfa.o)
    0x080044e8   0x080044e8   0x000006dc   Code   RO         1303    i._printf_core      mc_w.l(printfa.o)
    0x08004bc4   0x08004bc4   0x00000024   Code   RO         1304    i._printf_post_padding  mc_w.l(printfa.o)
    0x08004be8   0x08004be8   0x0000002e   Code   RO         1305    i._printf_pre_padding  mc_w.l(printfa.o)
    0x08004c16   0x08004c16   0x0000000a   Code   RO         1307    i._sputc            mc_w.l(printfa.o)
    0x08004c20   0x08004c20   0x00000220   Code   RO          939    i.atan              m_ws.l(atan.o)
    0x08004e40   0x08004e40   0x00000180   Code   RO          949    i.atan2             m_ws.l(atan2.o)
    0x08004fc0   0x08004fc0   0x00000014   Data   RO          404    .constdata          main.o
    0x08004fd4   0x08004fd4   0x00000004   PAD
    0x08004fd8   0x08004fd8   0x00000098   Data   RO          940    .constdata          m_ws.l(atan.o)
    0x08005070   0x08005070   0x00000008   Data   RO         1396    .constdata          m_ws.l(qnan.o)
    0x08005078   0x08005078   0x0000009f   Data   RO          869    .conststring        gprs.o
    0x08005117   0x08005117   0x00000001   PAD
    0x08005118   0x08005118   0x00000020   Data   RO         1481    Region$$Table       anon$$obj.o


    Execution Region RW_IRAM1 (Exec base: 0x20000000, Load base: 0x08005138, Size: 0x00000690, Max: 0x00010000, ABSOLUTE)

    Exec Addr    Load Addr    Size         Type   Attr      Idx    E Section Name        Object

    0x20000000   0x08005138   0x00000014   Data   RW           25    .data               system_stm32f10x.o
    0x20000014   0x0800514c   0x00000014   Data   RW          318    .data               stm32f10x_rcc.o
    0x20000028   0x08005160   0x00000001   Data   RW          405    .data               main.o
    0x20000029   0x08005161   0x00000003   PAD
    0x2000002c   0x08005164   0x00000004   Data   RW          474    .data               stm32f10x_it.o
    0x20000030   0x08005168   0x00000004   Data   RW          501    .data               bsp_systick.o
    0x20000034   0x0800516c   0x00000004   Data   RW          520    .data               bsp_usart1.o
    0x20000038   0x08005170   0x00000016   Data   RW          768    .data               ultrasonicwave.o
    0x2000004e   0x08005186   0x00000002   PAD
    0x20000050   0x08005188   0x00000020   Data   RW          821    .data               bsp_angle.o
    0x20000070   0x080051a8   0x0000000e   Data   RW          849    .data               gps.o
    0x2000007e   0x080051b6   0x00000002   PAD
    0x20000080   0x080051b8   0x0000000a   Data   RW          870    .data               gprs.o
    0x2000008a   0x080051c2   0x00000002   PAD
    0x2000008c        -       0x0000001e   Zero   RW          799    .bss                waveconfig.o
    0x200000aa        -       0x00000141   Zero   RW          848    .bss                gps.o
    0x200001eb        -       0x000000a5   Zero   RW          868    .bss                gprs.o
    0x20000290        -       0x00000400   Zero   RW            1    STACK               startup_stm32f10x_hd.o


==============================================================================

Image component sizes


      Code (inc. data)   RO Data    RW Data    ZI Data      Debug   Object Name

      1556         84          0         32          0       5401   bsp_angle.o
        42          0          0          0          0        642   bsp_delay.o
       116          4          0          0          0        706   bsp_exti.o
       220         18          0          4          0      16512   bsp_systick.o
       388         22          0          4          0       3723   bsp_usart1.o
       368         12          0          0          0       2295   bsp_usart4.o
         0          0          0          0          0       4508   core_cm3.o
      1400        398        159         10        165       4393   gprs.o
       848        210          0         14        321       3296   gps.o
       120         24         20          1          0       4543   main.o
       220         22          0          0          0       1805   misc.o
        36          8        304          0       1024        860   startup_stm32f10x_hd.o
       284         10          0          0          0       2263   stm32f10x_exti.o
       860         38          0          0          0       5737   stm32f10x_gpio.o
      1136        168          0          4          0       2743   stm32f10x_it.o
       932         36          0         20          0       8916   stm32f10x_rcc.o
      3610         88          0          0          0      22848   stm32f10x_tim.o
      1032         22          0          0          0       8464   stm32f10x_usart.o
       480         38          0         20          0     252427   system_stm32f10x.o
        92          0          0          0          0        561   timer.o
       272         46          0         22          0       1911   ultrasonicwave.o
       752         24          0          0         30       6295   waveconfig.o

    ----------------------------------------------------------------------
     14768       1272        520        140       1540     360849   Object Totals
         0          0         32          0          0          0   (incl. Generated)
         4          0          5          9          0          0   (incl. Padding)

    ----------------------------------------------------------------------

      Code (inc. data)   RO Data    RW Data    ZI Data      Debug   Library Member Name

       544         70        152          0          0        124   atan.o
       384         38          0          0          0        144   atan2.o
        26          6          0          0          0        204   dunder.o
        40          0          0          0          0         68   fpclassify.o
       170          0          0          0          0         96   poly.o
         0          0          8          0          0          0   qnan.o
         0          0          0          0          0          0   entry.o
         0          0          0          0          0          0   entry10a.o
         0          0          0          0          0          0   entry11a.o
         8          4          0          0          0          0   entry2.o
         4          0          0          0          0          0   entry5.o
         0          0          0          0          0          0   entry7b.o
         0          0          0          0          0          0   entry8b.o
         8          4          0          0          0          0   entry9a.o
        30          0          0          0          0          0   handlers.o
        36          8          0          0          0         68   init.o
         0          0          0          0          0          0   iusefp.o
        30          0          0          0          0         68   llshl.o
        36          0          0          0          0         68   llsshr.o
        32          0          0          0          0         68   llushr.o
        36          0          0          0          0         68   memcpya.o
        36          0          0          0          0        108   memseta.o
      2308         96          0          0          0        604   printfa.o
        24          0          0          0          0         68   strcat.o
        18          0          0          0          0         68   strcpy.o
        36          0          0          0          0         80   strstr.o
        44          0          0          0          0         80   uidiv.o
        98          0          0          0          0         92   uldiv.o
        48          0          0          0          0         68   cdrcmple.o
        20          0          0          0          0         68   cfcmple.o
        20          0          0          0          0         68   cfrcmple.o
        56          0          0          0          0         88   d2f.o
       334          0          0          0          0        148   dadd.o
       222          0          0          0          0        100   ddiv.o
       186          0          0          0          0        176   depilogue.o
        48          0          0          0          0         68   dfixul.o
        34          0          0          0          0         76   dflti.o
       228          0          0          0          0         96   dmul.o
        46          0          0          0          0         80   dscalb.o
        38          0          0          0          0         68   f2d.o
       110          0          0          0          0        168   fepilogue.o

    ----------------------------------------------------------------------
      5344        226        160          0          0       3348   Library Totals
         6          0          0          0          0          0   (incl. Padding)

    ----------------------------------------------------------------------

      Code (inc. data)   RO Data    RW Data    ZI Data      Debug   Library Name

      1164        114        160          0          0        636   m_ws.l
      2784        112          0          0          0       1440   mc_w.l
      1390          0          0          0          0       1272   mf_w.l

    ----------------------------------------------------------------------
      5344        226        160          0          0       3348   Library Totals

    ----------------------------------------------------------------------

==============================================================================


      Code (inc. data)   RO Data    RW Data    ZI Data      Debug   

     20112       1498        680        140       1540     360709   Grand Totals
     20112       1498        680        140       1540     360709   ELF Image Totals
     20112       1498        680        140          0          0   ROM Totals

==============================================================================

    Total RO  Size (Code + RO Data)                20792 (  20.30kB)
    Total RW  Size (RW Data + ZI Data)              1680 (   1.64kB)
    Total ROM Size (Code + RO Data + RW Data)      20932 (  20.44kB)

==============================================================================

