<html>
<body>
<pre>
<h1>礦ision Build Log</h1>
<h2>Project:</h2>
G:\InSchool\工作室\项目\辅助盲人出行的智能可穿戴设备\代码\智能拐杖\拐杖代码20180317\Project\RVMDK（uv4）\iSO-STM32.uvprojx
Project File Date:  03/25/2018

<h2>Output:</h2>
Build target '智能拐杖'
compiling main.c...
linking...
Program Size: Code=25068 RO-data=676 RW-data=112 ZI-data=6288  
FromELF: creating hex file...
"..\..\Output\Template.axf" - 0 Error(s), 0 Warning(s).

<h2>Software Packages used:</h2>

Package Vendor: ARM
                http://www.keil.com/pack/ARM.CMSIS.4.1.0.pack
                ARM::CMSIS:CORE:3.30.0
                CMSIS (Cortex Microcontroller Software Interface Standard)
   * Component: CORE Version: 3.30.0

<h2>Collection of Component include folders:</h2>
  G:\InSchool\工作室\项目\辅助盲人出行的智能可穿戴设备\代码\智能拐杖\拐杖代码20180317\Project\RVMDK（uv4）\RTE
  G:\software\keil5\ARM\PACK\ARM\CMSIS\4.1.0\CMSIS\Include
  G:\software\keil5\ARM\PACK\Keil\STM32F1xx_DFP\2.0.0

<h2>Collection of Component Files used:</h2>

   * Component: ARM::CMSIS:CORE:3.30.0
      Source file:   CMSIS\UserCodeTemplates\ARM\ITM_Retarget.c
</pre>
</body>
</html>
User\gps\gps.c(98): warning:  #1-D: last line of file ends without a newline
  /*********************************************END OF FILE**********************/
..\..\User\gps\gps.c: 1 warning, 0 errors
compiling gps_config.c...
compiling bsp_usart2.c...
compiling bsp_usart3.c...
..\..\User\gprs\bsp_usart3.c(217): warning:  #1256-D: "char" would have been promoted to "int" when passed through the ellipsis parameter; use the latter type instead
                                c = va_arg(ap, char);
..\..\User\gprs\bsp_usart3.c: 1 warning, 0 errors
compiling sim900a.c...
..\..\User\gprs\sim900a.c(144): warning:  #550-D: variable "str" was set but never used
        char str[21];
..\..\User\gprs\sim900a.c(395): warning:  #550-D: variable "str" was set but never used
        char str[16];
..\..\User\gprs\sim900a.c(513): warning:  #177-D: variable "key" was declared but never referenced
        char key[]={"SzvU0ErKlhLnxdGZWWBFrif1q7AQ3Rbh"};//密钥
..\..\User\gprs\sim900a.c: 3 warnings, 0 errors
compiling context.c...
compiling generate.c...
compiling generator.c...
compiling gmath.c...
..\..\User\nmea_decode\src\gmath.c(166): warning:  #550-D: variable "tan_sigma" was set but never used
          double tmp1, tmp2, tan_sigma, sin_alpha, cos_alpha, C, lambda_prev; 
..\..\User\nmea_decode\src\gmath.c(264): warning:  #550-D: variable "tan_sigma1" was set but never used
      double tan_sigma1, sigma1, sin_alpha, cos_alpha, sqr_cos_alpha, sqr_u, A, B;
..\..\User\nmea_decode\src\gmath.c(264): warning:  #550-D: variable "cos_alpha" was set but never used
      double tan_sigma1, sigma1, sin_alpha, cos_alpha, sqr_cos_alpha, sqr_u, A, B;
..\..\User\nmea_decode\src\gmath.c: 3 warnings, 0 errors
compiling info.c...
compiling parse.c...
compiling parser.c...
compiling tok.c...
compiling time.c...
compiling sentence.c...
compiling bsp_GeneralTim.c...
compiling UltrasonicWave.c...
..\..\User\UltrasonicWave\UltrasonicWave.c(188): warning:  #177-D: variable "i" was declared but never referenced
        int i= 0;       
..\..\User\UltrasonicWave\UltrasonicWave.c(25): warning:  #177-D: variable "index" was declared but never referenced
  static int8_t index = 0;
..\..\User\UltrasonicWave\UltrasonicWave.c: 2 warnings, 0 errors
compiling bsp_delay.c...
compiling bsp_angle.c...
compiling bsp_exti.c...
linking...
Program Size: Code=25048 RO-data=676 RW-data=112 ZI-data=6288  
FromELF: creating hex file...
"..\..\Output\Template.axf" - 0 Error(s), 10 Warning(s).

<h2>Software Packages used:</h2>

Package Vendor: ARM
                http://www.keil.com/pack/ARM.CMSIS.4.1.0.pack
                ARM::CMSIS:CORE:3.30.0
                CMSIS (Cortex Microcontroller Software Interface Standard)
   * Component: CORE Version: 3.30.0

<h2>Collection of Component include folders:</h2>
  G:\InSchool\工作室\项目\辅助盲人出行的智能可穿戴设备\代码\智能拐杖\拐杖代码20180317\Project\RVMDK（uv4）\RTE
  G:\software\keil5\ARM\PACK\ARM\CMSIS\4.1.0\CMSIS\Include
  G:\software\keil5\ARM\PACK\Keil\STM32F1xx_DFP\2.0.0

<h2>Collection of Component Files used:</h2>

   * Component: ARM::CMSIS:CORE:3.30.0
      Source file:   CMSIS\UserCodeTemplates\ARM\ITM_Retarget.c
Load "..\\..\\Output\\Template.axf" 
Set JLink Project File to "G:\InSchool\工作室\项目\辅助盲人出行的智能可穿戴设备\代码\智能拐杖\拐杖代码20180317\Project\RVMDK（uv4）\JLinkSettings.ini"
* JLink Info: Device "STM32F103RC" selected (256 KB flash, 48 KB RAM).
 
JLink info:
------------
DLL: V4.80g, compiled Feb 13 2014 20:50:02
Firmware: J-Link V9 compiled Mar  2 2018 17:07:57
Hardware: V9.30
S/N : 59304865 
Feature(s) : RDI, GDB, FlashDL, FlashBP, JFlash 
 
* JLink Info: TotalIRLen = 9, IRPrint = 0x0011
* JLink Info: TotalIRLen = 9, IRPrint = 0x0011
* JLink Info: Found Cortex-M3 r1p1, Little endian.
* JLink Info: FPUnit: 6 code (BP) slots and 2 literal slots
* JLink Info: TPIU fitted.
* JLink Info: ETM fitted.
ROMTableAddr = 0xE00FF003
 
Target info:
------------
Device: STM32F103RC
VTarget = 3.322V
State of Pins: 
TCK: 1, TDI: 0, TDO: 1, TMS: 0, TRES: 1, TRST: 1
Hardware-Breakpoints: 6
Software-Breakpoints: 8192
Watchpoints:          4
JTAG speed: 1000 kHz
 
Erase Done.
Programming Done.
Verify OK.
Application running ...
