<html>
<body>
<pre>
<h1>礦ision Build Log</h1>
<h2>Tool Versions:</h2>
IDE-Version: μVision V5.25.2.0
Copyright (C) 2018 ARM Ltd and ARM Germany GmbH. All rights reserved.
License Information: Administrator,  , LIC=KRMQD-8XJII-445SX-HAYX9-JTC56-8W3QA
 
Tool Versions:
Toolchain:       MDK-ARM Plus  Version: 5.25.2.0
Toolchain Path:  G:\Keil_v5\ARM\ARMCC\Bin
C Compiler:      Armcc.exe V5.06 update 6 (build 750)
Assembler:       Armasm.exe V5.06 update 6 (build 750)
Linker/Locator:  ArmLink.exe V5.06 update 6 (build 750)
Library Manager: ArmAr.exe V5.06 update 6 (build 750)
Hex Converter:   FromElf.exe V5.06 update 6 (build 750)
CPU DLL:         SARMCM3.DLL V5.25.2.0
Dialog DLL:      DCM.DLL V1.17.1.0
Target DLL:      Segger\JL2CM3.dll V2.99.29.0
Dialog DLL:      TCM.DLL V1.35.1.0
 
<h2>Project:</h2>
G:\眼镜\work\WalkingStick\codes\Project\RVMDK（uv4）\iSO-STM32.uvprojx
Project File Date:  08/17/2018

<h2>Output:</h2>
*** Using Compiler 'V5.06 update 6 (build 750)', folder: 'G:\Keil_v5\ARM\ARMCC\Bin'
Build target '智能拐杖'
compiling system_stm32f10x.c...
compiling misc.c...
assembling startup_stm32f10x_hd.s...
compiling core_cm3.c...
compiling stm32f10x_adc.c...
compiling stm32f10x_bkp.c...
compiling stm32f10x_can.c...
compiling stm32f10x_crc.c...
compiling stm32f10x_cec.c...
compiling stm32f10x_dac.c...
compiling stm32f10x_dbgmcu.c...
compiling stm32f10x_dma.c...
compiling stm32f10x_exti.c...
compiling stm32f10x_fsmc.c...
compiling stm32f10x_flash.c...
compiling stm32f10x_gpio.c...
compiling stm32f10x_i2c.c...
compiling stm32f10x_iwdg.c...
compiling stm32f10x_rtc.c...
compiling stm32f10x_rcc.c...
compiling stm32f10x_pwr.c...
compiling stm32f10x_sdio.c...
compiling stm32f10x_spi.c...
compiling stm32f10x_usart.c...
compiling stm32f10x_tim.c...
compiling stm32f10x_wwdg.c...
compiling main.c...
compiling bsp_SysTick.c...
compiling stm32f10x_it.c...
..\..\User\stm32f10x_it.c(180): warning:  #550-D: variable "lo"  was set but never used
  	float lo, la;			//存放GPS数据
..\..\User\stm32f10x_it.c(180): warning:  #550-D: variable "la"  was set but never used
  	float lo, la;			//存放GPS数据
..\..\User\stm32f10x_it.c: 2 warnings, 0 errors
compiling bsp_usart.c...
compiling context.c...
compiling generate.c...
compiling debug.c...
compiling generator.c...
compiling info.c...
compiling parse.c...
compiling parser.c...
compiling time.c...
compiling tok.c...
compiling gmath.c...
..\..\User\nmea_decode\src\gmath.c(166): warning:  #550-D: variable "tan_sigma"  was set but never used
          double tmp1, tmp2, tan_sigma, sin_alpha, cos_alpha, C, lambda_prev; 
..\..\User\nmea_decode\src\gmath.c(264): warning:  #550-D: variable "tan_sigma1"  was set but never used
      double tan_sigma1, sigma1, sin_alpha, cos_alpha, sqr_cos_alpha, sqr_u, A, B;
..\..\User\nmea_decode\src\gmath.c(264): warning:  #550-D: variable "cos_alpha"  was set but never used
      double tan_sigma1, sigma1, sin_alpha, cos_alpha, sqr_cos_alpha, sqr_u, A, B;
..\..\User\nmea_decode\src\gmath.c: 3 warnings, 0 errors
compiling sentence.c...
compiling bsp_delay.c...
compiling UltrasonicWave.c...
compiling waveConfig.c...
compiling bsp_angle.c...
compiling bsp_exti.c...
compiling gprs.c...
..\..\User\GPRS\gprs.c(298): warning:  #223-D: function "my_printf" declared implicitly
  	my_printf("GPRS传输help功能启动.......................\r\n");
..\..\User\GPRS\gprs.c(295): warning:  #177-D: variable "i"  was declared but never referenced
  	u8  i;
..\..\User\GPRS\gprs.c(327): warning:  #223-D: function "my_printf" declared implicitly
  	my_printf("GPRS传输坐标功能启动.......................\r\n");
..\..\User\GPRS\gprs.c(323): warning:  #177-D: variable "i"  was declared but never referenced
  	u8  i;
..\..\User\GPRS\gprs.c: 4 warnings, 0 errors
compiling gps.c...
..\..\User\gps\gps.c(76): warning:  #223-D: function "my_printf" declared implicitly
  	  	my_printf("ERROR%d\r\n",num);
..\..\User\gps\gps.c(89): warning:  #223-D: function "my_printf" declared implicitly
  		my_printf("**************\r\n");
..\..\User\gps\gps.c(171): warning:  #223-D: function "my_printf" declared implicitly
  			my_printf("GPS DATA is not usefull!\r\n");
..\..\User\gps\gps.c: 3 warnings, 0 errors
compiling timer.c...
compiling bsp_usart4.c...
linking...
Program Size: Code=22464 RO-data=792 RW-data=144 ZI-data=1544  
FromELF: creating hex file...
"..\..\Output\Template.axf" - 0 Error(s), 12 Warning(s).

<h2>Software Packages used:</h2>

Package Vendor: ARM
                http://www.keil.com/pack/ARM.CMSIS.5.3.0.pack
                ARM.CMSIS.5.3.0
                CMSIS (Cortex Microcontroller Software Interface Standard)
   * Component: CORE Version: 5.1.1

Package Vendor: Keil
                http://www.keil.com/pack/Keil.STM32F1xx_DFP.2.2.0.pack
                Keil.STM32F1xx_DFP.2.2.0
                STMicroelectronics STM32F1 Series Device Support, Drivers and Examples

<h2>Collection of Component include folders:</h2>
  .\RTE\_________
  G:\Keil_v5\ARM\PACK\ARM\CMSIS\5.3.0\CMSIS\Include
  G:\Keil_v5\ARM\PACK\Keil\STM32F1xx_DFP\2.2.0\Device\Include

<h2>Collection of Component Files used:</h2>

   * Component: ARM::CMSIS:CORE:5.1.1
Build Time Elapsed:  00:00:15
</pre>
</body>
</html>
