<html>
<body>
<pre>
<h1>礦ision Build Log</h1>
<h2>Project:</h2>
G:\QGStudio\Project\BlindTravelEquipment\codes\WalkingStick\codes\Project\RVMDK（uv4）\iSO-STM32.uvprojx
Project File Date:  08/08/2018

<h2>Output:</h2>
Build target '智能拐杖'
compiling main.c...
..\..\User\main.c(46): warning:  #177-D: variable "ret" was declared but never referenced
        int ret;
..\..\User\main.c(47): warning:  #550-D: variable "angle" was set but never used
        int angle=0; 
..\..\User\main.c(48): warning:  #177-D: variable "i" was declared but never referenced
        int i=0;
..\..\User\main.c(49): warning:  #177-D: variable "num" was declared but never referenced
        int num[AVER_NUM];                                                                               //保存超声波数据
..\..\User\main.c(51): warning:  #177-D: variable "sendByBlueTooth" was declared but never referenced
        int sendByBlueTooth[MAX_SEND];                     //发送避障数据以及方位数据
..\..\User\main.c(52): warning:  #177-D: variable "XX" was declared but never referenced
        int XX[5]={1,2,3,4,5};
..\..\User\main.c: 6 warnings, 0 errors
compiling stm32f10x_it.c...
..\..\User\stm32f10x_it.c(179): warning:  #550-D: variable "lo" was set but never used
        float lo, la;                   //存放GPS数据
..\..\User\stm32f10x_it.c(179): warning:  #550-D: variable "la" was set but never used
        float lo, la;                   //存放GPS数据
..\..\User\stm32f10x_it.c(394): warning:  #177-D: variable "i" was declared but never referenced
        int i;
..\..\User\stm32f10x_it.c: 3 warnings, 0 errors
compiling bsp_usart.c...
linking...
Program Size: Code=22224 RO-data=816 RW-data=144 ZI-data=1544  
FromELF: creating hex file...
"..\..\Output\Template.axf" - 0 Error(s), 9 Warning(s).

<h2>Software Packages used:</h2>

Package Vendor: ARM
                http://www.keil.com/pack/ARM.CMSIS.4.1.0.pack
                ARM::CMSIS:CORE:3.30.0
                CMSIS (Cortex Microcontroller Software Interface Standard)
   * Component: CORE Version: 3.30.0

<h2>Collection of Component include folders:</h2>
  G:\QGStudio\Project\BlindTravelEquipment\codes\WalkingStick\codes\Project\RVMDK（uv4）\RTE
  G:\software\keil5\ARM\PACK\ARM\CMSIS\4.1.0\CMSIS\Include
  G:\software\keil5\ARM\PACK\Keil\STM32F1xx_DFP\2.0.0

<h2>Collection of Component Files used:</h2>

   * Component: ARM::CMSIS:CORE:3.30.0
      Source file:   CMSIS\UserCodeTemplates\ARM\ITM_Retarget.c
Load "..\\..\\Output\\Template.axf" 
Error: Flash Download failed  -  Target DLL has been cancelled
Load "..\\..\\Output\\Template.axf" 
Set JLink Project File to "G:\QGStudio\Project\BlindTravelEquipment\codes\WalkingStick\codes\Project\RVMDK（uv4）\JLinkSettings.ini"
* JLink Info: Device "STM32F103ZE" selected (512 KB flash, 64 KB RAM).
 
JLink info:
------------
DLL: V4.80g, compiled Feb 13 2014 20:50:02
Firmware: J-Link V9 compiled Mar  2 2018 17:07:57
Hardware: V9.30
S/N : 59304865 
Feature(s) : RDI, GDB, FlashDL, FlashBP, JFlash 
 
* JLink Info: TotalIRLen = 9, IRPrint = 0x0011
* JLink Info: TotalIRLen = 9, IRPrint = 0x0011
* JLink Info: Found Cortex-M3 r1p1, Little endian.
* JLink Info: FPUnit: 6 code (BP) slots and 2 literal slots
* JLink Info: TPIU fitted.
* JLink Info: ETM fitted.
ROMTableAddr = 0xE00FF003
 
Target info:
------------
Device: STM32F103ZE
VTarget = 3.317V
State of Pins: 
TCK: 1, TDI: 0, TDO: 1, TMS: 0, TRES: 1, TRST: 1
Hardware-Breakpoints: 6
Software-Breakpoints: 8192
Watchpoints:          4
JTAG speed: 2000 kHz
 
Erase Done.
Programming Done.
Verify OK.
Application running ...
</pre>
</body>
</html>
