<html>
<body>
<pre>
<h1>礦ision Build Log</h1>
<h2>Project:</h2>
G:\QGStudio\Project\BlindTravelEquipment\codes\WalkingStick\codes\Project\RVMDK（uv4）\iSO-STM32.uvprojx
Project File Date:  06/29/2018

<h2>Output:</h2>
Build target '智能拐杖'
compiling core_cm3.c...
compiling system_stm32f10x.c...
compiling misc.c...
compiling stm32f10x_adc.c...
compiling stm32f10x_bkp.c...
compiling stm32f10x_can.c...
compiling stm32f10x_cec.c...
compiling stm32f10x_crc.c...
compiling stm32f10x_dac.c...
compiling stm32f10x_dbgmcu.c...
compiling stm32f10x_dma.c...
compiling stm32f10x_exti.c...
compiling stm32f10x_flash.c...
compiling stm32f10x_fsmc.c...
compiling stm32f10x_gpio.c...
compiling stm32f10x_i2c.c...
compiling stm32f10x_iwdg.c...
compiling stm32f10x_pwr.c...
compiling stm32f10x_rcc.c...
compiling stm32f10x_rtc.c...
compiling stm32f10x_sdio.c...
compiling stm32f10x_spi.c...
compiling stm32f10x_tim.c...
compiling stm32f10x_usart.c...
compiling stm32f10x_wwdg.c...
compiling main.c...
..\..\User\main.c(43): warning:  #177-D: variable "ret" was declared but never referenced
        int ret;
..\..\User\main.c(44): warning:  #177-D: variable "angle" was declared but never referenced
        int angle=0; 
..\..\User\main.c(45): warning:  #177-D: variable "i" was declared but never referenced
        int i=0;
..\..\User\main.c(46): warning:  #177-D: variable "num" was declared but never referenced
        int num[AVER_NUM];                                                                               //保存超声波数据
..\..\User\main.c(48): warning:  #177-D: variable "sendByBlueTooth" was declared but never referenced
        int sendByBlueTooth[MAX_SEND];                     //发送避障数据以及方位数据
..\..\User\main.c: 5 warnings, 0 errors
compiling stm32f10x_it.c...
..\..\User\stm32f10x_it.c(179): warning:  #550-D: variable "lo" was set but never used
        float lo, la;                   //存放GPS数据
..\..\User\stm32f10x_it.c(179): warning:  #550-D: variable "la" was set but never used
        float lo, la;                   //存放GPS数据
..\..\User\stm32f10x_it.c: 2 warnings, 0 errors
compiling bsp_SysTick.c...
compiling bsp_usart1.c...
compiling context.c...
compiling generate.c...
compiling generator.c...
compiling gmath.c...
..\..\User\nmea_decode\src\gmath.c(166): warning:  #550-D: variable "tan_sigma" was set but never used
          double tmp1, tmp2, tan_sigma, sin_alpha, cos_alpha, C, lambda_prev; 
..\..\User\nmea_decode\src\gmath.c(264): warning:  #550-D: variable "tan_sigma1" was set but never used
      double tan_sigma1, sigma1, sin_alpha, cos_alpha, sqr_cos_alpha, sqr_u, A, B;
..\..\User\nmea_decode\src\gmath.c(264): warning:  #550-D: variable "cos_alpha" was set but never used
      double tan_sigma1, sigma1, sin_alpha, cos_alpha, sqr_cos_alpha, sqr_u, A, B;
..\..\User\nmea_decode\src\gmath.c: 3 warnings, 0 errors
compiling info.c...
compiling parse.c...
compiling parser.c...
compiling tok.c...
compiling time.c...
compiling sentence.c...
compiling UltrasonicWave.c...
compiling bsp_delay.c...
compiling waveConfig.c...
compiling bsp_angle.c...
compiling bsp_exti.c...
compiling gps.c...
..\..\User\gps\gps.c(115): warning:  #111-D: statement is unreachable
                                                a=(int)(atof(Save_Data.longitude)/100);
..\..\User\gps\gps.c: 1 warning, 0 errors
compiling gprs.c...
..\..\User\GPRS\gprs.c(36): warning:  #177-D: variable "esc_char" was declared but never referenced
        char esc_char[2];
..\..\User\GPRS\gprs.c: 1 warning, 0 errors
compiling timer.c...
compiling bsp_usart4.c...
linking...
Program Size: Code=20008 RO-data=656 RW-data=120 ZI-data=1560  
FromELF: creating hex file...
"..\..\Output\Template.axf" - 0 Error(s), 12 Warning(s).

<h2>Software Packages used:</h2>

Package Vendor: ARM
                http://www.keil.com/pack/ARM.CMSIS.4.1.0.pack
                ARM::CMSIS:CORE:3.30.0
                CMSIS (Cortex Microcontroller Software Interface Standard)
   * Component: CORE Version: 3.30.0

<h2>Collection of Component include folders:</h2>
  G:\QGStudio\Project\BlindTravelEquipment\codes\WalkingStick\codes\Project\RVMDK（uv4）\RTE
  G:\software\keil5\ARM\PACK\ARM\CMSIS\4.1.0\CMSIS\Include
  G:\software\keil5\ARM\PACK\Keil\STM32F1xx_DFP\2.0.0

<h2>Collection of Component Files used:</h2>

   * Component: ARM::CMSIS:CORE:3.30.0
      Source file:   CMSIS\UserCodeTemplates\ARM\ITM_Retarget.c
</pre>
</body>
</html>
