<html>
<body>
<pre>
<h1>礦ision Build Log</h1>
<h2>Tool Versions:</h2>
IDE-Version: μVision V5.25.2.0
Copyright (C) 2018 ARM Ltd and ARM Germany GmbH. All rights reserved.
License Information: Administrator,  , LIC=KRMQD-8XJII-445SX-HAYX9-JTC56-8W3QA
 
Tool Versions:
Toolchain:       MDK-ARM Plus  Version: 5.25.2.0
Toolchain Path:  G:\Keil_v5\ARM\ARMCC\Bin
C Compiler:      Armcc.exe V5.06 update 6 (build 750)
Assembler:       Armasm.exe V5.06 update 6 (build 750)
Linker/Locator:  ArmLink.exe V5.06 update 6 (build 750)
Library Manager: ArmAr.exe V5.06 update 6 (build 750)
Hex Converter:   FromElf.exe V5.06 update 6 (build 750)
CPU DLL:         SARMCM3.DLL V5.25.2.0
Dialog DLL:      DCM.DLL V1.17.1.0
Target DLL:      STLink\ST-LINKIII-KEIL_SWO.dll V3.0.1.0
Dialog DLL:      TCM.DLL V1.35.1.0
 
<h2>Project:</h2>
G:\眼镜\work\WalkingStick\codes\Project\RVMDK（uv4）\iSO-STM32.uvprojx
Project File Date:  08/05/2018

<h2>Output:</h2>
*** Using Compiler 'V5.06 update 6 (build 750)', folder: 'G:\Keil_v5\ARM\ARMCC\Bin'
Build target '智能拐杖'
compiling main.c...
..\..\User\main.c(46): warning:  #177-D: variable "ret"  was declared but never referenced
  	int ret;
..\..\User\main.c(47): warning:  #550-D: variable "angle"  was set but never used
  	int angle=0; 
..\..\User\main.c(48): warning:  #177-D: variable "i"  was declared but never referenced
  	int i=0;
..\..\User\main.c(49): warning:  #177-D: variable "num"  was declared but never referenced
  	int num[AVER_NUM];									         //保存超声波数据
..\..\User\main.c(51): warning:  #177-D: variable "sendByBlueTooth"  was declared but never referenced
  	int sendByBlueTooth[MAX_SEND];		           //发送避障数据以及方位数据
..\..\User\main.c(52): warning:  #177-D: variable "XX"  was declared but never referenced
  	int XX[5]={1,2,3,4,5};
..\..\User\main.c: 6 warnings, 0 errors
linking...
Program Size: Code=22400 RO-data=816 RW-data=144 ZI-data=1544  
FromELF: creating hex file...
"..\..\Output\Template.axf" - 0 Error(s), 6 Warning(s).

<h2>Software Packages used:</h2>

Package Vendor: ARM
                http://www.keil.com/pack/ARM.CMSIS.5.3.0.pack
                ARM.CMSIS.5.3.0
                CMSIS (Cortex Microcontroller Software Interface Standard)
   * Component: CORE Version: 5.1.1

Package Vendor: Keil
                http://www.keil.com/pack/Keil.STM32F1xx_DFP.2.2.0.pack
                Keil.STM32F1xx_DFP.2.2.0
                STMicroelectronics STM32F1 Series Device Support, Drivers and Examples

<h2>Collection of Component include folders:</h2>
  .\RTE\_________
  G:\Keil_v5\ARM\PACK\ARM\CMSIS\5.3.0\CMSIS\Include
  G:\Keil_v5\ARM\PACK\Keil\STM32F1xx_DFP\2.2.0\Device\Include

<h2>Collection of Component Files used:</h2>

   * Component: ARM::CMSIS:CORE:5.1.1
Build Time Elapsed:  00:00:01
</pre>
</body>
</html>
