<html>
<body>
<pre>
<h1>礦ision Build Log</h1>
<h2>Project:</h2>
G:\QGStudio\Project\BlindTravelEquipment\codes\WalkingStick\codes\Project\RVMDK（uv4）\iSO-STM32.uvprojx
Project File Date:  03/25/2018

<h2>Output:</h2>
Build target '智能拐杖'
assembling startup_stm32f10x_hd.s...
compiling core_cm3.c...
compiling system_stm32f10x.c...
compiling misc.c...
compiling stm32f10x_adc.c...
compiling stm32f10x_bkp.c...
compiling stm32f10x_can.c...
compiling stm32f10x_cec.c...
compiling stm32f10x_crc.c...
compiling stm32f10x_dac.c...
compiling stm32f10x_dbgmcu.c...
compiling stm32f10x_dma.c...
compiling stm32f10x_exti.c...
compiling stm32f10x_flash.c...
compiling stm32f10x_fsmc.c...
compiling stm32f10x_gpio.c...
compiling stm32f10x_i2c.c...
compiling stm32f10x_iwdg.c...
compiling stm32f10x_pwr.c...
compiling stm32f10x_rcc.c...
compiling stm32f10x_rtc.c...
compiling stm32f10x_sdio.c...
compiling stm32f10x_spi.c...
compiling stm32f10x_tim.c...
compiling stm32f10x_usart.c...
compiling stm32f10x_wwdg.c...
compiling main.c...
..\..\User\main.c(57): warning:  #111-D: statement is unreachable
    I2C_GPIO_Config();                                                                  //方位模块的初始化
..\..\User\main.c(39): warning:  #177-D: variable "angle" was declared but never referenced
        int angle;     
..\..\User\main.c: 2 warnings, 0 errors
compiling stm32f10x_it.c...
compiling bsp_SysTick.c...
compiling bsp_usart1.c...
compiling gps.c...
..\..\User\gps\gps.c(98): warning:  #1-D: last line of file ends without a newline
  /*********************************************END OF FILE**********************/
..\..\User\gps\gps.c: 1 warning, 0 errors
compiling gps_config.c...
compiling bsp_usart2.c...
compiling bsp_usart3.c...
..\..\User\gprs\bsp_usart3.c(217): warning:  #1256-D: "char" would have been promoted to "int" when passed through the ellipsis parameter; use the latter type instead
                                c = va_arg(ap, char);
..\..\User\gprs\bsp_usart3.c: 1 warning, 0 errors
compiling sim900a.c...
..\..\User\gprs\sim900a.c(144): warning:  #550-D: variable "str" was set but never used
        char str[21];
..\..\User\gprs\sim900a.c(395): warning:  #550-D: variable "str" was set but never used
        char str[16];
..\..\User\gprs\sim900a.c(513): warning:  #177-D: variable "key" was declared but never referenced
        char key[]={"SzvU0ErKlhLnxdGZWWBFrif1q7AQ3Rbh"};//密钥
..\..\User\gprs\sim900a.c: 3 warnings, 0 errors
compiling context.c...
compiling generate.c...
compiling generator.c...
compiling gmath.c...
..\..\User\nmea_decode\src\gmath.c(166): warning:  #550-D: variable "tan_sigma" was set but never used
          double tmp1, tmp2, tan_sigma, sin_alpha, cos_alpha, C, lambda_prev; 
..\..\User\nmea_decode\src\gmath.c(264): warning:  #550-D: variable "tan_sigma1" was set but never used
      double tan_sigma1, sigma1, sin_alpha, cos_alpha, sqr_cos_alpha, sqr_u, A, B;
..\..\User\nmea_decode\src\gmath.c(264): warning:  #550-D: variable "cos_alpha" was set but never used
      double tan_sigma1, sigma1, sin_alpha, cos_alpha, sqr_cos_alpha, sqr_u, A, B;
..\..\User\nmea_decode\src\gmath.c: 3 warnings, 0 errors
compiling info.c...
compiling parse.c...
compiling parser.c...
compiling tok.c...
compiling time.c...
compiling sentence.c...
compiling bsp_GeneralTim.c...
compiling UltrasonicWave.c...
..\..\User\UltrasonicWave\UltrasonicWave.c(188): warning:  #177-D: variable "i" was declared but never referenced
        int i= 0;       
..\..\User\UltrasonicWave\UltrasonicWave.c(25): warning:  #177-D: variable "index" was declared but never referenced
  static int8_t index = 0;
..\..\User\UltrasonicWave\UltrasonicWave.c: 2 warnings, 0 errors
compiling bsp_delay.c...
compiling bsp_angle.c...
compiling bsp_exti.c...
linking...
Program Size: Code=16584 RO-data=336 RW-data=80 ZI-data=2216  
FromELF: creating hex file...
"..\..\Output\Template.axf" - 0 Error(s), 12 Warning(s).

<h2>Software Packages used:</h2>

Package Vendor: ARM
                http://www.keil.com/pack/ARM.CMSIS.4.1.0.pack
                ARM::CMSIS:CORE:3.30.0
                CMSIS (Cortex Microcontroller Software Interface Standard)
   * Component: CORE Version: 3.30.0

<h2>Collection of Component include folders:</h2>
  G:\QGStudio\Project\BlindTravelEquipment\codes\WalkingStick\codes\Project\RVMDK（uv4）\RTE
  G:\software\keil5\ARM\PACK\ARM\CMSIS\4.1.0\CMSIS\Include
  G:\software\keil5\ARM\PACK\Keil\STM32F1xx_DFP\2.0.0

<h2>Collection of Component Files used:</h2>

   * Component: ARM::CMSIS:CORE:3.30.0
      Source file:   CMSIS\UserCodeTemplates\ARM\ITM_Retarget.c
</pre>
</body>
</html>
