<html>
<body>
<pre>
<h1>礦ision Build Log</h1>
<h2>Project:</h2>
G:\QGStudio\Project\BlindTravelEquipment\codes\WalkingStick\codes\Project\RVMDK（uv4）\iSO-STM32.uvprojx
Project File Date:  03/25/2018

<h2>Output:</h2>
Build target '智能拐杖'
compiling main.c...
..\..\User\main.c(45): warning:  #177-D: variable "sendByBlueTooth" was declared but never referenced
        int sendByBlueTooth[MAX_SEND];            //发送避障数据以及方位数据
..\..\User\main.c: 1 warning, 0 errors
compiling stm32f10x_it.c...
compiling bsp_usart1.c...
compiling gps.c...
..\..\User\gps\gps.c(93): warning:  #1-D: last line of file ends without a newline
  /*********************************************END OF FILE**********************/
..\..\User\gps\gps.c: 1 warning, 0 errors
compiling gps_config.c...
compiling UltrasonicWave.c...
..\..\User\UltrasonicWave\UltrasonicWave.c(188): warning:  #177-D: variable "i" was declared but never referenced
        int i= 0;       
..\..\User\UltrasonicWave\UltrasonicWave.c(25): warning:  #177-D: variable "index" was declared but never referenced
  static int8_t index = 0;
..\..\User\UltrasonicWave\UltrasonicWave.c: 2 warnings, 0 errors
compiling bsp_delay.c...
compiling bsp_angle.c...
linking...
Program Size: Code=29088 RO-data=836 RW-data=156 ZI-data=6316  
FromELF: creating hex file...
"..\..\Output\Template.axf" - 0 Error(s), 4 Warning(s).

<h2>Software Packages used:</h2>

Package Vendor: ARM
                http://www.keil.com/pack/ARM.CMSIS.4.1.0.pack
                ARM::CMSIS:CORE:3.30.0
                CMSIS (Cortex Microcontroller Software Interface Standard)
   * Component: CORE Version: 3.30.0

<h2>Collection of Component include folders:</h2>
  G:\QGStudio\Project\BlindTravelEquipment\codes\WalkingStick\codes\Project\RVMDK（uv4）\RTE
  G:\software\keil5\ARM\PACK\ARM\CMSIS\4.1.0\CMSIS\Include
  G:\software\keil5\ARM\PACK\Keil\STM32F1xx_DFP\2.0.0

<h2>Collection of Component Files used:</h2>

   * Component: ARM::CMSIS:CORE:3.30.0
      Source file:   CMSIS\UserCodeTemplates\ARM\ITM_Retarget.c
</pre>
</body>
</html>
