<html>
<body>
<pre>
<h1>礦ision Build Log</h1>
<h2>Project:</h2>
G:\QGStudio\Project\BlindTravelEquipment\codes\WalkingStick\codes\Project\RVMDK（uv4）\iSO-STM32.uvprojx
Project File Date:  08/12/2018

<h2>Output:</h2>
Build target '智能拐杖'
compiling main.c...
..\..\User\main.c(47): warning:  #177-D: variable "ret" was declared but never referenced
        int ret;
..\..\User\main.c(49): warning:  #177-D: variable "i" was declared but never referenced
        int i=0;
..\..\User\main.c(50): warning:  #177-D: variable "num" was declared but never referenced
        int num[AVER_NUM];                                                                               //保存超声波数据
..\..\User\main.c(52): warning:  #177-D: variable "sendByBlueTooth" was declared but never referenced
        int sendByBlueTooth[MAX_SEND];                     //发送避障数据以及方位数据
..\..\User\main.c(53): warning:  #177-D: variable "XX" was declared but never referenced
        int XX[5]={1,2,3,4,5};
..\..\User\main.c: 5 warnings, 0 errors
compiling gps.c...
..\..\User\gps\gps.c(76): warning:  #223-D: function "my_printf" declared implicitly
                my_printf("ERROR%d\r\n",num);
..\..\User\gps\gps.c(89): warning:  #223-D: function "my_printf" declared implicitly
                my_printf("**************\r\n");
..\..\User\gps\gps.c(174): warning:  #223-D: function "my_printf" declared implicitly
                        my_printf("GPS DATA is not usefull!\r\n");
..\..\User\gps\gps.c: 3 warnings, 0 errors
compiling gprs.c...
..\..\User\GPRS\gprs.c(298): warning:  #223-D: function "my_printf" declared implicitly
        my_printf("GPRS传输help功能启动.......................\r\n");
..\..\User\GPRS\gprs.c(295): warning:  #177-D: variable "i" was declared but never referenced
        u8  i;
..\..\User\GPRS\gprs.c(332): warning:  #223-D: function "my_printf" declared implicitly
        my_printf("GPRS传输坐标功能启动.......................\r\n");
..\..\User\GPRS\gprs.c(328): warning:  #177-D: variable "i" was declared but never referenced
        u8  i;
..\..\User\GPRS\gprs.c: 4 warnings, 0 errors
linking...
Program Size: Code=22348 RO-data=812 RW-data=148 ZI-data=1540  
FromELF: creating hex file...
"..\..\Output\Template.axf" - 0 Error(s), 12 Warning(s).

<h2>Software Packages used:</h2>

Package Vendor: ARM
                http://www.keil.com/pack/ARM.CMSIS.4.1.0.pack
                ARM::CMSIS:CORE:3.30.0
                CMSIS (Cortex Microcontroller Software Interface Standard)
   * Component: CORE Version: 3.30.0

<h2>Collection of Component include folders:</h2>
  G:\QGStudio\Project\BlindTravelEquipment\codes\WalkingStick\codes\Project\RVMDK（uv4）\RTE
  G:\software\keil5\ARM\PACK\ARM\CMSIS\4.1.0\CMSIS\Include
  G:\software\keil5\ARM\PACK\Keil\STM32F1xx_DFP\2.0.0

<h2>Collection of Component Files used:</h2>

   * Component: ARM::CMSIS:CORE:3.30.0
      Source file:   CMSIS\UserCodeTemplates\ARM\ITM_Retarget.c
